Archive member included to satisfy reference by file (symbol)

c:/st/stm32cubeide_1.12.0/stm32cubeide/plugins/com.st.stm32cube.ide.mcu.externaltools.gnu-tools-for-stm32.10.3-2021.10.win32_1.0.200.202301161003/tools/bin/../lib/gcc/arm-none-eabi/10.3.1/../../../../arm-none-eabi/lib/thumb/v6-m/nofp\libc_nano.a(lib_a-atoi.o)
                              ./Core/Src/command.o (atoi)
c:/st/stm32cubeide_1.12.0/stm32cubeide/plugins/com.st.stm32cube.ide.mcu.externaltools.gnu-tools-for-stm32.10.3-2021.10.win32_1.0.200.202301161003/tools/bin/../lib/gcc/arm-none-eabi/10.3.1/../../../../arm-none-eabi/lib/thumb/v6-m/nofp\libc_nano.a(lib_a-errno.o)
                              ./Core/Src/syscalls.o (__errno)
c:/st/stm32cubeide_1.12.0/stm32cubeide/plugins/com.st.stm32cube.ide.mcu.externaltools.gnu-tools-for-stm32.10.3-2021.10.win32_1.0.200.202301161003/tools/bin/../lib/gcc/arm-none-eabi/10.3.1/../../../../arm-none-eabi/lib/thumb/v6-m/nofp\libc_nano.a(lib_a-exit.o)
                              c:/st/stm32cubeide_1.12.0/stm32cubeide/plugins/com.st.stm32cube.ide.mcu.externaltools.gnu-tools-for-stm32.10.3-2021.10.win32_1.0.200.202301161003/tools/bin/../lib/gcc/arm-none-eabi/10.3.1/../../../../arm-none-eabi/lib/thumb/v6-m/nofp/crt0.o (exit)
c:/st/stm32cubeide_1.12.0/stm32cubeide/plugins/com.st.stm32cube.ide.mcu.externaltools.gnu-tools-for-stm32.10.3-2021.10.win32_1.0.200.202301161003/tools/bin/../lib/gcc/arm-none-eabi/10.3.1/../../../../arm-none-eabi/lib/thumb/v6-m/nofp\libc_nano.a(lib_a-gmtime.o)
                              ./Core/Src/command.o (gmtime)
c:/st/stm32cubeide_1.12.0/stm32cubeide/plugins/com.st.stm32cube.ide.mcu.externaltools.gnu-tools-for-stm32.10.3-2021.10.win32_1.0.200.202301161003/tools/bin/../lib/gcc/arm-none-eabi/10.3.1/../../../../arm-none-eabi/lib/thumb/v6-m/nofp\libc_nano.a(lib_a-gmtime_r.o)
                              c:/st/stm32cubeide_1.12.0/stm32cubeide/plugins/com.st.stm32cube.ide.mcu.externaltools.gnu-tools-for-stm32.10.3-2021.10.win32_1.0.200.202301161003/tools/bin/../lib/gcc/arm-none-eabi/10.3.1/../../../../arm-none-eabi/lib/thumb/v6-m/nofp\libc_nano.a(lib_a-gmtime.o) (gmtime_r)
c:/st/stm32cubeide_1.12.0/stm32cubeide/plugins/com.st.stm32cube.ide.mcu.externaltools.gnu-tools-for-stm32.10.3-2021.10.win32_1.0.200.202301161003/tools/bin/../lib/gcc/arm-none-eabi/10.3.1/../../../../arm-none-eabi/lib/thumb/v6-m/nofp\libc_nano.a(lib_a-impure.o)
                              c:/st/stm32cubeide_1.12.0/stm32cubeide/plugins/com.st.stm32cube.ide.mcu.externaltools.gnu-tools-for-stm32.10.3-2021.10.win32_1.0.200.202301161003/tools/bin/../lib/gcc/arm-none-eabi/10.3.1/../../../../arm-none-eabi/lib/thumb/v6-m/nofp\libc_nano.a(lib_a-exit.o) (_global_impure_ptr)
c:/st/stm32cubeide_1.12.0/stm32cubeide/plugins/com.st.stm32cube.ide.mcu.externaltools.gnu-tools-for-stm32.10.3-2021.10.win32_1.0.200.202301161003/tools/bin/../lib/gcc/arm-none-eabi/10.3.1/../../../../arm-none-eabi/lib/thumb/v6-m/nofp\libc_nano.a(lib_a-init.o)
                              c:/st/stm32cubeide_1.12.0/stm32cubeide/plugins/com.st.stm32cube.ide.mcu.externaltools.gnu-tools-for-stm32.10.3-2021.10.win32_1.0.200.202301161003/tools/bin/../lib/gcc/arm-none-eabi/10.3.1/../../../../arm-none-eabi/lib/thumb/v6-m/nofp/crt0.o (__libc_init_array)
c:/st/stm32cubeide_1.12.0/stm32cubeide/plugins/com.st.stm32cube.ide.mcu.externaltools.gnu-tools-for-stm32.10.3-2021.10.win32_1.0.200.202301161003/tools/bin/../lib/gcc/arm-none-eabi/10.3.1/../../../../arm-none-eabi/lib/thumb/v6-m/nofp\libc_nano.a(lib_a-malloc.o)
                              c:/st/stm32cubeide_1.12.0/stm32cubeide/plugins/com.st.stm32cube.ide.mcu.externaltools.gnu-tools-for-stm32.10.3-2021.10.win32_1.0.200.202301161003/tools/bin/../lib/gcc/arm-none-eabi/10.3.1/../../../../arm-none-eabi/lib/thumb/v6-m/nofp\libc_nano.a(lib_a-gmtime.o) (malloc)
c:/st/stm32cubeide_1.12.0/stm32cubeide/plugins/com.st.stm32cube.ide.mcu.externaltools.gnu-tools-for-stm32.10.3-2021.10.win32_1.0.200.202301161003/tools/bin/../lib/gcc/arm-none-eabi/10.3.1/../../../../arm-none-eabi/lib/thumb/v6-m/nofp\libc_nano.a(lib_a-memcpy-stub.o)
                              ./Core/Src/Util.o (memcpy)
c:/st/stm32cubeide_1.12.0/stm32cubeide/plugins/com.st.stm32cube.ide.mcu.externaltools.gnu-tools-for-stm32.10.3-2021.10.win32_1.0.200.202301161003/tools/bin/../lib/gcc/arm-none-eabi/10.3.1/../../../../arm-none-eabi/lib/thumb/v6-m/nofp\libc_nano.a(lib_a-memset.o)
                              c:/st/stm32cubeide_1.12.0/stm32cubeide/plugins/com.st.stm32cube.ide.mcu.externaltools.gnu-tools-for-stm32.10.3-2021.10.win32_1.0.200.202301161003/tools/bin/../lib/gcc/arm-none-eabi/10.3.1/../../../../arm-none-eabi/lib/thumb/v6-m/nofp/crt0.o (memset)
c:/st/stm32cubeide_1.12.0/stm32cubeide/plugins/com.st.stm32cube.ide.mcu.externaltools.gnu-tools-for-stm32.10.3-2021.10.win32_1.0.200.202301161003/tools/bin/../lib/gcc/arm-none-eabi/10.3.1/../../../../arm-none-eabi/lib/thumb/v6-m/nofp\libc_nano.a(lib_a-nano-freer.o)
[...]
Memory Configuration

Name             Origin             Length             Attributes
RAM              0x0000000020000000 0x0000000000002000 xrw
FLASH            0x0000000008002800 0x000000000000d800 xr
*default*        0x0000000000000000 0xffffffffffffffff

Linker script and memory map

LOAD c:/st/stm32cubeide_1.12.0/stm32cubeide/plugins/com.st.stm32cube.ide.mcu.externaltools.gnu-tools-for-stm32.10.3-2021.10.win32_1.0.200.202301161003/tools/bin/../lib/gcc/arm-none-eabi/10.3.1/thumb/v6-m/nofp/crti.o
LOAD c:/st/stm32cubeide_1.12.0/stm32cubeide/plugins/com.st.stm32cube.ide.mcu.externaltools.gnu-tools-for-stm32.10.3-2021.10.win32_1.0.200.202301161003/tools/bin/../lib/gcc/arm-none-eabi/10.3.1/thumb/v6-m/nofp/crtbegin.o
LOAD c:/st/stm32cubeide_1.12.0/stm32cubeide/plugins/com.st.stm32cube.ide.mcu.externaltools.gnu-tools-for-stm32.10.3-2021.10.win32_1.0.200.202301161003/tools/bin/../lib/gcc/arm-none-eabi/10.3.1/../../../../arm-none-eabi/lib/thumb/v6-m/nofp/crt0.o
LOAD ./Core/Src/DataUtil.o
LOAD ./Core/Src/EMA.o
LOAD ./Core/Src/KalmanFilter.o
LOAD ./Core/Src/LSM6DS3TR.o
LOAD ./Core/Src/SimpleKalmanFilter.o
LOAD ./Core/Src/Util.o
LOAD ./Core/Src/command.o
LOAD ./Core/Src/delay.o
LOAD ./Core/Src/drv_io.o
LOAD ./Core/Src/drv_spi.o
LOAD ./Core/Src/dvr_flash.o
LOAD ./Core/Src/dvr_uart.o
LOAD ./Core/Src/flash.o
LOAD ./Core/Src/main.o
LOAD ./Core/Src/printf-stdarg.o
LOAD ./Core/Src/spi.o
LOAD ./Core/Src/stm32g0xx_hal_msp.o
LOAD ./Core/Src/stm32g0xx_it.o
LOAD ./Core/Src/syscalls.o
LOAD ./Core/Src/sysmem.o
LOAD ./Core/Src/system_g031.o
LOAD ./Core/Src/xprintf.o
LOAD ./Core/Startup/startup_stm32g031c8tx.o
LOAD ./Drivers/STM32G0xx_HAL_Driver/Src/stm32g0xx_hal.o
LOAD ./Drivers/STM32G0xx_HAL_Driver/Src/stm32g0xx_hal_adc.o
LOAD ./Drivers/STM32G0xx_HAL_Driver/Src/stm32g0xx_hal_adc_ex.o
LOAD ./Drivers/STM32G0xx_HAL_Driver/Src/stm32g0xx_hal_cortex.o
LOAD ./Drivers/STM32G0xx_HAL_Driver/Src/stm32g0xx_hal_dma.o
LOAD ./Drivers/STM32G0xx_HAL_Driver/Src/stm32g0xx_hal_dma_ex.o
LOAD ./Drivers/STM32G0xx_HAL_Driver/Src/stm32g0xx_hal_exti.o
LOAD ./Drivers/STM32G0xx_HAL_Driver/Src/stm32g0xx_hal_gpio.o
LOAD ./Drivers/STM32G0xx_HAL_Driver/Src/stm32g0xx_hal_pwr.o
LOAD ./Drivers/STM32G0xx_HAL_Driver/Src/stm32g0xx_hal_pwr_ex.o
LOAD ./Drivers/STM32G0xx_HAL_Driver/Src/stm32g0xx_hal_rcc.o
LOAD ./Drivers/STM32G0xx_HAL_Driver/Src/stm32g0xx_hal_rcc_ex.o
LOAD ./Drivers/STM32G0xx_HAL_Driver/Src/stm32g0xx_hal_tim.o
LOAD ./Drivers/STM32G0xx_HAL_Driver/Src/stm32g0xx_hal_tim_ex.o
LOAD ./Drivers/STM32G0xx_HAL_Driver/Src/stm32g0xx_hal_uart.o
LOAD ./Drivers/STM32G0xx_HAL_Driver/Src/stm32g0xx_hal_uart_ex.o
LOAD ./Drivers/STM32G0xx_HAL_Driver/Src/stm32g0xx_ll_adc.o
LOAD ./Drivers/STM32G0xx_HAL_Driver/Src/stm32g0xx_ll_dma.o
LOAD ./Drivers/STM32G0xx_HAL_Driver/Src/stm32g0xx_ll_rcc.o
START GROUP
LOAD c:/st/stm32cubeide_1.12.0/stm32cubeide/plugins/com.st.stm32cube.ide.mcu.externaltools.gnu-tools-for-stm32.10.3-2021.10.win32_1.0.200.202301161003/tools/bin/../lib/gcc/arm-none-eabi/10.3.1/../../../../arm-none-eabi/lib/thumb/v6-m/nofp\libc_nano.a
LOAD c:/st/stm32cubeide_1.12.0/stm32cubeide/plugins/com.st.stm32cube.ide.mcu.externaltools.gnu-tools-for-stm32.10.3-2021.10.win32_1.0.200.202301161003/tools/bin/../lib/gcc/arm-none-eabi/10.3.1/../../../../arm-none-eabi/lib/thumb/v6-m/nofp\libm.a
END GROUP
START GROUP
LOAD c:/st/stm32cubeide_1.12.0/stm32cubeide/plugins/com.st.stm32cube.ide.mcu.externaltools.gnu-tools-for-stm32.10.3-2021.10.win32_1.0.200.202301161003/tools/bin/../lib/gcc/arm-none-eabi/10.3.1/thumb/v6-m/nofp\libgcc.a
LOAD c:/st/stm32cubeide_1.12.0/stm32cubeide/plugins/com.st.stm32cube.ide.mcu.externaltools.gnu-tools-for-stm32.10.3-2021.10.win32_1.0.200.202301161003/tools/bin/../lib/gcc/arm-none-eabi/10.3.1/../../../../arm-none-eabi/lib/thumb/v6-m/nofp\libc_nano.a
END GROUP
START GROUP
LOAD c:/st/stm32cubeide_1.12.0/stm32cubeide/plugins/com.st.stm32cube.ide.mcu.externaltools.gnu-tools-for-stm32.10.3-2021.10.win32_1.0.200.202301161003/tools/bin/../lib/gcc/arm-none-eabi/10.3.1/thumb/v6-m/nofp\libgcc.a
LOAD c:/st/stm32cubeide_1.12.0/stm32cubeide/plugins/com.st.stm32cube.ide.mcu.externaltools.gnu-tools-for-stm32.10.3-2021.10.win32_1.0.200.202301161003/tools/bin/../lib/gcc/arm-none-eabi/10.3.1/../../../../arm-none-eabi/lib/thumb/v6-m/nofp\libc_nano.a
LOAD c:/st/stm32cubeide_1.12.0/stm32cubeide/plugins/com.st.stm32cube.ide.mcu.externaltools.gnu-tools-for-stm32.10.3-2021.10.win32_1.0.200.202301161003/tools/bin/../lib/gcc/arm-none-eabi/10.3.1/../../../../arm-none-eabi/lib/thumb/v6-m/nofp\libnosys.a
END GROUP
START GROUP
LOAD c:/st/stm32cubeide_1.12.0/stm32cubeide/plugins/com.st.stm32cube.ide.mcu.externaltools.gnu-tools-for-stm32.10.3-2021.10.win32_1.0.200.202301161003/tools/bin/../lib/gcc/arm-none-eabi/10.3.1/thumb/v6-m/nofp\libgcc.a
LOAD c:/st/stm32cubeide_1.12.0/stm32cubeide/plugins/com.st.stm32cube.ide.mcu.externaltools.gnu-tools-for-stm32.10.3-2021.10.win32_1.0.200.202301161003/tools/bin/../lib/gcc/arm-none-eabi/10.3.1/../../../../arm-none-eabi/lib/thumb/v6-m/nofp\libc_nano.a
LOAD c:/st/stm32cubeide_1.12.0/stm32cubeide/plugins/com.st.stm32cube.ide.mcu.externaltools.gnu-tools-for-stm32.10.3-2021.10.win32_1.0.200.202301161003/tools/bin/../lib/gcc/arm-none-eabi/10.3.1/../../../../arm-none-eabi/lib/thumb/v6-m/nofp\libnosys.a
END GROUP
LOAD c:/st/stm32cubeide_1.12.0/stm32cubeide/plugins/com.st.stm32cube.ide.mcu.externaltools.gnu-tools-for-stm32.10.3-2021.10.win32_1.0.200.202301161003/tools/bin/../lib/gcc/arm-none-eabi/10.3.1/thumb/v6-m/nofp/crtend.o
LOAD c:/st/stm32cubeide_1.12.0/stm32cubeide/plugins/com.st.stm32cube.ide.mcu.externaltools.gnu-tools-for-stm32.10.3-2021.10.win32_1.0.200.202301161003/tools/bin/../lib/gcc/arm-none-eabi/10.3.1/thumb/v6-m/nofp/crtn.o
                0x0000000020002000                _estack = (ORIGIN (RAM) + LENGTH (RAM))
                0x0000000000000200                _Min_Heap_Size = 0x200
                0x0000000000000400                _Min_Stack_Size = 0x400

.isr_vector     0x0000000008002800       0xbc
                0x0000000008002800                . = ALIGN (0x4)
 *(.isr_vector)
 .isr_vector    0x0000000008002800       0xbc ./Core/Startup/startup_stm32g031c8tx.o
                0x0000000008002800                g_pfnVectors
                0x00000000080028bc                . = ALIGN (0x4)

.text           0x00000000080028bc     0xa518
                0x00000000080028bc                . = ALIGN (0x4)
 *(.text)
 .text          0x00000000080028bc       0x48 c:/st/stm32cubeide_1.12.0/stm32cubeide/plugins/com.st.stm32cube.ide.mcu.externaltools.gnu-tools-for-stm32.10.3-2021.10.win32_1.0.200.202301161003/tools/bin/../lib/gcc/arm-none-eabi/10.3.1/thumb/v6-m/nofp/crtbegin.o
 .text          0x0000000008002904       0x14 c:/st/stm32cubeide_1.12.0/stm32cubeide/plugins/com.st.stm32cube.ide.mcu.externaltools.gnu-tools-for-stm32.10.3-2021.10.win32_1.0.200.202301161003/tools/bin/../lib/gcc/arm-none-eabi/10.3.1/../../../../arm-none-eabi/lib/thumb/v6-m/nofp\libc_nano.a(lib_a-strcmp.o)
                0x0000000008002904                strcmp
 .text          0x0000000008002918       0x14 c:/st/stm32cubeide_1.12.0/stm32cubeide/plugins/com.st.stm32cube.ide.mcu.externaltools.gnu-tools-for-stm32.10.3-2021.10.win32_1.0.200.202301161003/tools/bin/../lib/gcc/arm-none-eabi/10.3.1/thumb/v6-m/nofp\libgcc.a(_thumb1_case_shi.o)
                0x0000000008002918                __gnu_thumb1_case_shi
 .text          0x000000000800292c      0x114 c:/st/stm32cubeide_1.12.0/stm32cubeide/plugins/com.st.stm32cube.ide.mcu.externaltools.gnu-tools-for-stm32.10.3-2021.10.win32_1.0.200.202301161003/tools/bin/../lib/gcc/arm-none-eabi/10.3.1/thumb/v6-m/nofp\libgcc.a(_udivsi3.o)
                0x000000000800292c                __aeabi_uidiv
                0x000000000800292c                __udivsi3
                0x0000000008002a38                __aeabi_uidivmod
 .text          0x0000000008002a40      0x1d4 c:/st/stm32cubeide_1.12.0/stm32cubeide/plugins/com.st.stm32cube.ide.mcu.externaltools.gnu-tools-for-stm32.10.3-2021.10.win32_1.0.200.202301161003/tools/bin/../lib/gcc/arm-none-eabi/10.3.1/thumb/v6-m/nofp\libgcc.a(_divsi3.o)
                0x0000000008002a40                __divsi3
                0x0000000008002a40                __aeabi_idiv
                0x0000000008002c0c                __aeabi_idivmod
 .text          0x0000000008002c14        0x4 c:/st/stm32cubeide_1.12.0/stm32cubeide/plugins/com.st.stm32cube.ide.mcu.externaltools.gnu-tools-for-stm32.10.3-2021.10.win32_1.0.200.202301161003/tools/bin/../lib/gcc/arm-none-eabi/10.3.1/thumb/v6-m/nofp\libgcc.a(_dvmd_tls.o)
                0x0000000008002c14                __aeabi_idiv0
                0x0000000008002c14                __aeabi_ldiv0
 .text          0x0000000008002c18       0x7c c:/st/stm32cubeide_1.12.0/stm32cubeide/plugins/com.st.stm32cube.ide.mcu.externaltools.gnu-tools-for-stm32.10.3-2021.10.win32_1.0.200.202301161003/tools/bin/../lib/gcc/arm-none-eabi/10.3.1/thumb/v6-m/nofp\libgcc.a(_arm_cmpdf2.o)
                0x0000000008002c18                __aeabi_cdrcmple
                0x0000000008002c28                __aeabi_cdcmple
                0x0000000008002c28                __aeabi_cdcmpeq
                0x0000000008002c38                __aeabi_dcmpeq
                0x0000000008002c44                __aeabi_dcmplt
                0x0000000008002c58                __aeabi_dcmple
                0x0000000008002c6c                __aeabi_dcmpgt
                0x0000000008002c80                __aeabi_dcmpge
 .text          0x0000000008002c94       0x30 c:/st/stm32cubeide_1.12.0/stm32cubeide/plugins/com.st.stm32cube.ide.mcu.externaltools.gnu-tools-for-stm32.10.3-2021.10.win32_1.0.200.202301161003/tools/bin/../lib/gcc/arm-none-eabi/10.3.1/thumb/v6-m/nofp\libgcc.a(_fixunssfsi.o)
                0x0000000008002c94                __fixunssfsi
                0x0000000008002c94                __aeabi_f2uiz
 .text          0x0000000008002cc4       0x3c c:/st/stm32cubeide_1.12.0/stm32cubeide/plugins/com.st.stm32cube.ide.mcu.externaltools.gnu-tools-for-stm32.10.3-2021.10.win32_1.0.200.202301161003/tools/bin/../lib/gcc/arm-none-eabi/10.3.1/thumb/v6-m/nofp\libgcc.a(_fixunsdfsi.o)
                0x0000000008002cc4                __aeabi_d2uiz
                0x0000000008002cc4                __fixunsdfsi
 .text          0x0000000008002d00      0x33c c:/st/stm32cubeide_1.12.0/stm32cubeide/plugins/com.st.stm32cube.ide.mcu.externaltools.gnu-tools-for-stm32.10.3-2021.10.win32_1.0.200.202301161003/tools/bin/../lib/gcc/arm-none-eabi/10.3.1/thumb/v6-m/nofp\libgcc.a(addsf3.o)
                0x0000000008002d00                __aeabi_fadd
 .text          0x000000000800303c      0x230 c:/st/stm32cubeide_1.12.0/stm32cubeide/plugins/com.st.stm32cube.ide.mcu.externaltools.gnu-tools-for-stm32.10.3-2021.10.win32_1.0.200.202301161003/tools/bin/../lib/gcc/arm-none-eabi/10.3.1/thumb/v6-m/nofp\libgcc.a(divsf3.o)
                0x000000000800303c                __aeabi_fdiv
 .text          0x000000000800326c      0x24c c:/st/stm32cubeide_1.12.0/stm32cubeide/plugins/com.st.stm32cube.ide.mcu.externaltools.gnu-tools-for-stm32.10.3-2021.10.win32_1.0.200.202301161003/tools/bin/../lib/gcc/arm-none-eabi/10.3.1/thumb/v6-m/nofp\libgcc.a(mulsf3.o)
                0x000000000800326c                __aeabi_fmul
 .text          0x00000000080034b8      0x35c c:/st/stm32cubeide_1.12.0/stm32cubeide/plugins/com.st.stm32cube.ide.mcu.externaltools.gnu-tools-for-stm32.10.3-2021.10.win32_1.0.200.202301161003/tools/bin/../lib/gcc/arm-none-eabi/10.3.1/thumb/v6-m/nofp\libgcc.a(subsf3.o)
                0x00000000080034b8                __aeabi_fsub
 .text          0x0000000008003814       0x40 c:/st/stm32cubeide_1.12.0/stm32cubeide/plugins/com.st.stm32cube.ide.mcu.externaltools.gnu-tools-for-stm32.10.3-2021.10.win32_1.0.200.202301161003/tools/bin/../lib/gcc/arm-none-eabi/10.3.1/thumb/v6-m/nofp\libgcc.a(fixsfsi.o)
                0x0000000008003814                __aeabi_f2iz
 .text          0x0000000008003854       0x9c c:/st/stm32cubeide_1.12.0/stm32cubeide/plugins/com.st.stm32cube.ide.mcu.externaltools.gnu-tools-for-stm32.10.3-2021.10.win32_1.0.200.202301161003/tools/bin/../lib/gcc/arm-none-eabi/10.3.1/thumb/v6-m/nofp\libgcc.a(floatsisf.o)
                0x0000000008003854                __aeabi_i2f
 .text          0x00000000080038f0       0x84 c:/st/stm32cubeide_1.12.0/stm32cubeide/plugins/com.st.stm32cube.ide.mcu.externaltools.gnu-tools-for-stm32.10.3-2021.10.win32_1.0.200.202301161003/tools/bin/../lib/gcc/arm-none-eabi/10.3.1/thumb/v6-m/nofp\libgcc.a(floatunsisf.o)
                0x00000000080038f0                __aeabi_ui2f
 .text          0x0000000008003974      0x678 c:/st/stm32cubeide_1.12.0/stm32cubeide/plugins/com.st.stm32cube.ide.mcu.externaltools.gnu-tools-for-stm32.10.3-2021.10.win32_1.0.200.202301161003/tools/bin/../lib/gcc/arm-none-eabi/10.3.1/thumb/v6-m/nofp\libgcc.a(adddf3.o)
                0x0000000008003974                __aeabi_dadd
 .text          0x0000000008003fec      0x5ec c:/st/stm32cubeide_1.12.0/stm32cubeide/plugins/com.st.stm32cube.ide.mcu.externaltools.gnu-tools-for-stm32.10.3-2021.10.win32_1.0.200.202301161003/tools/bin/../lib/gcc/arm-none-eabi/10.3.1/thumb/v6-m/nofp\libgcc.a(divdf3.o)
                0x0000000008003fec                __aeabi_ddiv
 .text          0x00000000080045d8       0x84 c:/st/stm32cubeide_1.12.0/stm32cubeide/plugins/com.st.stm32cube.ide.mcu.externaltools.gnu-tools-for-stm32.10.3-2021.10.win32_1.0.200.202301161003/tools/bin/../lib/gcc/arm-none-eabi/10.3.1/thumb/v6-m/nofp\libgcc.a(eqdf2.o)
                0x00000000080045d8                __nedf2
                0x00000000080045d8                __eqdf2
 .text          0x000000000800465c       0xcc c:/st/stm32cubeide_1.12.0/stm32cubeide/plugins/com.st.stm32cube.ide.mcu.externaltools.gnu-tools-for-stm32.10.3-2021.10.win32_1.0.200.202301161003/tools/bin/../lib/gcc/arm-none-eabi/10.3.1/thumb/v6-m/nofp\libgcc.a(gedf2.o)
                0x000000000800465c                __gedf2
                0x000000000800465c                __gtdf2
 .text          0x0000000008004728       0xc8 c:/st/stm32cubeide_1.12.0/stm32cubeide/plugins/com.st.stm32cube.ide.mcu.externaltools.gnu-tools-for-stm32.10.3-2021.10.win32_1.0.200.202301161003/tools/bin/../lib/gcc/arm-none-eabi/10.3.1/thumb/v6-m/nofp\libgcc.a(ledf2.o)
                0x0000000008004728                __ledf2
                0x0000000008004728                __ltdf2
 .text          0x00000000080047f0      0x4d8 c:/st/stm32cubeide_1.12.0/stm32cubeide/plugins/com.st.stm32cube.ide.mcu.externaltools.gnu-tools-for-stm32.10.3-2021.10.win32_1.0.200.202301161003/tools/bin/../lib/gcc/arm-none-eabi/10.3.1/thumb/v6-m/nofp\libgcc.a(muldf3.o)
                0x00000000080047f0                __aeabi_dmul
 .text          0x0000000008004cc8      0x724 c:/st/stm32cubeide_1.12.0/stm32cubeide/plugins/com.st.stm32cube.ide.mcu.externaltools.gnu-tools-for-stm32.10.3-2021.10.win32_1.0.200.202301161003/tools/bin/../lib/gcc/arm-none-eabi/10.3.1/thumb/v6-m/nofp\libgcc.a(subdf3.o)
                0x0000000008004cc8                __aeabi_dsub
 .text          0x00000000080053ec       0x3c c:/st/stm32cubeide_1.12.0/stm32cubeide/plugins/com.st.stm32cube.ide.mcu.externaltools.gnu-tools-for-stm32.10.3-2021.10.win32_1.0.200.202301161003/tools/bin/../lib/gcc/arm-none-eabi/10.3.1/thumb/v6-m/nofp\libgcc.a(unorddf2.o)
                0x00000000080053ec                __aeabi_dcmpun
 .text          0x0000000008005428       0x6c c:/st/stm32cubeide_1.12.0/stm32cubeide/plugins/com.st.stm32cube.ide.mcu.externaltools.gnu-tools-for-stm32.10.3-2021.10.win32_1.0.200.202301161003/tools/bin/../lib/gcc/arm-none-eabi/10.3.1/thumb/v6-m/nofp\libgcc.a(fixdfsi.o)
                0x0000000008005428                __aeabi_d2iz
 .text          0x0000000008005494       0x60 c:/st/stm32cubeide_1.12.0/stm32cubeide/plugins/com.st.stm32cube.ide.mcu.externaltools.gnu-tools-for-stm32.10.3-2021.10.win32_1.0.200.202301161003/tools/bin/../lib/gcc/arm-none-eabi/10.3.1/thumb/v6-m/nofp\libgcc.a(floatsidf.o)
                0x0000000008005494                __aeabi_i2d
 .text          0x00000000080054f4       0x4c c:/st/stm32cubeide_1.12.0/stm32cubeide/plugins/com.st.stm32cube.ide.mcu.externaltools.gnu-tools-for-stm32.10.3-2021.10.win32_1.0.200.202301161003/tools/bin/../lib/gcc/arm-none-eabi/10.3.1/thumb/v6-m/nofp\libgcc.a(floatunsidf.o)
                0x00000000080054f4                __aeabi_ui2d
 .text          0x0000000008005540       0x90 c:/st/stm32cubeide_1.12.0/stm32cubeide/plugins/com.st.stm32cube.ide.mcu.externaltools.gnu-tools-for-stm32.10.3-2021.10.win32_1.0.200.202301161003/tools/bin/../lib/gcc/arm-none-eabi/10.3.1/thumb/v6-m/nofp\libgcc.a(extendsfdf2.o)
                0x0000000008005540                __aeabi_f2d
 .text          0x00000000080055d0      0x110 c:/st/stm32cubeide_1.12.0/stm32cubeide/plugins/com.st.stm32cube.ide.mcu.externaltools.gnu-tools-for-stm32.10.3-2021.10.win32_1.0.200.202301161003/tools/bin/../lib/gcc/arm-none-eabi/10.3.1/thumb/v6-m/nofp\libgcc.a(truncdfsf2.o)
                0x00000000080055d0                __aeabi_d2f
 .text          0x00000000080056e0       0x74 c:/st/stm32cubeide_1.12.0/stm32cubeide/plugins/com.st.stm32cube.ide.mcu.externaltools.gnu-tools-for-stm32.10.3-2021.10.win32_1.0.200.202301161003/tools/bin/../lib/gcc/arm-none-eabi/10.3.1/thumb/v6-m/nofp\libgcc.a(_arm_cmpsf2.o)
                0x00000000080056e0                __aeabi_cfrcmple
                0x00000000080056e8                __aeabi_cfcmpeq
                0x00000000080056e8                __aeabi_cfcmple
                0x00000000080056f8                __aeabi_fcmpeq
                0x0000000008005704                __aeabi_fcmplt
                0x0000000008005718                __aeabi_fcmple
                0x000000000800572c                __aeabi_fcmpgt
                0x0000000008005740                __aeabi_fcmpge
 .text          0x0000000008005754       0x3c c:/st/stm32cubeide_1.12.0/stm32cubeide/plugins/com.st.stm32cube.ide.mcu.externaltools.gnu-tools-for-stm32.10.3-2021.10.win32_1.0.200.202301161003/tools/bin/../lib/gcc/arm-none-eabi/10.3.1/thumb/v6-m/nofp\libgcc.a(_clzsi2.o)
                0x0000000008005754                __clzsi2
 .text          0x0000000008005790       0x4c c:/st/stm32cubeide_1.12.0/stm32cubeide/plugins/com.st.stm32cube.ide.mcu.externaltools.gnu-tools-for-stm32.10.3-2021.10.win32_1.0.200.202301161003/tools/bin/../lib/gcc/arm-none-eabi/10.3.1/thumb/v6-m/nofp\libgcc.a(eqsf2.o)
                0x0000000008005790                __eqsf2
                0x0000000008005790                __nesf2
 .text          0x00000000080057dc       0x8c c:/st/stm32cubeide_1.12.0/stm32cubeide/plugins/com.st.stm32cube.ide.mcu.externaltools.gnu-tools-for-stm32.10.3-2021.10.win32_1.0.200.202301161003/tools/bin/../lib/gcc/arm-none-eabi/10.3.1/thumb/v6-m/nofp\libgcc.a(gesf2.o)
                0x00000000080057dc                __gesf2
                0x00000000080057dc                __gtsf2
 .text          0x0000000008005868       0x88 c:/st/stm32cubeide_1.12.0/stm32cubeide/plugins/com.st.stm32cube.ide.mcu.externaltools.gnu-tools-for-stm32.10.3-2021.10.win32_1.0.200.202301161003/tools/bin/../lib/gcc/arm-none-eabi/10.3.1/thumb/v6-m/nofp\libgcc.a(lesf2.o)
                0x0000000008005868                __ltsf2
                0x0000000008005868                __lesf2
 *(.text*)
 .text.calcMA   0x00000000080058f0       0x64 ./Core/Src/EMA.o
                0x00000000080058f0                calcMA
 .text.calcEMA  0x0000000008005954       0x84 ./Core/Src/EMA.o
                0x0000000008005954                calcEMA
 .text.addStock
                0x00000000080059d8       0x74 ./Core/Src/EMA.o
                0x00000000080059d8                addStock
 .text.Start_Kalman_Algorithm
                0x0000000008005a4c      0x1a4 ./Core/Src/KalmanFilter.o
                0x0000000008005a4c                Start_Kalman_Algorithm
 .text.Execute_Kalman_Filter
                0x0000000008005bf0      0x3d4 ./Core/Src/KalmanFilter.o
                0x0000000008005bf0                Execute_Kalman_Filter
 .text.Kalman_GetPitch
                0x0000000008005fc4       0x14 ./Core/Src/KalmanFilter.o
                0x0000000008005fc4                Kalman_GetPitch
 .text.Kalman_GetRoll
                0x0000000008005fd8       0x14 ./Core/Src/KalmanFilter.o
                0x0000000008005fd8                Kalman_GetRoll
 .text.Kalman_Getyaw
                0x0000000008005fec       0x14 ./Core/Src/KalmanFilter.o
                0x0000000008005fec                Kalman_Getyaw
 .text.Kalman_GetTick
                0x0000000008006000       0x10 ./Core/Src/KalmanFilter.o
                0x0000000008006000                Kalman_GetTick
 .text.Kalman_SetFlag
                0x0000000008006010       0x14 ./Core/Src/KalmanFilter.o
                0x0000000008006010                Kalman_SetFlag
 .text.Kalman_GetFlag
                0x0000000008006024       0x14 ./Core/Src/KalmanFilter.o
                0x0000000008006024                Kalman_GetFlag
 .text.Kalman_ClearFlag
                0x0000000008006038       0x14 ./Core/Src/KalmanFilter.o
                0x0000000008006038                Kalman_ClearFlag
 .text.KalmanX_getAngle
                0x000000000800604c      0x23c ./Core/Src/KalmanFilter.o
 .text.KalmanY_getAngle
                0x0000000008006288      0x23c ./Core/Src/KalmanFilter.o
 .text.LSM6DS3_Initialize
                0x00000000080064c4       0x30 ./Core/Src/LSM6DS3TR.o
                0x00000000080064c4                LSM6DS3_Initialize
 .text.LSM6DS3_Detect
                0x00000000080064f4       0x60 ./Core/Src/LSM6DS3TR.o
                0x00000000080064f4                LSM6DS3_Detect
 .text.LSM6DS3_XL_Start
                0x0000000008006554       0x8a ./Core/Src/LSM6DS3TR.o
                0x0000000008006554                LSM6DS3_XL_Start
 *fill*         0x00000000080065de        0x2 
 .text.LSM6DS3_Verify_XL_Settings
                0x00000000080065e0       0x60 ./Core/Src/LSM6DS3TR.o
 .text.LSM6DS3_GS_Start
                0x0000000008006640       0x9c ./Core/Src/LSM6DS3TR.o
                0x0000000008006640                LSM6DS3_GS_Start
 .text.LSM6DS3_Verify_GS_Settings
                0x00000000080066dc       0x58 ./Core/Src/LSM6DS3TR.o
 .text.LSM6DS3_IMU_GetMeasurements
                0x0000000008006734       0xd4 ./Core/Src/LSM6DS3TR.o
                0x0000000008006734                LSM6DS3_IMU_GetMeasurements
 .text.LSM6DS3_GetXL_X_Int16
                0x0000000008006808       0x14 ./Core/Src/LSM6DS3TR.o
                0x0000000008006808                LSM6DS3_GetXL_X_Int16
 .text.LSM6DS3_GetXL_Y_Int16
                0x000000000800681c       0x14 ./Core/Src/LSM6DS3TR.o
                0x000000000800681c                LSM6DS3_GetXL_Y_Int16
 .text.LSM6DS3_GetXL_Z_Int16
                0x0000000008006830       0x14 ./Core/Src/LSM6DS3TR.o
                0x0000000008006830                LSM6DS3_GetXL_Z_Int16
 .text.LSM6DS3_GetGS_X_Int16
                0x0000000008006844       0x14 ./Core/Src/LSM6DS3TR.o
                0x0000000008006844                LSM6DS3_GetGS_X_Int16
 .text.LSM6DS3_GetGS_Y_Int16
                0x0000000008006858       0x14 ./Core/Src/LSM6DS3TR.o
                0x0000000008006858                LSM6DS3_GetGS_Y_Int16
 .text.LSM6DS3_GetGS_Z_Int16
                0x000000000800686c       0x14 ./Core/Src/LSM6DS3TR.o
                0x000000000800686c                LSM6DS3_GetGS_Z_Int16
 .text.LSM6DS3_Temperature_Int16
                0x0000000008006880       0x14 ./Core/Src/LSM6DS3TR.o
                0x0000000008006880                LSM6DS3_Temperature_Int16
 .text.LSM6DS3_ReadRegister
                0x0000000008006894       0x48 ./Core/Src/LSM6DS3TR.o
 .text.LSM6DS3_WriteAndVerify
                0x00000000080068dc       0xe0 ./Core/Src/LSM6DS3TR.o
 .text.cmd_response
                0x00000000080069bc       0x94 ./Core/Src/command.o
                0x00000000080069bc                cmd_response
 .text.next_char
                0x0000000008006a50       0x44 ./Core/Src/command.o
                0x0000000008006a50                next_char
 .text.sks_cmd_set_debug
                0x0000000008006a94       0x84 ./Core/Src/command.o
 .text.sks_cmd_set_full
                0x0000000008006b18       0xd0 ./Core/Src/command.o
 .text.sks_cmd_set_empty
                0x0000000008006be8       0xd0 ./Core/Src/command.o
 .text.sks_cmd_disable_ema
                0x0000000008006cb8       0xb4 ./Core/Src/command.o
 .text.sks_cmd_interval
                0x0000000008006d6c       0xa8 ./Core/Src/command.o
 .text.sks_cmd_config
                0x0000000008006e14      0x150 ./Core/Src/command.o
 .text.sks_cmd_serial
                0x0000000008006f64       0xb8 ./Core/Src/command.o
 .text.sks_cmd_reset
                0x000000000800701c       0x84 ./Core/Src/command.o
 .text.sks_cmd_info
                0x00000000080070a0       0xb4 ./Core/Src/command.o
 .text.server_on_command
                0x0000000008007154      0x3e0 ./Core/Src/command.o
                0x0000000008007154                server_on_command
 .text.delay_ms
                0x0000000008007534       0x2c ./Core/Src/delay.o
                0x0000000008007534                delay_ms
 .text.getMicros
                0x0000000008007560       0x38 ./Core/Src/delay.o
                0x0000000008007560                getMicros
 .text.gpio_clock_init
                0x0000000008007598       0x40 ./Core/Src/drv_io.o
                0x0000000008007598                gpio_clock_init
 .text.gpio_pin_int
                0x00000000080075d8       0x78 ./Core/Src/drv_io.o
                0x00000000080075d8                gpio_pin_int
 .text.gpio_write
                0x0000000008007650       0x54 ./Core/Src/drv_io.o
                0x0000000008007650                gpio_write
 .text.spi2_cs_low
                0x00000000080076a4       0x18 ./Core/Src/drv_spi.o
                0x00000000080076a4                spi2_cs_low
 .text.spi2_cs_high
                0x00000000080076bc       0x18 ./Core/Src/drv_spi.o
                0x00000000080076bc                spi2_cs_high
 .text.spi1Init
                0x00000000080076d4        0xa ./Core/Src/drv_spi.o
                0x00000000080076d4                spi1Init
 *fill*         0x00000000080076de        0x2 
 .text.spi2Init
                0x00000000080076e0       0x28 ./Core/Src/drv_spi.o
                0x00000000080076e0                spi2Init
 .text.SPI2_LowLevel_Init
                0x0000000008007708      0x100 ./Core/Src/drv_spi.o
 .text.SPIx_Init
                0x0000000008007808      0x110 ./Core/Src/drv_spi.o
 .text.SPIx_readWrite
                0x0000000008007918       0x4e ./Core/Src/drv_spi.o
                0x0000000008007918                SPIx_readWrite
 *fill*         0x0000000008007966        0x2 
 .text.FLASH_Lock
                0x0000000008007968       0x1c ./Core/Src/dvr_flash.o
                0x0000000008007968                FLASH_Lock
 .text.FLASH_Unlock
                0x0000000008007984       0x2c ./Core/Src/dvr_flash.o
                0x0000000008007984                FLASH_Unlock
 .text.FLASH_GetBank1Status
                0x00000000080079b0       0x60 ./Core/Src/dvr_flash.o
                0x00000000080079b0                FLASH_GetBank1Status
 .text.FLASH_WaitForLastBank1Operation
                0x0000000008007a10       0x36 ./Core/Src/dvr_flash.o
                0x0000000008007a10                FLASH_WaitForLastBank1Operation
 *fill*         0x0000000008007a46        0x2 
 .text.FLASH_ErasePage
                0x0000000008007a48       0xa8 ./Core/Src/dvr_flash.o
                0x0000000008007a48                FLASH_ErasePage
 .text.FLASH_ProgramDoubleWord
                0x0000000008007af0       0x7c ./Core/Src/dvr_flash.o
                0x0000000008007af0                FLASH_ProgramDoubleWord
 .text.FLASH_ClearFlag
                0x0000000008007b6c       0x1c ./Core/Src/dvr_flash.o
                0x0000000008007b6c                FLASH_ClearFlag
 .text.usart_x0_init
                0x0000000008007b88       0x30 ./Core/Src/dvr_uart.o
                0x0000000008007b88                usart_x0_init
 .text.usart_x0_send
                0x0000000008007bb8       0x30 ./Core/Src/dvr_uart.o
                0x0000000008007bb8                usart_x0_send
 .text.COMX0_pin_init
                0x0000000008007be8      0x12c ./Core/Src/dvr_uart.o
 .text.uartx_init
                0x0000000008007d14       0x84 ./Core/Src/dvr_uart.o
 .text.NMEAChecksum
                0x0000000008007d98       0x4c ./Core/Src/flash.o
                0x0000000008007d98                NMEAChecksum
 .text.flash_write_config
                0x0000000008007de4       0xa4 ./Core/Src/flash.o
                0x0000000008007de4                flash_write_config
 .text.flash_read_config
                0x0000000008007e88       0x46 ./Core/Src/flash.o
                0x0000000008007e88                flash_read_config
 *fill*         0x0000000008007ece        0x2 
 .text.write_config
                0x0000000008007ed0       0xa8 ./Core/Src/flash.o
                0x0000000008007ed0                write_config
 .text.make_default_config
                0x0000000008007f78       0x74 ./Core/Src/flash.o
                0x0000000008007f78                make_default_config
 .text.load_config
                0x0000000008007fec      0x108 ./Core/Src/flash.o
                0x0000000008007fec                load_config
 .text.__NVIC_SystemReset
                0x00000000080080f4       0x24 ./Core/Src/main.o
 .text.main     0x0000000008008118       0xf4 ./Core/Src/main.o
                0x0000000008008118                main
 .text.setup    0x000000000800820c       0x50 ./Core/Src/main.o
 .text.process_command_from_pc
                0x000000000800825c       0x28 ./Core/Src/main.o
 .text.LSM6DS3_init
                0x0000000008008284       0x48 ./Core/Src/main.o
 .text.handlerSensorData
                0x00000000080082cc      0x298 ./Core/Src/main.o
 .text.calc_fuel_level
                0x0000000008008564      0x2b0 ./Core/Src/main.o
                0x0000000008008564                calc_fuel_level
 .text.output_data
                0x0000000008008814     0x12e8 ./Core/Src/main.o
 .text.LSM6DS3_get_angle
                0x0000000008009afc       0xa0 ./Core/Src/main.o
 .text.MX_TIM2_Init
                0x0000000008009b9c       0xb8 ./Core/Src/main.o
 .text.HAL_TIM_IC_CaptureCallback
                0x0000000008009c54       0xd0 ./Core/Src/main.o
                0x0000000008009c54                HAL_TIM_IC_CaptureCallback
 .text.USART1_IRQHandler
                0x0000000008009d24       0xbc ./Core/Src/main.o
                0x0000000008009d24                USART1_IRQHandler
 .text.Error_Handler
                0x0000000008009de0        0xa ./Core/Src/main.o
                0x0000000008009de0                Error_Handler
 .text.ustrncpy
                0x0000000008009dea       0x68 ./Core/Src/printf-stdarg.o
                0x0000000008009dea                ustrncpy
 *fill*         0x0000000008009e52        0x2 
 .text.uvsnprintf
                0x0000000008009e54      0x3dc ./Core/Src/printf-stdarg.o
                0x0000000008009e54                uvsnprintf
 .text.usnprintf
                0x000000000800a230       0x32 ./Core/Src/printf-stdarg.o
                0x000000000800a230                usnprintf
 *fill*         0x000000000800a262        0x2 
 .text.SPIx_init
                0x000000000800a264       0x30 ./Core/Src/spi.o
                0x000000000800a264                SPIx_init
 .text.SPIx_ReadRegister
                0x000000000800a294       0x78 ./Core/Src/spi.o
                0x000000000800a294                SPIx_ReadRegister
 .text.SPIx_WriteRegister
                0x000000000800a30c       0x4c ./Core/Src/spi.o
                0x000000000800a30c                SPIx_WriteRegister
 .text.HAL_TIM_IC_MspInit
                0x000000000800a358       0xa0 ./Core/Src/stm32g0xx_hal_msp.o
                0x000000000800a358                HAL_TIM_IC_MspInit
 .text.NMI_Handler
                0x000000000800a3f8        0x6 ./Core/Src/stm32g0xx_it.o
                0x000000000800a3f8                NMI_Handler
 .text.HardFault_Handler
                0x000000000800a3fe        0x6 ./Core/Src/stm32g0xx_it.o
                0x000000000800a3fe                HardFault_Handler
 .text.SVC_Handler
                0x000000000800a404        0xa ./Core/Src/stm32g0xx_it.o
                0x000000000800a404                SVC_Handler
 .text.PendSV_Handler
                0x000000000800a40e        0xa ./Core/Src/stm32g0xx_it.o
                0x000000000800a40e                PendSV_Handler
 .text.SysTick_Handler
                0x000000000800a418       0x4c ./Core/Src/stm32g0xx_it.o
                0x000000000800a418                SysTick_Handler
 .text.DMA1_Channel1_IRQHandler
                0x000000000800a464        0xa ./Core/Src/stm32g0xx_it.o
                0x000000000800a464                DMA1_Channel1_IRQHandler
 *fill*         0x000000000800a46e        0x2 
 .text.TIM2_IRQHandler
                0x000000000800a470       0x18 ./Core/Src/stm32g0xx_it.o
                0x000000000800a470                TIM2_IRQHandler
 .text._sbrk    0x000000000800a488       0x6c ./Core/Src/sysmem.o
                0x000000000800a488                _sbrk
 .text.__NVIC_SetPriority
                0x000000000800a4f4       0xdc ./Core/Src/system_g031.o
 .text.SysTick_Config
                0x000000000800a5d0       0x48 ./Core/Src/system_g031.o
 .text.systemInit
                0x000000000800a618       0x12 ./Core/Src/system_g031.o
                0x000000000800a618                systemInit
 *fill*         0x000000000800a62a        0x2 
 .text.SysTick_CLKSourceConfig
                0x000000000800a62c       0x28 ./Core/Src/system_g031.o
 .text.systickConfig
                0x000000000800a654       0x1a ./Core/Src/system_g031.o
 *fill*         0x000000000800a66e        0x2 
 .text.SetSysClock
                0x000000000800a670       0xcc ./Core/Src/system_g031.o
 .text.xputc    0x000000000800a73c       0x48 ./Core/Src/xprintf.o
                0x000000000800a73c                xputc
 .text.xputs    0x000000000800a784       0x2a ./Core/Src/xprintf.o
                0x000000000800a784                xputs
 *fill*         0x000000000800a7ae        0x2 
 .text.xvprintf
                0x000000000800a7b0      0x300 ./Core/Src/xprintf.o
 .text.xprintf  0x000000000800aab0       0x28 ./Core/Src/xprintf.o
                0x000000000800aab0                xprintf
 .text.Reset_Handler
                0x000000000800aad8       0x50 ./Core/Startup/startup_stm32g031c8tx.o
                0x000000000800aad8                Reset_Handler
 .text.Default_Handler
                0x000000000800ab28        0x2 ./Core/Startup/startup_stm32g031c8tx.o
                0x000000000800ab28                TIM1_CC_IRQHandler
                0x000000000800ab28                PVD_IRQHandler
                0x000000000800ab28                I2C1_IRQHandler
                0x000000000800ab28                LPTIM2_IRQHandler
                0x000000000800ab28                RTC_TAMP_IRQHandler
                0x000000000800ab28                SPI1_IRQHandler
                0x000000000800ab28                DMA1_Ch4_5_DMAMUX1_OVR_IRQHandler
                0x000000000800ab28                EXTI2_3_IRQHandler
                0x000000000800ab28                ADC1_IRQHandler
                0x000000000800ab28                I2C2_IRQHandler
                0x000000000800ab28                TIM17_IRQHandler
                0x000000000800ab28                TIM16_IRQHandler
                0x000000000800ab28                TIM3_IRQHandler
                0x000000000800ab28                EXTI4_15_IRQHandler
                0x000000000800ab28                RCC_IRQHandler
                0x000000000800ab28                Default_Handler
                0x000000000800ab28                TIM14_IRQHandler
                0x000000000800ab28                EXTI0_1_IRQHandler
                0x000000000800ab28                SPI2_IRQHandler
                0x000000000800ab28                WWDG_IRQHandler
                0x000000000800ab28                LPUART1_IRQHandler
                0x000000000800ab28                DMA1_Channel2_3_IRQHandler
                0x000000000800ab28                USART2_IRQHandler
                0x000000000800ab28                FLASH_IRQHandler
                0x000000000800ab28                TIM1_BRK_UP_TRG_COM_IRQHandler
                0x000000000800ab28                LPTIM1_IRQHandler
 *fill*         0x000000000800ab2a        0x2 
 .text.HAL_IncTick
                0x000000000800ab2c       0x24 ./Drivers/STM32G0xx_HAL_Driver/Src/stm32g0xx_hal.o
                0x000000000800ab2c                HAL_IncTick
 .text.__NVIC_EnableIRQ
                0x000000000800ab50       0x34 ./Drivers/STM32G0xx_HAL_Driver/Src/stm32g0xx_hal_cortex.o
 .text.__NVIC_SetPriority
                0x000000000800ab84       0xdc ./Drivers/STM32G0xx_HAL_Driver/Src/stm32g0xx_hal_cortex.o
 .text.HAL_NVIC_SetPriority
                0x000000000800ac60       0x2a ./Drivers/STM32G0xx_HAL_Driver/Src/stm32g0xx_hal_cortex.o
                0x000000000800ac60                HAL_NVIC_SetPriority
 .text.HAL_NVIC_EnableIRQ
                0x000000000800ac8a       0x20 ./Drivers/STM32G0xx_HAL_Driver/Src/stm32g0xx_hal_cortex.o
                0x000000000800ac8a                HAL_NVIC_EnableIRQ
 *fill*         0x000000000800acaa        0x2 
 .text.HAL_GPIO_Init
                0x000000000800acac      0x2c8 ./Drivers/STM32G0xx_HAL_Driver/Src/stm32g0xx_hal_gpio.o
                0x000000000800acac                HAL_GPIO_Init
 .text.HAL_TIM_IC_Init
                0x000000000800af74       0xb0 ./Drivers/STM32G0xx_HAL_Driver/Src/stm32g0xx_hal_tim.o
                0x000000000800af74                HAL_TIM_IC_Init
 .text.HAL_TIM_IC_Start_IT
                0x000000000800b024      0x260 ./Drivers/STM32G0xx_HAL_Driver/Src/stm32g0xx_hal_tim.o
                0x000000000800b024                HAL_TIM_IC_Start_IT
 .text.HAL_TIM_IC_Stop_IT
                0x000000000800b284      0x174 ./Drivers/STM32G0xx_HAL_Driver/Src/stm32g0xx_hal_tim.o
                0x000000000800b284                HAL_TIM_IC_Stop_IT
 .text.HAL_TIM_IRQHandler
                0x000000000800b3f8      0x264 ./Drivers/STM32G0xx_HAL_Driver/Src/stm32g0xx_hal_tim.o
                0x000000000800b3f8                HAL_TIM_IRQHandler
 .text.HAL_TIM_IC_ConfigChannel
                0x000000000800b65c      0x148 ./Drivers/STM32G0xx_HAL_Driver/Src/stm32g0xx_hal_tim.o
                0x000000000800b65c                HAL_TIM_IC_ConfigChannel
 .text.HAL_TIM_ReadCapturedValue
                0x000000000800b7a4       0x68 ./Drivers/STM32G0xx_HAL_Driver/Src/stm32g0xx_hal_tim.o
                0x000000000800b7a4                HAL_TIM_ReadCapturedValue
 .text.HAL_TIM_PeriodElapsedCallback
                0x000000000800b80c       0x10 ./Drivers/STM32G0xx_HAL_Driver/Src/stm32g0xx_hal_tim.o
                0x000000000800b80c                HAL_TIM_PeriodElapsedCallback
 .text.HAL_TIM_OC_DelayElapsedCallback
                0x000000000800b81c       0x10 ./Drivers/STM32G0xx_HAL_Driver/Src/stm32g0xx_hal_tim.o
                0x000000000800b81c                HAL_TIM_OC_DelayElapsedCallback
 .text.HAL_TIM_PWM_PulseFinishedCallback
                0x000000000800b82c       0x10 ./Drivers/STM32G0xx_HAL_Driver/Src/stm32g0xx_hal_tim.o
                0x000000000800b82c                HAL_TIM_PWM_PulseFinishedCallback
 .text.HAL_TIM_TriggerCallback
                0x000000000800b83c       0x10 ./Drivers/STM32G0xx_HAL_Driver/Src/stm32g0xx_hal_tim.o
                0x000000000800b83c                HAL_TIM_TriggerCallback
 .text.TIM_Base_SetConfig
                0x000000000800b84c       0xec ./Drivers/STM32G0xx_HAL_Driver/Src/stm32g0xx_hal_tim.o
                0x000000000800b84c                TIM_Base_SetConfig
 .text.TIM_TI1_SetConfig
                0x000000000800b938       0xac ./Drivers/STM32G0xx_HAL_Driver/Src/stm32g0xx_hal_tim.o
                0x000000000800b938                TIM_TI1_SetConfig
 .text.TIM_TI2_SetConfig
                0x000000000800b9e4       0x84 ./Drivers/STM32G0xx_HAL_Driver/Src/stm32g0xx_hal_tim.o
 .text.TIM_TI3_SetConfig
                0x000000000800ba68       0x80 ./Drivers/STM32G0xx_HAL_Driver/Src/stm32g0xx_hal_tim.o
 .text.TIM_TI4_SetConfig
                0x000000000800bae8       0x8c ./Drivers/STM32G0xx_HAL_Driver/Src/stm32g0xx_hal_tim.o
 .text.TIM_CCxChannelCmd
                0x000000000800bb74       0x46 ./Drivers/STM32G0xx_HAL_Driver/Src/stm32g0xx_hal_tim.o
                0x000000000800bb74                TIM_CCxChannelCmd
 *fill*         0x000000000800bbba        0x2 
 .text.HAL_TIMEx_MasterConfigSynchronization
                0x000000000800bbbc       0xd0 ./Drivers/STM32G0xx_HAL_Driver/Src/stm32g0xx_hal_tim_ex.o
                0x000000000800bbbc                HAL_TIMEx_MasterConfigSynchronization
 .text.HAL_TIMEx_CommutCallback
                0x000000000800bc8c       0x10 ./Drivers/STM32G0xx_HAL_Driver/Src/stm32g0xx_hal_tim_ex.o
                0x000000000800bc8c                HAL_TIMEx_CommutCallback
 .text.HAL_TIMEx_BreakCallback
                0x000000000800bc9c       0x10 ./Drivers/STM32G0xx_HAL_Driver/Src/stm32g0xx_hal_tim_ex.o
                0x000000000800bc9c                HAL_TIMEx_BreakCallback
 .text.HAL_TIMEx_Break2Callback
                0x000000000800bcac       0x10 ./Drivers/STM32G0xx_HAL_Driver/Src/stm32g0xx_hal_tim_ex.o
                0x000000000800bcac                HAL_TIMEx_Break2Callback
 .text.atoi     0x000000000800bcbc        0xc c:/st/stm32cubeide_1.12.0/stm32cubeide/plugins/com.st.stm32cube.ide.mcu.externaltools.gnu-tools-for-stm32.10.3-2021.10.win32_1.0.200.202301161003/tools/bin/../lib/gcc/arm-none-eabi/10.3.1/../../../../arm-none-eabi/lib/thumb/v6-m/nofp\libc_nano.a(lib_a-atoi.o)
                0x000000000800bcbc                atoi
 .text.__errno  0x000000000800bcc8        0xc c:/st/stm32cubeide_1.12.0/stm32cubeide/plugins/com.st.stm32cube.ide.mcu.externaltools.gnu-tools-for-stm32.10.3-2021.10.win32_1.0.200.202301161003/tools/bin/../lib/gcc/arm-none-eabi/10.3.1/../../../../arm-none-eabi/lib/thumb/v6-m/nofp\libc_nano.a(lib_a-errno.o)
                0x000000000800bcc8                __errno
 .text.__libc_init_array
                0x000000000800bcd4       0x48 c:/st/stm32cubeide_1.12.0/stm32cubeide/plugins/com.st.stm32cube.ide.mcu.externaltools.gnu-tools-for-stm32.10.3-2021.10.win32_1.0.200.202301161003/tools/bin/../lib/gcc/arm-none-eabi/10.3.1/../../../../arm-none-eabi/lib/thumb/v6-m/nofp\libc_nano.a(lib_a-init.o)
                0x000000000800bcd4                __libc_init_array
 .text.memcpy   0x000000000800bd1c       0x12 c:/st/stm32cubeide_1.12.0/stm32cubeide/plugins/com.st.stm32cube.ide.mcu.externaltools.gnu-tools-for-stm32.10.3-2021.10.win32_1.0.200.202301161003/tools/bin/../lib/gcc/arm-none-eabi/10.3.1/../../../../arm-none-eabi/lib/thumb/v6-m/nofp\libc_nano.a(lib_a-memcpy-stub.o)
                0x000000000800bd1c                memcpy
 .text.memset   0x000000000800bd2e       0x10 c:/st/stm32cubeide_1.12.0/stm32cubeide/plugins/com.st.stm32cube.ide.mcu.externaltools.gnu-tools-for-stm32.10.3-2021.10.win32_1.0.200.202301161003/tools/bin/../lib/gcc/arm-none-eabi/10.3.1/../../../../arm-none-eabi/lib/thumb/v6-m/nofp\libc_nano.a(lib_a-memset.o)
                0x000000000800bd2e                memset
 *fill*         0x000000000800bd3e        0x2 
 .text._free_r  0x000000000800bd40       0x94 c:/st/stm32cubeide_1.12.0/stm32cubeide/plugins/com.st.stm32cube.ide.mcu.externaltools.gnu-tools-for-stm32.10.3-2021.10.win32_1.0.200.202301161003/tools/bin/../lib/gcc/arm-none-eabi/10.3.1/../../../../arm-none-eabi/lib/thumb/v6-m/nofp\libc_nano.a(lib_a-nano-freer.o)
                0x000000000800bd40                _free_r
 .text.sbrk_aligned
                0x000000000800bdd4       0x44 c:/st/stm32cubeide_1.12.0/stm32cubeide/plugins/com.st.stm32cube.ide.mcu.externaltools.gnu-tools-for-stm32.10.3-2021.10.win32_1.0.200.202301161003/tools/bin/../lib/gcc/arm-none-eabi/10.3.1/../../../../arm-none-eabi/lib/thumb/v6-m/nofp\libc_nano.a(lib_a-nano-mallocr.o)
 .text._malloc_r
                0x000000000800be18       0xec c:/st/stm32cubeide_1.12.0/stm32cubeide/plugins/com.st.stm32cube.ide.mcu.externaltools.gnu-tools-for-stm32.10.3-2021.10.win32_1.0.200.202301161003/tools/bin/../lib/gcc/arm-none-eabi/10.3.1/../../../../arm-none-eabi/lib/thumb/v6-m/nofp\libc_nano.a(lib_a-nano-mallocr.o)
                0x000000000800be18                _malloc_r
 .text._sbrk_r  0x000000000800bf04       0x24 c:/st/stm32cubeide_1.12.0/stm32cubeide/plugins/com.st.stm32cube.ide.mcu.externaltools.gnu-tools-for-stm32.10.3-2021.10.win32_1.0.200.202301161003/tools/bin/../lib/gcc/arm-none-eabi/10.3.1/../../../../arm-none-eabi/lib/thumb/v6-m/nofp\libc_nano.a(lib_a-sbrkr.o)
                0x000000000800bf04                _sbrk_r
 .text.sprintf  0x000000000800bf28       0x40 c:/st/stm32cubeide_1.12.0/stm32cubeide/plugins/com.st.stm32cube.ide.mcu.externaltools.gnu-tools-for-stm32.10.3-2021.10.win32_1.0.200.202301161003/tools/bin/../lib/gcc/arm-none-eabi/10.3.1/../../../../arm-none-eabi/lib/thumb/v6-m/nofp\libc_nano.a(lib_a-sprintf.o)
                0x000000000800bf28                siprintf
                0x000000000800bf28                sprintf
 .text.strchr   0x000000000800bf68       0x1c c:/st/stm32cubeide_1.12.0/stm32cubeide/plugins/com.st.stm32cube.ide.mcu.externaltools.gnu-tools-for-stm32.10.3-2021.10.win32_1.0.200.202301161003/tools/bin/../lib/gcc/arm-none-eabi/10.3.1/../../../../arm-none-eabi/lib/thumb/v6-m/nofp\libc_nano.a(lib_a-strchr.o)
                0x000000000800bf68                strchr
 .text.strncmp  0x000000000800bf84       0x24 c:/st/stm32cubeide_1.12.0/stm32cubeide/plugins/com.st.stm32cube.ide.mcu.externaltools.gnu-tools-for-stm32.10.3-2021.10.win32_1.0.200.202301161003/tools/bin/../lib/gcc/arm-none-eabi/10.3.1/../../../../arm-none-eabi/lib/thumb/v6-m/nofp\libc_nano.a(lib_a-strncmp.o)
                0x000000000800bf84                strncmp
 .text.strncpy  0x000000000800bfa8       0x28 c:/st/stm32cubeide_1.12.0/stm32cubeide/plugins/com.st.stm32cube.ide.mcu.externaltools.gnu-tools-for-stm32.10.3-2021.10.win32_1.0.200.202301161003/tools/bin/../lib/gcc/arm-none-eabi/10.3.1/../../../../arm-none-eabi/lib/thumb/v6-m/nofp\libc_nano.a(lib_a-strncpy.o)
                0x000000000800bfa8                strncpy
 .text._strtol_l.constprop.0
                0x000000000800bfd0      0x11c c:/st/stm32cubeide_1.12.0/stm32cubeide/plugins/com.st.stm32cube.ide.mcu.externaltools.gnu-tools-for-stm32.10.3-2021.10.win32_1.0.200.202301161003/tools/bin/../lib/gcc/arm-none-eabi/10.3.1/../../../../arm-none-eabi/lib/thumb/v6-m/nofp\libc_nano.a(lib_a-strtol.o)
 .text.strtol   0x000000000800c0ec       0x18 c:/st/stm32cubeide_1.12.0/stm32cubeide/plugins/com.st.stm32cube.ide.mcu.externaltools.gnu-tools-for-stm32.10.3-2021.10.win32_1.0.200.202301161003/tools/bin/../lib/gcc/arm-none-eabi/10.3.1/../../../../arm-none-eabi/lib/thumb/v6-m/nofp\libc_nano.a(lib_a-strtol.o)
                0x000000000800c0ec                strtol
 .text.__malloc_lock
                0x000000000800c104       0x10 c:/st/stm32cubeide_1.12.0/stm32cubeide/plugins/com.st.stm32cube.ide.mcu.externaltools.gnu-tools-for-stm32.10.3-2021.10.win32_1.0.200.202301161003/tools/bin/../lib/gcc/arm-none-eabi/10.3.1/../../../../arm-none-eabi/lib/thumb/v6-m/nofp\libc_nano.a(lib_a-mlock.o)
                0x000000000800c104                __malloc_lock
 .text.__malloc_unlock
                0x000000000800c114       0x10 c:/st/stm32cubeide_1.12.0/stm32cubeide/plugins/com.st.stm32cube.ide.mcu.externaltools.gnu-tools-for-stm32.10.3-2021.10.win32_1.0.200.202301161003/tools/bin/../lib/gcc/arm-none-eabi/10.3.1/../../../../arm-none-eabi/lib/thumb/v6-m/nofp\libc_nano.a(lib_a-mlock.o)
                0x000000000800c114                __malloc_unlock
 .text.__ssputs_r
                0x000000000800c124       0xc4 c:/st/stm32cubeide_1.12.0/stm32cubeide/plugins/com.st.stm32cube.ide.mcu.externaltools.gnu-tools-for-stm32.10.3-2021.10.win32_1.0.200.202301161003/tools/bin/../lib/gcc/arm-none-eabi/10.3.1/../../../../arm-none-eabi/lib/thumb/v6-m/nofp\libc_nano.a(lib_a-nano-svfprintf.o)
                0x000000000800c124                __ssputs_r
 .text._svfprintf_r
                0x000000000800c1e8      0x200 c:/st/stm32cubeide_1.12.0/stm32cubeide/plugins/com.st.stm32cube.ide.mcu.externaltools.gnu-tools-for-stm32.10.3-2021.10.win32_1.0.200.202301161003/tools/bin/../lib/gcc/arm-none-eabi/10.3.1/../../../../arm-none-eabi/lib/thumb/v6-m/nofp\libc_nano.a(lib_a-nano-svfprintf.o)
                0x000000000800c1e8                _svfiprintf_r
                0x000000000800c1e8                _svfprintf_r
 .text._printf_common
                0x000000000800c3e8       0xde c:/st/stm32cubeide_1.12.0/stm32cubeide/plugins/com.st.stm32cube.ide.mcu.externaltools.gnu-tools-for-stm32.10.3-2021.10.win32_1.0.200.202301161003/tools/bin/../lib/gcc/arm-none-eabi/10.3.1/../../../../arm-none-eabi/lib/thumb/v6-m/nofp\libc_nano.a(lib_a-nano-vfprintf_i.o)
                0x000000000800c3e8                _printf_common
 *fill*         0x000000000800c4c6        0x2 
 .text._printf_i
                0x000000000800c4c8      0x224 c:/st/stm32cubeide_1.12.0/stm32cubeide/plugins/com.st.stm32cube.ide.mcu.externaltools.gnu-tools-for-stm32.10.3-2021.10.win32_1.0.200.202301161003/tools/bin/../lib/gcc/arm-none-eabi/10.3.1/../../../../arm-none-eabi/lib/thumb/v6-m/nofp\libc_nano.a(lib_a-nano-vfprintf_i.o)
                0x000000000800c4c8                _printf_i
 .text.__retarget_lock_acquire_recursive
                0x000000000800c6ec        0x2 c:/st/stm32cubeide_1.12.0/stm32cubeide/plugins/com.st.stm32cube.ide.mcu.externaltools.gnu-tools-for-stm32.10.3-2021.10.win32_1.0.200.202301161003/tools/bin/../lib/gcc/arm-none-eabi/10.3.1/../../../../arm-none-eabi/lib/thumb/v6-m/nofp\libc_nano.a(lib_a-lock.o)
                0x000000000800c6ec                __retarget_lock_acquire_recursive
 .text.__retarget_lock_release_recursive
                0x000000000800c6ee        0x2 c:/st/stm32cubeide_1.12.0/stm32cubeide/plugins/com.st.stm32cube.ide.mcu.externaltools.gnu-tools-for-stm32.10.3-2021.10.win32_1.0.200.202301161003/tools/bin/../lib/gcc/arm-none-eabi/10.3.1/../../../../arm-none-eabi/lib/thumb/v6-m/nofp\libc_nano.a(lib_a-lock.o)
                0x000000000800c6ee                __retarget_lock_release_recursive
 .text.memchr   0x000000000800c6f0       0x16 c:/st/stm32cubeide_1.12.0/stm32cubeide/plugins/com.st.stm32cube.ide.mcu.externaltools.gnu-tools-for-stm32.10.3-2021.10.win32_1.0.200.202301161003/tools/bin/../lib/gcc/arm-none-eabi/10.3.1/../../../../arm-none-eabi/lib/thumb/v6-m/nofp\libc_nano.a(lib_a-memchr-stub.o)
                0x000000000800c6f0                memchr
 .text.memmove  0x000000000800c706       0x26 c:/st/stm32cubeide_1.12.0/stm32cubeide/plugins/com.st.stm32cube.ide.mcu.externaltools.gnu-tools-for-stm32.10.3-2021.10.win32_1.0.200.202301161003/tools/bin/../lib/gcc/arm-none-eabi/10.3.1/../../../../arm-none-eabi/lib/thumb/v6-m/nofp\libc_nano.a(lib_a-memmove.o)
                0x000000000800c706                memmove
 .text._realloc_r
                0x000000000800c72c       0x5e c:/st/stm32cubeide_1.12.0/stm32cubeide/plugins/com.st.stm32cube.ide.mcu.externaltools.gnu-tools-for-stm32.10.3-2021.10.win32_1.0.200.202301161003/tools/bin/../lib/gcc/arm-none-eabi/10.3.1/../../../../arm-none-eabi/lib/thumb/v6-m/nofp\libc_nano.a(lib_a-nano-reallocr.o)
                0x000000000800c72c                _realloc_r
 .text._malloc_usable_size_r
                0x000000000800c78a       0x10 c:/st/stm32cubeide_1.12.0/stm32cubeide/plugins/com.st.stm32cube.ide.mcu.externaltools.gnu-tools-for-stm32.10.3-2021.10.win32_1.0.200.202301161003/tools/bin/../lib/gcc/arm-none-eabi/10.3.1/../../../../arm-none-eabi/lib/thumb/v6-m/nofp\libc_nano.a(lib_a-nano-msizer.o)
                0x000000000800c78a                _malloc_usable_size_r
 *fill*         0x000000000800c79a        0x2 
 .text.atan     0x000000000800c79c      0x300 c:/st/stm32cubeide_1.12.0/stm32cubeide/plugins/com.st.stm32cube.ide.mcu.externaltools.gnu-tools-for-stm32.10.3-2021.10.win32_1.0.200.202301161003/tools/bin/../lib/gcc/arm-none-eabi/10.3.1/../../../../arm-none-eabi/lib/thumb/v6-m/nofp\libm.a(lib_a-s_atan.o)
                0x000000000800c79c                atan
 .text.fabs     0x000000000800ca9c        0x6 c:/st/stm32cubeide_1.12.0/stm32cubeide/plugins/com.st.stm32cube.ide.mcu.externaltools.gnu-tools-for-stm32.10.3-2021.10.win32_1.0.200.202301161003/tools/bin/../lib/gcc/arm-none-eabi/10.3.1/../../../../arm-none-eabi/lib/thumb/v6-m/nofp\libm.a(lib_a-s_fabs.o)
                0x000000000800ca9c                fabs
 .text.atan2    0x000000000800caa2        0x8 c:/st/stm32cubeide_1.12.0/stm32cubeide/plugins/com.st.stm32cube.ide.mcu.externaltools.gnu-tools-for-stm32.10.3-2021.10.win32_1.0.200.202301161003/tools/bin/../lib/gcc/arm-none-eabi/10.3.1/../../../../arm-none-eabi/lib/thumb/v6-m/nofp\libm.a(lib_a-w_atan2.o)
                0x000000000800caa2                atan2
 .text.sqrt     0x000000000800caaa       0x4c c:/st/stm32cubeide_1.12.0/stm32cubeide/plugins/com.st.stm32cube.ide.mcu.externaltools.gnu-tools-for-stm32.10.3-2021.10.win32_1.0.200.202301161003/tools/bin/../lib/gcc/arm-none-eabi/10.3.1/../../../../arm-none-eabi/lib/thumb/v6-m/nofp\libm.a(lib_a-w_sqrt.o)
                0x000000000800caaa                sqrt
 *fill*         0x000000000800caf6        0x2 
 .text.__ieee754_atan2
                0x000000000800caf8      0x158 c:/st/stm32cubeide_1.12.0/stm32cubeide/plugins/com.st.stm32cube.ide.mcu.externaltools.gnu-tools-for-stm32.10.3-2021.10.win32_1.0.200.202301161003/tools/bin/../lib/gcc/arm-none-eabi/10.3.1/../../../../arm-none-eabi/lib/thumb/v6-m/nofp\libm.a(lib_a-e_atan2.o)
                0x000000000800caf8                __ieee754_atan2
 .text.__ieee754_sqrt
                0x000000000800cc50      0x16c c:/st/stm32cubeide_1.12.0/stm32cubeide/plugins/com.st.stm32cube.ide.mcu.externaltools.gnu-tools-for-stm32.10.3-2021.10.win32_1.0.200.202301161003/tools/bin/../lib/gcc/arm-none-eabi/10.3.1/../../../../arm-none-eabi/lib/thumb/v6-m/nofp\libm.a(lib_a-e_sqrt.o)
                0x000000000800cc50                __ieee754_sqrt
 *(.glue_7)
 .glue_7        0x000000000800cdbc        0x0 linker stubs
 *(.glue_7t)
 .glue_7t       0x000000000800cdbc        0x0 linker stubs
 *(.eh_frame)
 .eh_frame      0x000000000800cdbc        0x0 c:/st/stm32cubeide_1.12.0/stm32cubeide/plugins/com.st.stm32cube.ide.mcu.externaltools.gnu-tools-for-stm32.10.3-2021.10.win32_1.0.200.202301161003/tools/bin/../lib/gcc/arm-none-eabi/10.3.1/thumb/v6-m/nofp/crtbegin.o
 *(.init)
 .init          0x000000000800cdbc        0x4 c:/st/stm32cubeide_1.12.0/stm32cubeide/plugins/com.st.stm32cube.ide.mcu.externaltools.gnu-tools-for-stm32.10.3-2021.10.win32_1.0.200.202301161003/tools/bin/../lib/gcc/arm-none-eabi/10.3.1/thumb/v6-m/nofp/crti.o
                0x000000000800cdbc                _init
 .init          0x000000000800cdc0        0x8 c:/st/stm32cubeide_1.12.0/stm32cubeide/plugins/com.st.stm32cube.ide.mcu.externaltools.gnu-tools-for-stm32.10.3-2021.10.win32_1.0.200.202301161003/tools/bin/../lib/gcc/arm-none-eabi/10.3.1/thumb/v6-m/nofp/crtn.o
 *(.fini)
 .fini          0x000000000800cdc8        0x4 c:/st/stm32cubeide_1.12.0/stm32cubeide/plugins/com.st.stm32cube.ide.mcu.externaltools.gnu-tools-for-stm32.10.3-2021.10.win32_1.0.200.202301161003/tools/bin/../lib/gcc/arm-none-eabi/10.3.1/thumb/v6-m/nofp/crti.o
                0x000000000800cdc8                _fini
 .fini          0x000000000800cdcc        0x8 c:/st/stm32cubeide_1.12.0/stm32cubeide/plugins/com.st.stm32cube.ide.mcu.externaltools.gnu-tools-for-stm32.10.3-2021.10.win32_1.0.200.202301161003/tools/bin/../lib/gcc/arm-none-eabi/10.3.1/thumb/v6-m/nofp/crtn.o
                0x000000000800cdd4                . = ALIGN (0x4)
                0x000000000800cdd4                _etext = .

.vfp11_veneer   0x000000000800cdd4        0x0
 .vfp11_veneer  0x000000000800cdd4        0x0 linker stubs

.v4_bx          0x000000000800cdd4        0x0
 .v4_bx         0x000000000800cdd4        0x0 linker stubs

.iplt           0x000000000800cdd4        0x0
 .iplt          0x000000000800cdd4        0x0 c:/st/stm32cubeide_1.12.0/stm32cubeide/plugins/com.st.stm32cube.ide.mcu.externaltools.gnu-tools-for-stm32.10.3-2021.10.win32_1.0.200.202301161003/tools/bin/../lib/gcc/arm-none-eabi/10.3.1/thumb/v6-m/nofp/crtbegin.o

.rodata         0x000000000800cdd8      0x898
                0x000000000800cdd8                . = ALIGN (0x4)
 *(.rodata)
 .rodata        0x000000000800cdd8       0x14 ./Core/Src/LSM6DS3TR.o
 .rodata        0x000000000800cdec       0xde ./Core/Src/command.o
 *fill*         0x000000000800ceca        0x2 
 .rodata        0x000000000800cecc       0x5e ./Core/Src/flash.o
 *fill*         0x000000000800cf2a        0x2 
 .rodata        0x000000000800cf2c      0x223 ./Core/Src/main.o
 *fill*         0x000000000800d14f        0x1 
 .rodata        0x000000000800d150       0x1a ./Core/Src/printf-stdarg.o
 *fill*         0x000000000800d16a        0x2 
 .rodata        0x000000000800d16c       0x80 c:/st/stm32cubeide_1.12.0/stm32cubeide/plugins/com.st.stm32cube.ide.mcu.externaltools.gnu-tools-for-stm32.10.3-2021.10.win32_1.0.200.202301161003/tools/bin/../lib/gcc/arm-none-eabi/10.3.1/thumb/v6-m/nofp\libgcc.a(divsf3.o)
 .rodata        0x000000000800d1ec       0x40 c:/st/stm32cubeide_1.12.0/stm32cubeide/plugins/com.st.stm32cube.ide.mcu.externaltools.gnu-tools-for-stm32.10.3-2021.10.win32_1.0.200.202301161003/tools/bin/../lib/gcc/arm-none-eabi/10.3.1/thumb/v6-m/nofp\libgcc.a(mulsf3.o)
 .rodata        0x000000000800d22c       0x40 c:/st/stm32cubeide_1.12.0/stm32cubeide/plugins/com.st.stm32cube.ide.mcu.externaltools.gnu-tools-for-stm32.10.3-2021.10.win32_1.0.200.202301161003/tools/bin/../lib/gcc/arm-none-eabi/10.3.1/thumb/v6-m/nofp\libgcc.a(divdf3.o)
 .rodata        0x000000000800d26c       0x40 c:/st/stm32cubeide_1.12.0/stm32cubeide/plugins/com.st.stm32cube.ide.mcu.externaltools.gnu-tools-for-stm32.10.3-2021.10.win32_1.0.200.202301161003/tools/bin/../lib/gcc/arm-none-eabi/10.3.1/thumb/v6-m/nofp\libgcc.a(muldf3.o)
 *(.rodata*)
 .rodata.__func__.0
                0x000000000800d2ac       0x11 ./Core/Src/LSM6DS3TR.o
 *fill*         0x000000000800d2bd        0x3 
 .rodata.uvsnprintf
                0x000000000800d2c0      0x150 ./Core/Src/printf-stdarg.o
 .rodata.xvprintf
                0x000000000800d410       0x5c ./Core/Src/xprintf.o
 .rodata._ctype_
                0x000000000800d46c      0x101 c:/st/stm32cubeide_1.12.0/stm32cubeide/plugins/com.st.stm32cube.ide.mcu.externaltools.gnu-tools-for-stm32.10.3-2021.10.win32_1.0.200.202301161003/tools/bin/../lib/gcc/arm-none-eabi/10.3.1/../../../../arm-none-eabi/lib/thumb/v6-m/nofp\libc_nano.a(lib_a-ctype_.o)
                0x000000000800d46c                _ctype_
 .rodata._svfprintf_r.str1.1
                0x000000000800d56d       0x11 c:/st/stm32cubeide_1.12.0/stm32cubeide/plugins/com.st.stm32cube.ide.mcu.externaltools.gnu-tools-for-stm32.10.3-2021.10.win32_1.0.200.202301161003/tools/bin/../lib/gcc/arm-none-eabi/10.3.1/../../../../arm-none-eabi/lib/thumb/v6-m/nofp\libc_nano.a(lib_a-nano-svfprintf.o)
 .rodata._printf_i.str1.1
                0x000000000800d57e       0x22 c:/st/stm32cubeide_1.12.0/stm32cubeide/plugins/com.st.stm32cube.ide.mcu.externaltools.gnu-tools-for-stm32.10.3-2021.10.win32_1.0.200.202301161003/tools/bin/../lib/gcc/arm-none-eabi/10.3.1/../../../../arm-none-eabi/lib/thumb/v6-m/nofp\libc_nano.a(lib_a-nano-vfprintf_i.o)
 .rodata.__sf_fake_stderr
                0x000000000800d5a0       0x20 c:/st/stm32cubeide_1.12.0/stm32cubeide/plugins/com.st.stm32cube.ide.mcu.externaltools.gnu-tools-for-stm32.10.3-2021.10.win32_1.0.200.202301161003/tools/bin/../lib/gcc/arm-none-eabi/10.3.1/../../../../arm-none-eabi/lib/thumb/v6-m/nofp\libc_nano.a(lib_a-findfp.o)
                0x000000000800d5a0                __sf_fake_stderr
 .rodata.__sf_fake_stdin
                0x000000000800d5c0       0x20 c:/st/stm32cubeide_1.12.0/stm32cubeide/plugins/com.st.stm32cube.ide.mcu.externaltools.gnu-tools-for-stm32.10.3-2021.10.win32_1.0.200.202301161003/tools/bin/../lib/gcc/arm-none-eabi/10.3.1/../../../../arm-none-eabi/lib/thumb/v6-m/nofp\libc_nano.a(lib_a-findfp.o)
                0x000000000800d5c0                __sf_fake_stdin
 .rodata.__sf_fake_stdout
                0x000000000800d5e0       0x20 c:/st/stm32cubeide_1.12.0/stm32cubeide/plugins/com.st.stm32cube.ide.mcu.externaltools.gnu-tools-for-stm32.10.3-2021.10.win32_1.0.200.202301161003/tools/bin/../lib/gcc/arm-none-eabi/10.3.1/../../../../arm-none-eabi/lib/thumb/v6-m/nofp\libc_nano.a(lib_a-findfp.o)
                0x000000000800d5e0                __sf_fake_stdout
 .rodata.atanhi
                0x000000000800d600       0x20 c:/st/stm32cubeide_1.12.0/stm32cubeide/plugins/com.st.stm32cube.ide.mcu.externaltools.gnu-tools-for-stm32.10.3-2021.10.win32_1.0.200.202301161003/tools/bin/../lib/gcc/arm-none-eabi/10.3.1/../../../../arm-none-eabi/lib/thumb/v6-m/nofp\libm.a(lib_a-s_atan.o)
 .rodata.atanlo
                0x000000000800d620       0x20 c:/st/stm32cubeide_1.12.0/stm32cubeide/plugins/com.st.stm32cube.ide.mcu.externaltools.gnu-tools-for-stm32.10.3-2021.10.win32_1.0.200.202301161003/tools/bin/../lib/gcc/arm-none-eabi/10.3.1/../../../../arm-none-eabi/lib/thumb/v6-m/nofp\libm.a(lib_a-s_atan.o)
 .rodata.CSWTCH.8
                0x000000000800d640       0x18 c:/st/stm32cubeide_1.12.0/stm32cubeide/plugins/com.st.stm32cube.ide.mcu.externaltools.gnu-tools-for-stm32.10.3-2021.10.win32_1.0.200.202301161003/tools/bin/../lib/gcc/arm-none-eabi/10.3.1/../../../../arm-none-eabi/lib/thumb/v6-m/nofp\libm.a(lib_a-e_atan2.o)
 .rodata.CSWTCH.9
                0x000000000800d658       0x18 c:/st/stm32cubeide_1.12.0/stm32cubeide/plugins/com.st.stm32cube.ide.mcu.externaltools.gnu-tools-for-stm32.10.3-2021.10.win32_1.0.200.202301161003/tools/bin/../lib/gcc/arm-none-eabi/10.3.1/../../../../arm-none-eabi/lib/thumb/v6-m/nofp\libm.a(lib_a-e_atan2.o)
                0x000000000800d670                . = ALIGN (0x4)

.rel.dyn        0x000000000800d670        0x0
 .rel.iplt      0x000000000800d670        0x0 c:/st/stm32cubeide_1.12.0/stm32cubeide/plugins/com.st.stm32cube.ide.mcu.externaltools.gnu-tools-for-stm32.10.3-2021.10.win32_1.0.200.202301161003/tools/bin/../lib/gcc/arm-none-eabi/10.3.1/thumb/v6-m/nofp/crtbegin.o

.ARM.extab      0x000000000800d670        0x0
                0x000000000800d670                . = ALIGN (0x4)
 *(.ARM.extab* .gnu.linkonce.armextab.*)
                0x000000000800d670                . = ALIGN (0x4)

.ARM            0x000000000800d670        0x0
                0x000000000800d670                . = ALIGN (0x4)
                0x000000000800d670                __exidx_start = .
 *(.ARM.exidx*)
                0x000000000800d670                __exidx_end = .
                0x000000000800d670                . = ALIGN (0x4)

.preinit_array  0x000000000800d670        0x0
                0x000000000800d670                . = ALIGN (0x4)
                0x000000000800d670                PROVIDE (__preinit_array_start = .)
 *(.preinit_array*)
                0x000000000800d670                PROVIDE (__preinit_array_end = .)
                0x000000000800d670                . = ALIGN (0x4)

.init_array     0x000000000800d670        0x4
                0x000000000800d670                . = ALIGN (0x4)
                0x000000000800d670                PROVIDE (__init_array_start = .)
 *(SORT_BY_NAME(.init_array.*))
 *(.init_array*)
 .init_array    0x000000000800d670        0x4 c:/st/stm32cubeide_1.12.0/stm32cubeide/plugins/com.st.stm32cube.ide.mcu.externaltools.gnu-tools-for-stm32.10.3-2021.10.win32_1.0.200.202301161003/tools/bin/../lib/gcc/arm-none-eabi/10.3.1/thumb/v6-m/nofp/crtbegin.o
                0x000000000800d674                PROVIDE (__init_array_end = .)
                0x000000000800d674                . = ALIGN (0x4)

.fini_array     0x000000000800d674        0x4
                0x000000000800d674                . = ALIGN (0x4)
                [!provide]                        PROVIDE (__fini_array_start = .)
 *(SORT_BY_NAME(.fini_array.*))
 *(.fini_array*)
 .fini_array    0x000000000800d674        0x4 c:/st/stm32cubeide_1.12.0/stm32cubeide/plugins/com.st.stm32cube.ide.mcu.externaltools.gnu-tools-for-stm32.10.3-2021.10.win32_1.0.200.202301161003/tools/bin/../lib/gcc/arm-none-eabi/10.3.1/thumb/v6-m/nofp/crtbegin.o
                [!provide]                        PROVIDE (__fini_array_end = .)
                0x000000000800d678                . = ALIGN (0x4)
                0x000000000800d678                _sidata = LOADADDR (.data)

.data           0x0000000020000000      0x120 load address 0x000000000800d678
                0x0000000020000000                . = ALIGN (0x4)
                0x0000000020000000                _sdata = .
 *(.data)
 *(.data*)
 .data.SensorEMA5
                0x0000000020000000       0x10 ./Core/Src/EMA.o
                0x0000000020000000                SensorEMA5
 .data.SensorEMA10
                0x0000000020000010       0x10 ./Core/Src/EMA.o
                0x0000000020000010                SensorEMA10
 .data.gyroZ_offset
                0x0000000020000020        0x8 ./Core/Src/KalmanFilter.o
                0x0000000020000020                gyroZ_offset
 .data.handlers
                0x0000000020000028       0x78 ./Core/Src/command.o
                0x0000000020000028                handlers
 .data.compare_levels
                0x00000000200000a0       0x18 ./Core/Src/main.o
                0x00000000200000a0                compare_levels
 .data.uwTickFreq
                0x00000000200000b8        0x1 ./Drivers/STM32G0xx_HAL_Driver/Src/stm32g0xx_hal.o
                0x00000000200000b8                uwTickFreq
 *fill*         0x00000000200000b9        0x3 
 .data._impure_ptr
                0x00000000200000bc        0x4 c:/st/stm32cubeide_1.12.0/stm32cubeide/plugins/com.st.stm32cube.ide.mcu.externaltools.gnu-tools-for-stm32.10.3-2021.10.win32_1.0.200.202301161003/tools/bin/../lib/gcc/arm-none-eabi/10.3.1/../../../../arm-none-eabi/lib/thumb/v6-m/nofp\libc_nano.a(lib_a-impure.o)
                0x00000000200000bc                _impure_ptr
 .data.impure_data
                0x00000000200000c0       0x60 c:/st/stm32cubeide_1.12.0/stm32cubeide/plugins/com.st.stm32cube.ide.mcu.externaltools.gnu-tools-for-stm32.10.3-2021.10.win32_1.0.200.202301161003/tools/bin/../lib/gcc/arm-none-eabi/10.3.1/../../../../arm-none-eabi/lib/thumb/v6-m/nofp\libc_nano.a(lib_a-impure.o)
 *(.RamFunc)
 *(.RamFunc*)
                0x0000000020000120                . = ALIGN (0x4)
                0x0000000020000120                _edata = .

.igot.plt       0x0000000020000120        0x0 load address 0x000000000800d798
 .igot.plt      0x0000000020000120        0x0 c:/st/stm32cubeide_1.12.0/stm32cubeide/plugins/com.st.stm32cube.ide.mcu.externaltools.gnu-tools-for-stm32.10.3-2021.10.win32_1.0.200.202301161003/tools/bin/../lib/gcc/arm-none-eabi/10.3.1/thumb/v6-m/nofp/crtbegin.o
                0x0000000020000120                . = ALIGN (0x4)

.bss            0x0000000020000120      0xf30 load address 0x000000000800d798
                0x0000000020000120                _sbss = .
                0x0000000020000120                __bss_start__ = _sbss
 *(.bss)
 .bss           0x0000000020000120       0x1c c:/st/stm32cubeide_1.12.0/stm32cubeide/plugins/com.st.stm32cube.ide.mcu.externaltools.gnu-tools-for-stm32.10.3-2021.10.win32_1.0.200.202301161003/tools/bin/../lib/gcc/arm-none-eabi/10.3.1/thumb/v6-m/nofp/crtbegin.o
 *(.bss*)
 .bss.KalmanX   0x000000002000013c       0x28 ./Core/Src/KalmanFilter.o
                0x000000002000013c                KalmanX
 .bss.KalmanY   0x0000000020000164       0x28 ./Core/Src/KalmanFilter.o
                0x0000000020000164                KalmanY
 *fill*         0x000000002000018c        0x4 
 .bss.kalAngleZ
                0x0000000020000190        0x8 ./Core/Src/KalmanFilter.o
                0x0000000020000190                kalAngleZ
 .bss.Kalman_Timer
                0x0000000020000198        0x4 ./Core/Src/KalmanFilter.o
 .bss.ExecuteMax
                0x000000002000019c        0x4 ./Core/Src/KalmanFilter.o
 .bss.KalmanFlag
                0x00000000200001a0        0x1 ./Core/Src/KalmanFilter.o
 *fill*         0x00000000200001a1        0x3 
 .bss.Calculated_Pitch
                0x00000000200001a4        0x4 ./Core/Src/KalmanFilter.o
 .bss.Calculated_Roll
                0x00000000200001a8        0x4 ./Core/Src/KalmanFilter.o
 .bss.Calculated_yaw
                0x00000000200001ac        0x4 ./Core/Src/KalmanFilter.o
 .bss.Tick_frequency
                0x00000000200001b0        0x4 ./Core/Src/KalmanFilter.o
 *fill*         0x00000000200001b4        0x4 
 .bss.accX      0x00000000200001b8        0x8 ./Core/Src/KalmanFilter.o
                0x00000000200001b8                accX
 .bss.accY      0x00000000200001c0        0x8 ./Core/Src/KalmanFilter.o
                0x00000000200001c0                accY
 .bss.accZ      0x00000000200001c8        0x8 ./Core/Src/KalmanFilter.o
                0x00000000200001c8                accZ
 .bss.gyroX     0x00000000200001d0        0x8 ./Core/Src/KalmanFilter.o
                0x00000000200001d0                gyroX
 .bss.gyroY     0x00000000200001d8        0x8 ./Core/Src/KalmanFilter.o
                0x00000000200001d8                gyroY
 .bss.gyroZ     0x00000000200001e0        0x8 ./Core/Src/KalmanFilter.o
                0x00000000200001e0                gyroZ
 .bss.current_time.3
                0x00000000200001e8        0x4 ./Core/Src/KalmanFilter.o
 .bss.last_time.2
                0x00000000200001ec        0x4 ./Core/Src/KalmanFilter.o
 .bss.LSM6DS3_parameters
                0x00000000200001f0        0xc ./Core/Src/LSM6DS3TR.o
 .bss.LSM6DS3_data
                0x00000000200001fc        0xe ./Core/Src/LSM6DS3TR.o
 *fill*         0x000000002000020a        0x2 
 .bss.response  0x000000002000020c        0x4 ./Core/Src/command.o
 .bss.Response  0x0000000020000210      0x100 ./Core/Src/command.o
 .bss.write_flash
                0x0000000020000310        0x4 ./Core/Src/command.o
                0x0000000020000310                write_flash
 .bss.htim2     0x0000000020000314       0x4c ./Core/Src/main.o
                0x0000000020000314                htim2
 .bss.ulSecCount
                0x0000000020000360        0x4 ./Core/Src/main.o
                0x0000000020000360                ulSecCount
 .bss.ulMiliCount
                0x0000000020000364        0x4 ./Core/Src/main.o
                0x0000000020000364                ulMiliCount
 .bss.g_config  0x0000000020000368       0x1c ./Core/Src/main.o
                0x0000000020000368                g_config
 .bss.g_appStats
                0x0000000020000384       0x6c ./Core/Src/main.o
                0x0000000020000384                g_appStats
 .bss.lastSentToTracker
                0x00000000200003f0        0x4 ./Core/Src/main.o
                0x00000000200003f0                lastSentToTracker
 .bss.lastStoreAverage
                0x00000000200003f4        0x4 ./Core/Src/main.o
                0x00000000200003f4                lastStoreAverage
 .bss.avrFreq   0x00000000200003f8      0x1a4 ./Core/Src/main.o
                0x00000000200003f8                avrFreq
 .bss.min3DFreq
                0x000000002000059c      0x1a4 ./Core/Src/main.o
                0x000000002000059c                min3DFreq
 .bss.avrFreq3D
                0x0000000020000740      0x1a4 ./Core/Src/main.o
                0x0000000020000740                avrFreq3D
 .bss.same3DFreq
                0x00000000200008e4      0x1a4 ./Core/Src/main.o
                0x00000000200008e4                same3DFreq
 .bss.storeLevels
                0x0000000020000a88      0x348 ./Core/Src/main.o
                0x0000000020000a88                storeLevels
 .bss.idx       0x0000000020000dd0        0x1 ./Core/Src/main.o
                0x0000000020000dd0                idx
 .bss.sameIdx   0x0000000020000dd1        0x1 ./Core/Src/main.o
                0x0000000020000dd1                sameIdx
 .bss.idx3D     0x0000000020000dd2        0x1 ./Core/Src/main.o
                0x0000000020000dd2                idx3D
 *fill*         0x0000000020000dd3        0x1 
 .bss.IC4ReadValue1
                0x0000000020000dd4        0x4 ./Core/Src/main.o
                0x0000000020000dd4                IC4ReadValue1
 .bss.IC4ReadValue2
                0x0000000020000dd8        0x4 ./Core/Src/main.o
                0x0000000020000dd8                IC4ReadValue2
 .bss.isFirstCap
                0x0000000020000ddc        0x1 ./Core/Src/main.o
                0x0000000020000ddc                isFirstCap
 *fill*         0x0000000020000ddd        0x3 
 .bss.capture   0x0000000020000de0        0x4 ./Core/Src/main.o
                0x0000000020000de0                capture
 .bss.prePulse  0x0000000020000de4       0x1c ./Core/Src/main.o
                0x0000000020000de4                prePulse
 .bss.preErrorState
                0x0000000020000e00        0x1 ./Core/Src/main.o
                0x0000000020000e00                preErrorState
 *fill*         0x0000000020000e01        0x3 
 .bss.lastBackNormal
                0x0000000020000e04        0x4 ./Core/Src/main.o
                0x0000000020000e04                lastBackNormal
 .bss.avrTimFreq
                0x0000000020000e08       0x14 ./Core/Src/main.o
                0x0000000020000e08                avrTimFreq
 .bss.freqIdx   0x0000000020000e1c        0x4 ./Core/Src/main.o
                0x0000000020000e1c                freqIdx
 .bss.lastFreg  0x0000000020000e20        0x4 ./Core/Src/main.o
                0x0000000020000e20                lastFreg
 .bss.cutOff    0x0000000020000e24        0x4 ./Core/Src/main.o
                0x0000000020000e24                cutOff
 .bss.buff_cmd  0x0000000020000e28      0x100 ./Core/Src/main.o
                0x0000000020000e28                buff_cmd
 .bss.buff_cmd_tmp
                0x0000000020000f28      0x100 ./Core/Src/main.o
                0x0000000020000f28                buff_cmd_tmp
 .bss.buff_idx  0x0000000020001028        0x4 ./Core/Src/main.o
                0x0000000020001028                buff_idx
 .bss.ulTickCount
                0x000000002000102c        0x4 ./Core/Src/stm32g0xx_it.o
 .bss.__sbrk_heap_end
                0x0000000020001030        0x4 ./Core/Src/sysmem.o
 .bss.xfunc_out
                0x0000000020001034        0x4 ./Core/Src/xprintf.o
                0x0000000020001034                xfunc_out
 .bss.outptr    0x0000000020001038        0x4 ./Core/Src/xprintf.o
 .bss.uwTick    0x000000002000103c        0x4 ./Drivers/STM32G0xx_HAL_Driver/Src/stm32g0xx_hal.o
                0x000000002000103c                uwTick
 .bss.__malloc_free_list
                0x0000000020001040        0x4 c:/st/stm32cubeide_1.12.0/stm32cubeide/plugins/com.st.stm32cube.ide.mcu.externaltools.gnu-tools-for-stm32.10.3-2021.10.win32_1.0.200.202301161003/tools/bin/../lib/gcc/arm-none-eabi/10.3.1/../../../../arm-none-eabi/lib/thumb/v6-m/nofp\libc_nano.a(lib_a-nano-mallocr.o)
                0x0000000020001040                __malloc_free_list
 .bss.__malloc_sbrk_start
                0x0000000020001044        0x4 c:/st/stm32cubeide_1.12.0/stm32cubeide/plugins/com.st.stm32cube.ide.mcu.externaltools.gnu-tools-for-stm32.10.3-2021.10.win32_1.0.200.202301161003/tools/bin/../lib/gcc/arm-none-eabi/10.3.1/../../../../arm-none-eabi/lib/thumb/v6-m/nofp\libc_nano.a(lib_a-nano-mallocr.o)
                0x0000000020001044                __malloc_sbrk_start
 .bss.errno     0x0000000020001048        0x4 c:/st/stm32cubeide_1.12.0/stm32cubeide/plugins/com.st.stm32cube.ide.mcu.externaltools.gnu-tools-for-stm32.10.3-2021.10.win32_1.0.200.202301161003/tools/bin/../lib/gcc/arm-none-eabi/10.3.1/../../../../arm-none-eabi/lib/thumb/v6-m/nofp\libc_nano.a(lib_a-reent.o)
                0x0000000020001048                errno
 .bss.__lock___malloc_recursive_mutex
                0x000000002000104c        0x1 c:/st/stm32cubeide_1.12.0/stm32cubeide/plugins/com.st.stm32cube.ide.mcu.externaltools.gnu-tools-for-stm32.10.3-2021.10.win32_1.0.200.202301161003/tools/bin/../lib/gcc/arm-none-eabi/10.3.1/../../../../arm-none-eabi/lib/thumb/v6-m/nofp\libc_nano.a(lib_a-lock.o)
                0x000000002000104c                __lock___malloc_recursive_mutex
 *(COMMON)
                0x0000000020001050                . = ALIGN (0x4)
 *fill*         0x000000002000104d        0x3 
                0x0000000020001050                _ebss = .
                0x0000000020001050                __bss_end__ = _ebss

._user_heap_stack
                0x0000000020001050      0x600 load address 0x000000000800d798
                0x0000000020001050                . = ALIGN (0x8)
                [!provide]                        PROVIDE (end = .)
                0x0000000020001050                PROVIDE (_end = .)
                0x0000000020001250                . = (. + _Min_Heap_Size)
 *fill*         0x0000000020001050      0x200 
                0x0000000020001650                . = (. + _Min_Stack_Size)
 *fill*         0x0000000020001250      0x400 
                0x0000000020001650                . = ALIGN (0x8)

/DISCARD/
 libc.a(*)
 libm.a(*)
 libgcc.a(*)

.ARM.attributes
                0x0000000000000000       0x28
 *(.ARM.attributes)
 .ARM.attributes
                0x0000000000000000       0x1e c:/st/stm32cubeide_1.12.0/stm32cubeide/plugins/com.st.stm32cube.ide.mcu.externaltools.gnu-tools-for-stm32.10.3-2021.10.win32_1.0.200.202301161003/tools/bin/../lib/gcc/arm-none-eabi/10.3.1/thumb/v6-m/nofp/crti.o
 .ARM.attributes
                0x000000000000001e       0x2c c:/st/stm32cubeide_1.12.0/stm32cubeide/plugins/com.st.stm32cube.ide.mcu.externaltools.gnu-tools-for-stm32.10.3-2021.10.win32_1.0.200.202301161003/tools/bin/../lib/gcc/arm-none-eabi/10.3.1/thumb/v6-m/nofp/crtbegin.o
 .ARM.attributes
                0x000000000000004a       0x2c ./Core/Src/EMA.o
 .ARM.attributes
                0x0000000000000076       0x2c ./Core/Src/KalmanFilter.o
 .ARM.attributes
                0x00000000000000a2       0x2c ./Core/Src/LSM6DS3TR.o
 .ARM.attributes
                0x00000000000000ce       0x2c ./Core/Src/command.o
 .ARM.attributes
                0x00000000000000fa       0x2c ./Core/Src/delay.o
 .ARM.attributes
                0x0000000000000126       0x2c ./Core/Src/drv_io.o
 .ARM.attributes
                0x0000000000000152       0x2c ./Core/Src/drv_spi.o
 .ARM.attributes
                0x000000000000017e       0x2c ./Core/Src/dvr_flash.o
 .ARM.attributes
                0x00000000000001aa       0x2c ./Core/Src/dvr_uart.o
 .ARM.attributes
                0x00000000000001d6       0x2c ./Core/Src/flash.o
 .ARM.attributes
                0x0000000000000202       0x2c ./Core/Src/main.o
 .ARM.attributes
                0x000000000000022e       0x2c ./Core/Src/printf-stdarg.o
 .ARM.attributes
                0x000000000000025a       0x2c ./Core/Src/spi.o
 .ARM.attributes
                0x0000000000000286       0x2c ./Core/Src/stm32g0xx_hal_msp.o
 .ARM.attributes
                0x00000000000002b2       0x2c ./Core/Src/stm32g0xx_it.o
 .ARM.attributes
                0x00000000000002de       0x2c ./Core/Src/sysmem.o
 .ARM.attributes
                0x000000000000030a       0x2c ./Core/Src/system_g031.o
 .ARM.attributes
                0x0000000000000336       0x2c ./Core/Src/xprintf.o
 .ARM.attributes
                0x0000000000000362       0x22 ./Core/Startup/startup_stm32g031c8tx.o
 .ARM.attributes
                0x0000000000000384       0x2c ./Drivers/STM32G0xx_HAL_Driver/Src/stm32g0xx_hal.o
 .ARM.attributes
                0x00000000000003b0       0x2c ./Drivers/STM32G0xx_HAL_Driver/Src/stm32g0xx_hal_cortex.o
 .ARM.attributes
                0x00000000000003dc       0x2c ./Drivers/STM32G0xx_HAL_Driver/Src/stm32g0xx_hal_gpio.o
 .ARM.attributes
                0x0000000000000408       0x2c ./Drivers/STM32G0xx_HAL_Driver/Src/stm32g0xx_hal_tim.o
 .ARM.attributes
                0x0000000000000434       0x2c ./Drivers/STM32G0xx_HAL_Driver/Src/stm32g0xx_hal_tim_ex.o
 .ARM.attributes
                0x0000000000000460       0x2c c:/st/stm32cubeide_1.12.0/stm32cubeide/plugins/com.st.stm32cube.ide.mcu.externaltools.gnu-tools-for-stm32.10.3-2021.10.win32_1.0.200.202301161003/tools/bin/../lib/gcc/arm-none-eabi/10.3.1/../../../../arm-none-eabi/lib/thumb/v6-m/nofp\libc_nano.a(lib_a-atoi.o)
 .ARM.attributes
                0x000000000000048c       0x2c c:/st/stm32cubeide_1.12.0/stm32cubeide/plugins/com.st.stm32cube.ide.mcu.externaltools.gnu-tools-for-stm32.10.3-2021.10.win32_1.0.200.202301161003/tools/bin/../lib/gcc/arm-none-eabi/10.3.1/../../../../arm-none-eabi/lib/thumb/v6-m/nofp\libc_nano.a(lib_a-errno.o)
 .ARM.attributes
                0x00000000000004b8       0x2c c:/st/stm32cubeide_1.12.0/stm32cubeide/plugins/com.st.stm32cube.ide.mcu.externaltools.gnu-tools-for-stm32.10.3-2021.10.win32_1.0.200.202301161003/tools/bin/../lib/gcc/arm-none-eabi/10.3.1/../../../../arm-none-eabi/lib/thumb/v6-m/nofp\libc_nano.a(lib_a-impure.o)
 .ARM.attributes
                0x00000000000004e4       0x2c c:/st/stm32cubeide_1.12.0/stm32cubeide/plugins/com.st.stm32cube.ide.mcu.externaltools.gnu-tools-for-stm32.10.3-2021.10.win32_1.0.200.202301161003/tools/bin/../lib/gcc/arm-none-eabi/10.3.1/../../../../arm-none-eabi/lib/thumb/v6-m/nofp\libc_nano.a(lib_a-init.o)
 .ARM.attributes
                0x0000000000000510       0x2c c:/st/stm32cubeide_1.12.0/stm32cubeide/plugins/com.st.stm32cube.ide.mcu.externaltools.gnu-tools-for-stm32.10.3-2021.10.win32_1.0.200.202301161003/tools/bin/../lib/gcc/arm-none-eabi/10.3.1/../../../../arm-none-eabi/lib/thumb/v6-m/nofp\libc_nano.a(lib_a-memcpy-stub.o)
 .ARM.attributes
                0x000000000000053c       0x2c c:/st/stm32cubeide_1.12.0/stm32cubeide/plugins/com.st.stm32cube.ide.mcu.externaltools.gnu-tools-for-stm32.10.3-2021.10.win32_1.0.200.202301161003/tools/bin/../lib/gcc/arm-none-eabi/10.3.1/../../../../arm-none-eabi/lib/thumb/v6-m/nofp\libc_nano.a(lib_a-memset.o)
 .ARM.attributes
                0x0000000000000568       0x2c c:/st/stm32cubeide_1.12.0/stm32cubeide/plugins/com.st.stm32cube.ide.mcu.externaltools.gnu-tools-for-stm32.10.3-2021.10.win32_1.0.200.202301161003/tools/bin/../lib/gcc/arm-none-eabi/10.3.1/../../../../arm-none-eabi/lib/thumb/v6-m/nofp\libc_nano.a(lib_a-nano-freer.o)
 .ARM.attributes
                0x0000000000000594       0x2c c:/st/stm32cubeide_1.12.0/stm32cubeide/plugins/com.st.stm32cube.ide.mcu.externaltools.gnu-tools-for-stm32.10.3-2021.10.win32_1.0.200.202301161003/tools/bin/../lib/gcc/arm-none-eabi/10.3.1/../../../../arm-none-eabi/lib/thumb/v6-m/nofp\libc_nano.a(lib_a-nano-mallocr.o)
 .ARM.attributes
                0x00000000000005c0       0x2c c:/st/stm32cubeide_1.12.0/stm32cubeide/plugins/com.st.stm32cube.ide.mcu.externaltools.gnu-tools-for-stm32.10.3-2021.10.win32_1.0.200.202301161003/tools/bin/../lib/gcc/arm-none-eabi/10.3.1/../../../../arm-none-eabi/lib/thumb/v6-m/nofp\libc_nano.a(lib_a-sbrkr.o)
 .ARM.attributes
                0x00000000000005ec       0x2c c:/st/stm32cubeide_1.12.0/stm32cubeide/plugins/com.st.stm32cube.ide.mcu.externaltools.gnu-tools-for-stm32.10.3-2021.10.win32_1.0.200.202301161003/tools/bin/../lib/gcc/arm-none-eabi/10.3.1/../../../../arm-none-eabi/lib/thumb/v6-m/nofp\libc_nano.a(lib_a-sprintf.o)
 .ARM.attributes
                0x0000000000000618       0x2c c:/st/stm32cubeide_1.12.0/stm32cubeide/plugins/com.st.stm32cube.ide.mcu.externaltools.gnu-tools-for-stm32.10.3-2021.10.win32_1.0.200.202301161003/tools/bin/../lib/gcc/arm-none-eabi/10.3.1/../../../../arm-none-eabi/lib/thumb/v6-m/nofp\libc_nano.a(lib_a-strchr.o)
 .ARM.attributes
                0x0000000000000644       0x1c c:/st/stm32cubeide_1.12.0/stm32cubeide/plugins/com.st.stm32cube.ide.mcu.externaltools.gnu-tools-for-stm32.10.3-2021.10.win32_1.0.200.202301161003/tools/bin/../lib/gcc/arm-none-eabi/10.3.1/../../../../arm-none-eabi/lib/thumb/v6-m/nofp\libc_nano.a(lib_a-strcmp.o)
 .ARM.attributes
                0x0000000000000660       0x2c c:/st/stm32cubeide_1.12.0/stm32cubeide/plugins/com.st.stm32cube.ide.mcu.externaltools.gnu-tools-for-stm32.10.3-2021.10.win32_1.0.200.202301161003/tools/bin/../lib/gcc/arm-none-eabi/10.3.1/../../../../arm-none-eabi/lib/thumb/v6-m/nofp\libc_nano.a(lib_a-strncmp.o)
 .ARM.attributes
                0x000000000000068c       0x2c c:/st/stm32cubeide_1.12.0/stm32cubeide/plugins/com.st.stm32cube.ide.mcu.externaltools.gnu-tools-for-stm32.10.3-2021.10.win32_1.0.200.202301161003/tools/bin/../lib/gcc/arm-none-eabi/10.3.1/../../../../arm-none-eabi/lib/thumb/v6-m/nofp\libc_nano.a(lib_a-strncpy.o)
 .ARM.attributes
                0x00000000000006b8       0x2c c:/st/stm32cubeide_1.12.0/stm32cubeide/plugins/com.st.stm32cube.ide.mcu.externaltools.gnu-tools-for-stm32.10.3-2021.10.win32_1.0.200.202301161003/tools/bin/../lib/gcc/arm-none-eabi/10.3.1/../../../../arm-none-eabi/lib/thumb/v6-m/nofp\libc_nano.a(lib_a-strtol.o)
 .ARM.attributes
                0x00000000000006e4       0x2c c:/st/stm32cubeide_1.12.0/stm32cubeide/plugins/com.st.stm32cube.ide.mcu.externaltools.gnu-tools-for-stm32.10.3-2021.10.win32_1.0.200.202301161003/tools/bin/../lib/gcc/arm-none-eabi/10.3.1/../../../../arm-none-eabi/lib/thumb/v6-m/nofp\libc_nano.a(lib_a-ctype_.o)
 .ARM.attributes
                0x0000000000000710       0x2c c:/st/stm32cubeide_1.12.0/stm32cubeide/plugins/com.st.stm32cube.ide.mcu.externaltools.gnu-tools-for-stm32.10.3-2021.10.win32_1.0.200.202301161003/tools/bin/../lib/gcc/arm-none-eabi/10.3.1/../../../../arm-none-eabi/lib/thumb/v6-m/nofp\libc_nano.a(lib_a-mlock.o)
 .ARM.attributes
                0x000000000000073c       0x2c c:/st/stm32cubeide_1.12.0/stm32cubeide/plugins/com.st.stm32cube.ide.mcu.externaltools.gnu-tools-for-stm32.10.3-2021.10.win32_1.0.200.202301161003/tools/bin/../lib/gcc/arm-none-eabi/10.3.1/../../../../arm-none-eabi/lib/thumb/v6-m/nofp\libc_nano.a(lib_a-nano-svfprintf.o)
 .ARM.attributes
                0x0000000000000768       0x2c c:/st/stm32cubeide_1.12.0/stm32cubeide/plugins/com.st.stm32cube.ide.mcu.externaltools.gnu-tools-for-stm32.10.3-2021.10.win32_1.0.200.202301161003/tools/bin/../lib/gcc/arm-none-eabi/10.3.1/../../../../arm-none-eabi/lib/thumb/v6-m/nofp\libc_nano.a(lib_a-nano-vfprintf_i.o)
 .ARM.attributes
                0x0000000000000794       0x2c c:/st/stm32cubeide_1.12.0/stm32cubeide/plugins/com.st.stm32cube.ide.mcu.externaltools.gnu-tools-for-stm32.10.3-2021.10.win32_1.0.200.202301161003/tools/bin/../lib/gcc/arm-none-eabi/10.3.1/../../../../arm-none-eabi/lib/thumb/v6-m/nofp\libc_nano.a(lib_a-reent.o)
 .ARM.attributes
                0x00000000000007c0       0x2c c:/st/stm32cubeide_1.12.0/stm32cubeide/plugins/com.st.stm32cube.ide.mcu.externaltools.gnu-tools-for-stm32.10.3-2021.10.win32_1.0.200.202301161003/tools/bin/../lib/gcc/arm-none-eabi/10.3.1/../../../../arm-none-eabi/lib/thumb/v6-m/nofp\libc_nano.a(lib_a-findfp.o)
 .ARM.attributes
                0x00000000000007ec       0x2c c:/st/stm32cubeide_1.12.0/stm32cubeide/plugins/com.st.stm32cube.ide.mcu.externaltools.gnu-tools-for-stm32.10.3-2021.10.win32_1.0.200.202301161003/tools/bin/../lib/gcc/arm-none-eabi/10.3.1/../../../../arm-none-eabi/lib/thumb/v6-m/nofp\libc_nano.a(lib_a-lock.o)
 .ARM.attributes
                0x0000000000000818       0x2c c:/st/stm32cubeide_1.12.0/stm32cubeide/plugins/com.st.stm32cube.ide.mcu.externaltools.gnu-tools-for-stm32.10.3-2021.10.win32_1.0.200.202301161003/tools/bin/../lib/gcc/arm-none-eabi/10.3.1/../../../../arm-none-eabi/lib/thumb/v6-m/nofp\libc_nano.a(lib_a-memchr-stub.o)
 .ARM.attributes
                0x0000000000000844       0x2c c:/st/stm32cubeide_1.12.0/stm32cubeide/plugins/com.st.stm32cube.ide.mcu.externaltools.gnu-tools-for-stm32.10.3-2021.10.win32_1.0.200.202301161003/tools/bin/../lib/gcc/arm-none-eabi/10.3.1/../../../../arm-none-eabi/lib/thumb/v6-m/nofp\libc_nano.a(lib_a-memmove.o)
 .ARM.attributes
                0x0000000000000870       0x2c c:/st/stm32cubeide_1.12.0/stm32cubeide/plugins/com.st.stm32cube.ide.mcu.externaltools.gnu-tools-for-stm32.10.3-2021.10.win32_1.0.200.202301161003/tools/bin/../lib/gcc/arm-none-eabi/10.3.1/../../../../arm-none-eabi/lib/thumb/v6-m/nofp\libc_nano.a(lib_a-nano-reallocr.o)
 .ARM.attributes
                0x000000000000089c       0x2c c:/st/stm32cubeide_1.12.0/stm32cubeide/plugins/com.st.stm32cube.ide.mcu.externaltools.gnu-tools-for-stm32.10.3-2021.10.win32_1.0.200.202301161003/tools/bin/../lib/gcc/arm-none-eabi/10.3.1/../../../../arm-none-eabi/lib/thumb/v6-m/nofp\libc_nano.a(lib_a-nano-msizer.o)
 .ARM.attributes
                0x00000000000008c8       0x2c c:/st/stm32cubeide_1.12.0/stm32cubeide/plugins/com.st.stm32cube.ide.mcu.externaltools.gnu-tools-for-stm32.10.3-2021.10.win32_1.0.200.202301161003/tools/bin/../lib/gcc/arm-none-eabi/10.3.1/../../../../arm-none-eabi/lib/thumb/v6-m/nofp\libm.a(lib_a-s_atan.o)
 .ARM.attributes
                0x00000000000008f4       0x2c c:/st/stm32cubeide_1.12.0/stm32cubeide/plugins/com.st.stm32cube.ide.mcu.externaltools.gnu-tools-for-stm32.10.3-2021.10.win32_1.0.200.202301161003/tools/bin/../lib/gcc/arm-none-eabi/10.3.1/../../../../arm-none-eabi/lib/thumb/v6-m/nofp\libm.a(lib_a-s_fabs.o)
 .ARM.attributes
                0x0000000000000920       0x2c c:/st/stm32cubeide_1.12.0/stm32cubeide/plugins/com.st.stm32cube.ide.mcu.externaltools.gnu-tools-for-stm32.10.3-2021.10.win32_1.0.200.202301161003/tools/bin/../lib/gcc/arm-none-eabi/10.3.1/../../../../arm-none-eabi/lib/thumb/v6-m/nofp\libm.a(lib_a-w_atan2.o)
 .ARM.attributes
                0x000000000000094c       0x2c c:/st/stm32cubeide_1.12.0/stm32cubeide/plugins/com.st.stm32cube.ide.mcu.externaltools.gnu-tools-for-stm32.10.3-2021.10.win32_1.0.200.202301161003/tools/bin/../lib/gcc/arm-none-eabi/10.3.1/../../../../arm-none-eabi/lib/thumb/v6-m/nofp\libm.a(lib_a-w_sqrt.o)
 .ARM.attributes
                0x0000000000000978       0x2c c:/st/stm32cubeide_1.12.0/stm32cubeide/plugins/com.st.stm32cube.ide.mcu.externaltools.gnu-tools-for-stm32.10.3-2021.10.win32_1.0.200.202301161003/tools/bin/../lib/gcc/arm-none-eabi/10.3.1/../../../../arm-none-eabi/lib/thumb/v6-m/nofp\libm.a(lib_a-e_atan2.o)
 .ARM.attributes
                0x00000000000009a4       0x2c c:/st/stm32cubeide_1.12.0/stm32cubeide/plugins/com.st.stm32cube.ide.mcu.externaltools.gnu-tools-for-stm32.10.3-2021.10.win32_1.0.200.202301161003/tools/bin/../lib/gcc/arm-none-eabi/10.3.1/../../../../arm-none-eabi/lib/thumb/v6-m/nofp\libm.a(lib_a-e_sqrt.o)
 .ARM.attributes
                0x00000000000009d0       0x1e c:/st/stm32cubeide_1.12.0/stm32cubeide/plugins/com.st.stm32cube.ide.mcu.externaltools.gnu-tools-for-stm32.10.3-2021.10.win32_1.0.200.202301161003/tools/bin/../lib/gcc/arm-none-eabi/10.3.1/thumb/v6-m/nofp\libgcc.a(_thumb1_case_shi.o)
 .ARM.attributes
                0x00000000000009ee       0x1e c:/st/stm32cubeide_1.12.0/stm32cubeide/plugins/com.st.stm32cube.ide.mcu.externaltools.gnu-tools-for-stm32.10.3-2021.10.win32_1.0.200.202301161003/tools/bin/../lib/gcc/arm-none-eabi/10.3.1/thumb/v6-m/nofp\libgcc.a(_udivsi3.o)
 .ARM.attributes
                0x0000000000000a0c       0x1e c:/st/stm32cubeide_1.12.0/stm32cubeide/plugins/com.st.stm32cube.ide.mcu.externaltools.gnu-tools-for-stm32.10.3-2021.10.win32_1.0.200.202301161003/tools/bin/../lib/gcc/arm-none-eabi/10.3.1/thumb/v6-m/nofp\libgcc.a(_divsi3.o)
 .ARM.attributes
                0x0000000000000a2a       0x1e c:/st/stm32cubeide_1.12.0/stm32cubeide/plugins/com.st.stm32cube.ide.mcu.externaltools.gnu-tools-for-stm32.10.3-2021.10.win32_1.0.200.202301161003/tools/bin/../lib/gcc/arm-none-eabi/10.3.1/thumb/v6-m/nofp\libgcc.a(_dvmd_tls.o)
 .ARM.attributes
                0x0000000000000a48       0x1e c:/st/stm32cubeide_1.12.0/stm32cubeide/plugins/com.st.stm32cube.ide.mcu.externaltools.gnu-tools-for-stm32.10.3-2021.10.win32_1.0.200.202301161003/tools/bin/../lib/gcc/arm-none-eabi/10.3.1/thumb/v6-m/nofp\libgcc.a(_arm_cmpdf2.o)
 .ARM.attributes
                0x0000000000000a66       0x2c c:/st/stm32cubeide_1.12.0/stm32cubeide/plugins/com.st.stm32cube.ide.mcu.externaltools.gnu-tools-for-stm32.10.3-2021.10.win32_1.0.200.202301161003/tools/bin/../lib/gcc/arm-none-eabi/10.3.1/thumb/v6-m/nofp\libgcc.a(_fixunssfsi.o)
 .ARM.attributes
                0x0000000000000a92       0x2c c:/st/stm32cubeide_1.12.0/stm32cubeide/plugins/com.st.stm32cube.ide.mcu.externaltools.gnu-tools-for-stm32.10.3-2021.10.win32_1.0.200.202301161003/tools/bin/../lib/gcc/arm-none-eabi/10.3.1/thumb/v6-m/nofp\libgcc.a(_fixunsdfsi.o)
 .ARM.attributes
                0x0000000000000abe       0x2c c:/st/stm32cubeide_1.12.0/stm32cubeide/plugins/com.st.stm32cube.ide.mcu.externaltools.gnu-tools-for-stm32.10.3-2021.10.win32_1.0.200.202301161003/tools/bin/../lib/gcc/arm-none-eabi/10.3.1/thumb/v6-m/nofp\libgcc.a(addsf3.o)
 .ARM.attributes
                0x0000000000000aea       0x2c c:/st/stm32cubeide_1.12.0/stm32cubeide/plugins/com.st.stm32cube.ide.mcu.externaltools.gnu-tools-for-stm32.10.3-2021.10.win32_1.0.200.202301161003/tools/bin/../lib/gcc/arm-none-eabi/10.3.1/thumb/v6-m/nofp\libgcc.a(divsf3.o)
 .ARM.attributes
                0x0000000000000b16       0x2c c:/st/stm32cubeide_1.12.0/stm32cubeide/plugins/com.st.stm32cube.ide.mcu.externaltools.gnu-tools-for-stm32.10.3-2021.10.win32_1.0.200.202301161003/tools/bin/../lib/gcc/arm-none-eabi/10.3.1/thumb/v6-m/nofp\libgcc.a(mulsf3.o)
 .ARM.attributes
                0x0000000000000b42       0x2c c:/st/stm32cubeide_1.12.0/stm32cubeide/plugins/com.st.stm32cube.ide.mcu.externaltools.gnu-tools-for-stm32.10.3-2021.10.win32_1.0.200.202301161003/tools/bin/../lib/gcc/arm-none-eabi/10.3.1/thumb/v6-m/nofp\libgcc.a(subsf3.o)
 .ARM.attributes
                0x0000000000000b6e       0x2c c:/st/stm32cubeide_1.12.0/stm32cubeide/plugins/com.st.stm32cube.ide.mcu.externaltools.gnu-tools-for-stm32.10.3-2021.10.win32_1.0.200.202301161003/tools/bin/../lib/gcc/arm-none-eabi/10.3.1/thumb/v6-m/nofp\libgcc.a(fixsfsi.o)
 .ARM.attributes
                0x0000000000000b9a       0x2c c:/st/stm32cubeide_1.12.0/stm32cubeide/plugins/com.st.stm32cube.ide.mcu.externaltools.gnu-tools-for-stm32.10.3-2021.10.win32_1.0.200.202301161003/tools/bin/../lib/gcc/arm-none-eabi/10.3.1/thumb/v6-m/nofp\libgcc.a(floatsisf.o)
 .ARM.attributes