../Core/Src/lsm6ds3.c:17:5:Lsm6ds3_int	8	static
../Core/Src/lsm6ds3.c:41:6:Lsm6ds3_end	8	static
../Core/Src/lsm6ds3.c:47:5:Lsm6ds3_readAcceleration	64	static
../Core/Src/lsm6ds3.c:64:5:Lsm6ds3_accelerationAvailable	8	static
../Core/Src/lsm6ds3.c:73:5:Lsm6ds3_readGyroscope	40	static
../Core/Src/lsm6ds3.c:89:5:Lsm6ds3_gyroscopeAvailable	8	static
../Core/Src/lsm6ds3.c:97:7:Lsm6ds3_gyroscopeSampleRate	8	static
../Core/Src/lsm6ds3.c:102:5:Lsm6ds3_readRegister	24	static
../Core/Src/lsm6ds3.c:113:5:Lsm6ds3_readRegisters	40	static
../Core/Src/lsm6ds3.c:125:5:Lsm6ds3_writeRegister	16	static
../Core/Src/lsm6ds3.c:133:6:Lsm6ds3_printRotationAngles	48	static
