../Core/Inc/SimpleKalmanFilter.h:22:6:SimpleKalmanFilter	24	static
../Core/Inc/SimpleKalmanFilter.h:28:7:updateEstimate	32	static
../Core/Inc/SimpleKalmanFilter.h:38:6:setMeasurementError	16	static
../Core/Inc/SimpleKalmanFilter.h:42:6:setEstimateError	16	static
../Core/Inc/SimpleKalmanFilter.h:46:6:setProcessNoise	16	static
../Core/Inc/SimpleKalmanFilter.h:50:7:getKalmanGain	8	static
../Core/Inc/SimpleKalmanFilter.h:54:7:getEstimateError	8	static
../Core/Src/mainTask.c:128:5:mainTask	8	static
../Core/Src/mainTask.c:160:13:setup	8	static
../Core/Src/mainTask.c:192:13:getADC_val	8	static
../Core/Src/mainTask.c:216:6:HAL_TIM_IC_CaptureCallback	16	static
../Core/Src/mainTask.c:237:13:com1Update	8	static
../Core/Src/mainTask.c:247:13:handlerSensorData	48	static
../Core/Src/mainTask.c:340:13:displaySensorData	120	static
../Core/Src/mainTask.c:362:6:HAL_UARTEx_RxEventCallback	16	static
