../Core/Src/dvr_flash.c:14:6:FLASH_Lock	8	static
../Core/Src/dvr_flash.c:18:6:FLASH_Unlock	8	static
../Core/Src/dvr_flash.c:25:6:FLASH_OB_Unlock	8	static
../Core/Src/dvr_flash.c:36:6:FLASH_OB_Lock	8	static
../Core/Src/dvr_flash.c:52:14:FLASH_GetBankStatus	16	static
../Core/Src/dvr_flash.c:80:14:FLASH_GetBank1Status	16	static
../Core/Src/dvr_flash.c:101:14:FLASH_WaitForLastBank1Operation	32	static
../Core/Src/dvr_flash.c:119:14:FLASH_WaitForLastBankOperation	32	static
../Core/Src/dvr_flash.c:142:14:FLASH_ErasePage	24	static
../Core/Src/dvr_flash.c:155:14:FLASH_EraseAllPages	16	static
../Core/Src/dvr_flash.c:161:6:flashProgramDoubleWorld	24	static
../Core/Src/dvr_flash.c:164:14:FLASH_ProgramDoubleWord	48	static,ignoring_inline_asm
../Core/Src/dvr_flash.c:182:6:FLASH_ClearFlag	16	static
../Core/Src/dvr_flash.c:186:5:FlashWritePage	40	static
../Core/Src/dvr_flash.c:208:6:FLASH_ReadOutProtection	16	static
../Core/Src/dvr_flash.c:220:10:FLASH_GetReadOutProtectionStatus	8	static
