Archive member included to satisfy reference by file (symbol)

c:/st/stm32cubeide_1.6.1/stm32cubeide/plugins/com.st.stm32cube.ide.mcu.externaltools.gnu-tools-for-stm32.10.3-2021.10.win32_1.0.0.202111181127/tools/bin/../lib/gcc/arm-none-eabi/10.3.1/../../../../arm-none-eabi/lib/thumb/v6-m/nofp\libc_nano.a(lib_a-atoi.o)
                              ./Core/Src/command.o (atoi)
c:/st/stm32cubeide_1.6.1/stm32cubeide/plugins/com.st.stm32cube.ide.mcu.externaltools.gnu-tools-for-stm32.10.3-2021.10.win32_1.0.0.202111181127/tools/bin/../lib/gcc/arm-none-eabi/10.3.1/../../../../arm-none-eabi/lib/thumb/v6-m/nofp\libc_nano.a(lib_a-errno.o)
                              ./Core/Src/syscalls.o (__errno)
c:/st/stm32cubeide_1.6.1/stm32cubeide/plugins/com.st.stm32cube.ide.mcu.externaltools.gnu-tools-for-stm32.10.3-2021.10.win32_1.0.0.202111181127/tools/bin/../lib/gcc/arm-none-eabi/10.3.1/../../../../arm-none-eabi/lib/thumb/v6-m/nofp\libc_nano.a(lib_a-exit.o)
                              c:/st/stm32cubeide_1.6.1/stm32cubeide/plugins/com.st.stm32cube.ide.mcu.externaltools.gnu-tools-for-stm32.10.3-2021.10.win32_1.0.0.202111181127/tools/bin/../lib/gcc/arm-none-eabi/10.3.1/../../../../arm-none-eabi/lib/thumb/v6-m/nofp/crt0.o (exit)
c:/st/stm32cubeide_1.6.1/stm32cubeide/plugins/com.st.stm32cube.ide.mcu.externaltools.gnu-tools-for-stm32.10.3-2021.10.win32_1.0.0.202111181127/tools/bin/../lib/gcc/arm-none-eabi/10.3.1/../../../../arm-none-eabi/lib/thumb/v6-m/nofp\libc_nano.a(lib_a-gmtime.o)
                              ./Core/Src/command.o (gmtime)
c:/st/stm32cubeide_1.6.1/stm32cubeide/plugins/com.st.stm32cube.ide.mcu.externaltools.gnu-tools-for-stm32.10.3-2021.10.win32_1.0.0.202111181127/tools/bin/../lib/gcc/arm-none-eabi/10.3.1/../../../../arm-none-eabi/lib/thumb/v6-m/nofp\libc_nano.a(lib_a-gmtime_r.o)
                              c:/st/stm32cubeide_1.6.1/stm32cubeide/plugins/com.st.stm32cube.ide.mcu.externaltools.gnu-tools-for-stm32.10.3-2021.10.win32_1.0.0.202111181127/tools/bin/../lib/gcc/arm-none-eabi/10.3.1/../../../../arm-none-eabi/lib/thumb/v6-m/nofp\libc_nano.a(lib_a-gmtime.o) (gmtime_r)
c:/st/stm32cubeide_1.6.1/stm32cubeide/plugins/com.st.stm32cube.ide.mcu.externaltools.gnu-tools-for-stm32.10.3-2021.10.win32_1.0.0.202111181127/tools/bin/../lib/gcc/arm-none-eabi/10.3.1/../../../../arm-none-eabi/lib/thumb/v6-m/nofp\libc_nano.a(lib_a-impure.o)
                              c:/st/stm32cubeide_1.6.1/stm32cubeide/plugins/com.st.stm32cube.ide.mcu.externaltools.gnu-tools-for-stm32.10.3-2021.10.win32_1.0.0.202111181127/tools/bin/../lib/gcc/arm-none-eabi/10.3.1/../../../../arm-none-eabi/lib/thumb/v6-m/nofp\libc_nano.a(lib_a-exit.o) (_global_impure_ptr)
c:/st/stm32cubeide_1.6.1/stm32cubeide/plugins/com.st.stm32cube.ide.mcu.externaltools.gnu-tools-for-stm32.10.3-2021.10.win32_1.0.0.202111181127/tools/bin/../lib/gcc/arm-none-eabi/10.3.1/../../../../arm-none-eabi/lib/thumb/v6-m/nofp\libc_nano.a(lib_a-init.o)
                              c:/st/stm32cubeide_1.6.1/stm32cubeide/plugins/com.st.stm32cube.ide.mcu.externaltools.gnu-tools-for-stm32.10.3-2021.10.win32_1.0.0.202111181127/tools/bin/../lib/gcc/arm-none-eabi/10.3.1/../../../../arm-none-eabi/lib/thumb/v6-m/nofp/crt0.o (__libc_init_array)
c:/st/stm32cubeide_1.6.1/stm32cubeide/plugins/com.st.stm32cube.ide.mcu.externaltools.gnu-tools-for-stm32.10.3-2021.10.win32_1.0.0.202111181127/tools/bin/../lib/gcc/arm-none-eabi/10.3.1/../../../../arm-none-eabi/lib/thumb/v6-m/nofp\libc_nano.a(lib_a-malloc.o)
                              c:/st/stm32cubeide_1.6.1/stm32cubeide/plugins/com.st.stm32cube.ide.mcu.externaltools.gnu-tools-for-stm32.10.3-2021.10.win32_1.0.0.202111181127/tools/bin/../lib/gcc/arm-none-eabi/10.3.1/../../../../arm-none-eabi/lib/thumb/v6-m/nofp\libc_nano.a(lib_a-gmtime.o) (malloc)
c:/st/stm32cubeide_1.6.1/stm32cubeide/plugins/com.st.stm32cube.ide.mcu.externaltools.gnu-tools-for-stm32.10.3-2021.10.win32_1.0.0.202111181127/tools/bin/../lib/gcc/arm-none-eabi/10.3.1/../../../../arm-none-eabi/lib/thumb/v6-m/nofp\libc_nano.a(lib_a-memcpy-stub.o)
                              ./Core/Src/NTC.o (memcpy)
c:/st/stm32cubeide_1.6.1/stm32cubeide/plugins/com.st.stm32cube.ide.mcu.externaltools.gnu-tools-for-stm32.10.3-2021.10.win32_1.0.0.202111181127/tools/bin/../lib/gcc/arm-none-eabi/10.3.1/../../../../arm-none-eabi/lib/thumb/v6-m/nofp\libc_nano.a(lib_a-memset.o)
                              c:/st/stm32cubeide_1.6.1/stm32cubeide/plugins/com.st.stm32cube.ide.mcu.externaltools.gnu-tools-for-stm32.10.3-2021.10.win32_1.0.0.202111181127/tools/bin/../lib/gcc/arm-none-eabi/10.3.1/../../../../arm-none-eabi/lib/thumb/v6-m/nofp/crt0.o (memset)
c:/st/stm32cubeide_1.6.1/stm32cubeide/plugins/com.st.stm32cube.ide.mcu.externaltools.gnu-tools-for-stm32.10.3-2021.10.win32_1.0.0.202111181127/tools/bin/../lib/gcc/arm-none-eabi/10.3.1/../../../../arm-none-eabi/lib/thumb/v6-m/nofp\libc_nano.a(lib_a-nano-freer.o)
[...]
Memory Configuration

Name             Origin             Length             Attributes
RAM              0x0000000020000000 0x0000000000002000 xrw
FLASH            0x0000000008002800 0x000000000000d800 xr
*default*        0x0000000000000000 0xffffffffffffffff

Linker script and memory map

LOAD c:/st/stm32cubeide_1.6.1/stm32cubeide/plugins/com.st.stm32cube.ide.mcu.externaltools.gnu-tools-for-stm32.10.3-2021.10.win32_1.0.0.202111181127/tools/bin/../lib/gcc/arm-none-eabi/10.3.1/thumb/v6-m/nofp/crti.o
LOAD c:/st/stm32cubeide_1.6.1/stm32cubeide/plugins/com.st.stm32cube.ide.mcu.externaltools.gnu-tools-for-stm32.10.3-2021.10.win32_1.0.0.202111181127/tools/bin/../lib/gcc/arm-none-eabi/10.3.1/thumb/v6-m/nofp/crtbegin.o
LOAD c:/st/stm32cubeide_1.6.1/stm32cubeide/plugins/com.st.stm32cube.ide.mcu.externaltools.gnu-tools-for-stm32.10.3-2021.10.win32_1.0.0.202111181127/tools/bin/../lib/gcc/arm-none-eabi/10.3.1/../../../../arm-none-eabi/lib/thumb/v6-m/nofp/crt0.o
LOAD ./Core/Src/DataUtil.o
LOAD ./Core/Src/EMA.o
LOAD ./Core/Src/KalmanFilter.o
LOAD ./Core/Src/LSM6DS3TR.o
LOAD ./Core/Src/MadgwickAHRS.o
LOAD ./Core/Src/NTC.o
LOAD ./Core/Src/SimpleKalmanFilter.o
LOAD ./Core/Src/Util.o
LOAD ./Core/Src/command.o
LOAD ./Core/Src/delay.o
LOAD ./Core/Src/drv_io.o
LOAD ./Core/Src/drv_spi.o
LOAD ./Core/Src/dvr_flash.o
LOAD ./Core/Src/dvr_uart.o
LOAD ./Core/Src/flash.o
LOAD ./Core/Src/lsm6ds3.o
LOAD ./Core/Src/main.o
LOAD ./Core/Src/mainTask.o
LOAD ./Core/Src/printf-stdarg.o
LOAD ./Core/Src/spi.o
LOAD ./Core/Src/stm32g0xx_hal_msp.o
LOAD ./Core/Src/stm32g0xx_it.o
LOAD ./Core/Src/syscalls.o
LOAD ./Core/Src/sysmem.o
LOAD ./Core/Src/system_g031.o
LOAD ./Core/Src/system_stm32g0xx.o
LOAD ./Core/Src/xprintf.o
LOAD ./Core/Startup/startup_stm32g031c8tx.o
LOAD ./Drivers/STM32G0xx_HAL_Driver/Src/stm32g0xx_hal.o
LOAD ./Drivers/STM32G0xx_HAL_Driver/Src/stm32g0xx_hal_adc.o
LOAD ./Drivers/STM32G0xx_HAL_Driver/Src/stm32g0xx_hal_adc_ex.o
LOAD ./Drivers/STM32G0xx_HAL_Driver/Src/stm32g0xx_hal_cortex.o
LOAD ./Drivers/STM32G0xx_HAL_Driver/Src/stm32g0xx_hal_dma.o
LOAD ./Drivers/STM32G0xx_HAL_Driver/Src/stm32g0xx_hal_dma_ex.o
LOAD ./Drivers/STM32G0xx_HAL_Driver/Src/stm32g0xx_hal_exti.o
LOAD ./Drivers/STM32G0xx_HAL_Driver/Src/stm32g0xx_hal_gpio.o
LOAD ./Drivers/STM32G0xx_HAL_Driver/Src/stm32g0xx_hal_pwr.o
LOAD ./Drivers/STM32G0xx_HAL_Driver/Src/stm32g0xx_hal_pwr_ex.o
LOAD ./Drivers/STM32G0xx_HAL_Driver/Src/stm32g0xx_hal_rcc.o
LOAD ./Drivers/STM32G0xx_HAL_Driver/Src/stm32g0xx_hal_rcc_ex.o
LOAD ./Drivers/STM32G0xx_HAL_Driver/Src/stm32g0xx_hal_tim.o
LOAD ./Drivers/STM32G0xx_HAL_Driver/Src/stm32g0xx_hal_tim_ex.o
LOAD ./Drivers/STM32G0xx_HAL_Driver/Src/stm32g0xx_hal_uart.o
LOAD ./Drivers/STM32G0xx_HAL_Driver/Src/stm32g0xx_hal_uart_ex.o
LOAD ./Drivers/STM32G0xx_HAL_Driver/Src/stm32g0xx_ll_adc.o
LOAD ./Drivers/STM32G0xx_HAL_Driver/Src/stm32g0xx_ll_dma.o
LOAD ./Drivers/STM32G0xx_HAL_Driver/Src/stm32g0xx_ll_rcc.o
START GROUP
LOAD c:/st/stm32cubeide_1.6.1/stm32cubeide/plugins/com.st.stm32cube.ide.mcu.externaltools.gnu-tools-for-stm32.10.3-2021.10.win32_1.0.0.202111181127/tools/bin/../lib/gcc/arm-none-eabi/10.3.1/../../../../arm-none-eabi/lib/thumb/v6-m/nofp\libc_nano.a
LOAD c:/st/stm32cubeide_1.6.1/stm32cubeide/plugins/com.st.stm32cube.ide.mcu.externaltools.gnu-tools-for-stm32.10.3-2021.10.win32_1.0.0.202111181127/tools/bin/../lib/gcc/arm-none-eabi/10.3.1/../../../../arm-none-eabi/lib/thumb/v6-m/nofp\libm.a
END GROUP
START GROUP
LOAD c:/st/stm32cubeide_1.6.1/stm32cubeide/plugins/com.st.stm32cube.ide.mcu.externaltools.gnu-tools-for-stm32.10.3-2021.10.win32_1.0.0.202111181127/tools/bin/../lib/gcc/arm-none-eabi/10.3.1/thumb/v6-m/nofp\libgcc.a
LOAD c:/st/stm32cubeide_1.6.1/stm32cubeide/plugins/com.st.stm32cube.ide.mcu.externaltools.gnu-tools-for-stm32.10.3-2021.10.win32_1.0.0.202111181127/tools/bin/../lib/gcc/arm-none-eabi/10.3.1/../../../../arm-none-eabi/lib/thumb/v6-m/nofp\libc_nano.a
END GROUP
START GROUP
LOAD c:/st/stm32cubeide_1.6.1/stm32cubeide/plugins/com.st.stm32cube.ide.mcu.externaltools.gnu-tools-for-stm32.10.3-2021.10.win32_1.0.0.202111181127/tools/bin/../lib/gcc/arm-none-eabi/10.3.1/thumb/v6-m/nofp\libgcc.a
LOAD c:/st/stm32cubeide_1.6.1/stm32cubeide/plugins/com.st.stm32cube.ide.mcu.externaltools.gnu-tools-for-stm32.10.3-2021.10.win32_1.0.0.202111181127/tools/bin/../lib/gcc/arm-none-eabi/10.3.1/../../../../arm-none-eabi/lib/thumb/v6-m/nofp\libc_nano.a
LOAD c:/st/stm32cubeide_1.6.1/stm32cubeide/plugins/com.st.stm32cube.ide.mcu.externaltools.gnu-tools-for-stm32.10.3-2021.10.win32_1.0.0.202111181127/tools/bin/../lib/gcc/arm-none-eabi/10.3.1/../../../../arm-none-eabi/lib/thumb/v6-m/nofp\libnosys.a
END GROUP
START GROUP
LOAD c:/st/stm32cubeide_1.6.1/stm32cubeide/plugins/com.st.stm32cube.ide.mcu.externaltools.gnu-tools-for-stm32.10.3-2021.10.win32_1.0.0.202111181127/tools/bin/../lib/gcc/arm-none-eabi/10.3.1/thumb/v6-m/nofp\libgcc.a
LOAD c:/st/stm32cubeide_1.6.1/stm32cubeide/plugins/com.st.stm32cube.ide.mcu.externaltools.gnu-tools-for-stm32.10.3-2021.10.win32_1.0.0.202111181127/tools/bin/../lib/gcc/arm-none-eabi/10.3.1/../../../../arm-none-eabi/lib/thumb/v6-m/nofp\libc_nano.a
LOAD c:/st/stm32cubeide_1.6.1/stm32cubeide/plugins/com.st.stm32cube.ide.mcu.externaltools.gnu-tools-for-stm32.10.3-2021.10.win32_1.0.0.202111181127/tools/bin/../lib/gcc/arm-none-eabi/10.3.1/../../../../arm-none-eabi/lib/thumb/v6-m/nofp\libnosys.a
END GROUP
LOAD c:/st/stm32cubeide_1.6.1/stm32cubeide/plugins/com.st.stm32cube.ide.mcu.externaltools.gnu-tools-for-stm32.10.3-2021.10.win32_1.0.0.202111181127/tools/bin/../lib/gcc/arm-none-eabi/10.3.1/thumb/v6-m/nofp/crtend.o
LOAD c:/st/stm32cubeide_1.6.1/stm32cubeide/plugins/com.st.stm32cube.ide.mcu.externaltools.gnu-tools-for-stm32.10.3-2021.10.win32_1.0.0.202111181127/tools/bin/../lib/gcc/arm-none-eabi/10.3.1/thumb/v6-m/nofp/crtn.o
                0x0000000020002000                _estack = (ORIGIN (RAM) + LENGTH (RAM))
                0x0000000000000200                _Min_Heap_Size = 0x200
                0x0000000000000400                _Min_Stack_Size = 0x400

.isr_vector     0x0000000008002800       0xbc
                0x0000000008002800                . = ALIGN (0x4)
 *(.isr_vector)
 .isr_vector    0x0000000008002800       0xbc ./Core/Startup/startup_stm32g031c8tx.o
                0x0000000008002800                g_pfnVectors
                0x00000000080028bc                . = ALIGN (0x4)

.text           0x00000000080028bc     0x7384
                0x00000000080028bc                . = ALIGN (0x4)
 *(.text)
 .text          0x00000000080028bc       0x48 c:/st/stm32cubeide_1.6.1/stm32cubeide/plugins/com.st.stm32cube.ide.mcu.externaltools.gnu-tools-for-stm32.10.3-2021.10.win32_1.0.0.202111181127/tools/bin/../lib/gcc/arm-none-eabi/10.3.1/thumb/v6-m/nofp/crtbegin.o
 .text          0x0000000008002904       0x14 c:/st/stm32cubeide_1.6.1/stm32cubeide/plugins/com.st.stm32cube.ide.mcu.externaltools.gnu-tools-for-stm32.10.3-2021.10.win32_1.0.0.202111181127/tools/bin/../lib/gcc/arm-none-eabi/10.3.1/../../../../arm-none-eabi/lib/thumb/v6-m/nofp\libc_nano.a(lib_a-strcmp.o)
                0x0000000008002904                strcmp
 .text          0x0000000008002918       0x14 c:/st/stm32cubeide_1.6.1/stm32cubeide/plugins/com.st.stm32cube.ide.mcu.externaltools.gnu-tools-for-stm32.10.3-2021.10.win32_1.0.0.202111181127/tools/bin/../lib/gcc/arm-none-eabi/10.3.1/thumb/v6-m/nofp\libgcc.a(_thumb1_case_shi.o)
                0x0000000008002918                __gnu_thumb1_case_shi
 .text          0x000000000800292c      0x114 c:/st/stm32cubeide_1.6.1/stm32cubeide/plugins/com.st.stm32cube.ide.mcu.externaltools.gnu-tools-for-stm32.10.3-2021.10.win32_1.0.0.202111181127/tools/bin/../lib/gcc/arm-none-eabi/10.3.1/thumb/v6-m/nofp\libgcc.a(_udivsi3.o)
                0x000000000800292c                __aeabi_uidiv
                0x000000000800292c                __udivsi3
                0x0000000008002a38                __aeabi_uidivmod
 .text          0x0000000008002a40      0x1d4 c:/st/stm32cubeide_1.6.1/stm32cubeide/plugins/com.st.stm32cube.ide.mcu.externaltools.gnu-tools-for-stm32.10.3-2021.10.win32_1.0.0.202111181127/tools/bin/../lib/gcc/arm-none-eabi/10.3.1/thumb/v6-m/nofp\libgcc.a(_divsi3.o)
                0x0000000008002a40                __divsi3
                0x0000000008002a40                __aeabi_idiv
                0x0000000008002c0c                __aeabi_idivmod
 .text          0x0000000008002c14        0x4 c:/st/stm32cubeide_1.6.1/stm32cubeide/plugins/com.st.stm32cube.ide.mcu.externaltools.gnu-tools-for-stm32.10.3-2021.10.win32_1.0.0.202111181127/tools/bin/../lib/gcc/arm-none-eabi/10.3.1/thumb/v6-m/nofp\libgcc.a(_dvmd_tls.o)
                0x0000000008002c14                __aeabi_idiv0
                0x0000000008002c14                __aeabi_ldiv0
 .text          0x0000000008002c18       0x7c c:/st/stm32cubeide_1.6.1/stm32cubeide/plugins/com.st.stm32cube.ide.mcu.externaltools.gnu-tools-for-stm32.10.3-2021.10.win32_1.0.0.202111181127/tools/bin/../lib/gcc/arm-none-eabi/10.3.1/thumb/v6-m/nofp\libgcc.a(_arm_cmpdf2.o)
                0x0000000008002c18                __aeabi_cdrcmple
                0x0000000008002c28                __aeabi_cdcmple
                0x0000000008002c28                __aeabi_cdcmpeq
                0x0000000008002c38                __aeabi_dcmpeq
                0x0000000008002c44                __aeabi_dcmplt
                0x0000000008002c58                __aeabi_dcmple
                0x0000000008002c6c                __aeabi_dcmpgt
                0x0000000008002c80                __aeabi_dcmpge
 .text          0x0000000008002c94       0x74 c:/st/stm32cubeide_1.6.1/stm32cubeide/plugins/com.st.stm32cube.ide.mcu.externaltools.gnu-tools-for-stm32.10.3-2021.10.win32_1.0.0.202111181127/tools/bin/../lib/gcc/arm-none-eabi/10.3.1/thumb/v6-m/nofp\libgcc.a(_arm_cmpsf2.o)
                0x0000000008002c94                __aeabi_cfrcmple
                0x0000000008002c9c                __aeabi_cfcmpeq
                0x0000000008002c9c                __aeabi_cfcmple
                0x0000000008002cac                __aeabi_fcmpeq
                0x0000000008002cb8                __aeabi_fcmplt
                0x0000000008002ccc                __aeabi_fcmple
                0x0000000008002ce0                __aeabi_fcmpgt
                0x0000000008002cf4                __aeabi_fcmpge
 .text          0x0000000008002d08       0x30 c:/st/stm32cubeide_1.6.1/stm32cubeide/plugins/com.st.stm32cube.ide.mcu.externaltools.gnu-tools-for-stm32.10.3-2021.10.win32_1.0.0.202111181127/tools/bin/../lib/gcc/arm-none-eabi/10.3.1/thumb/v6-m/nofp\libgcc.a(_fixunssfsi.o)
                0x0000000008002d08                __fixunssfsi
                0x0000000008002d08                __aeabi_f2uiz
 .text          0x0000000008002d38       0x3c c:/st/stm32cubeide_1.6.1/stm32cubeide/plugins/com.st.stm32cube.ide.mcu.externaltools.gnu-tools-for-stm32.10.3-2021.10.win32_1.0.0.202111181127/tools/bin/../lib/gcc/arm-none-eabi/10.3.1/thumb/v6-m/nofp\libgcc.a(_fixunsdfsi.o)
                0x0000000008002d38                __aeabi_d2uiz
                0x0000000008002d38                __fixunsdfsi
 .text          0x0000000008002d74      0x33c c:/st/stm32cubeide_1.6.1/stm32cubeide/plugins/com.st.stm32cube.ide.mcu.externaltools.gnu-tools-for-stm32.10.3-2021.10.win32_1.0.0.202111181127/tools/bin/../lib/gcc/arm-none-eabi/10.3.1/thumb/v6-m/nofp\libgcc.a(addsf3.o)
                0x0000000008002d74                __aeabi_fadd
 .text          0x00000000080030b0      0x230 c:/st/stm32cubeide_1.6.1/stm32cubeide/plugins/com.st.stm32cube.ide.mcu.externaltools.gnu-tools-for-stm32.10.3-2021.10.win32_1.0.0.202111181127/tools/bin/../lib/gcc/arm-none-eabi/10.3.1/thumb/v6-m/nofp\libgcc.a(divsf3.o)
                0x00000000080030b0                __aeabi_fdiv
 .text          0x00000000080032e0       0x4c c:/st/stm32cubeide_1.6.1/stm32cubeide/plugins/com.st.stm32cube.ide.mcu.externaltools.gnu-tools-for-stm32.10.3-2021.10.win32_1.0.0.202111181127/tools/bin/../lib/gcc/arm-none-eabi/10.3.1/thumb/v6-m/nofp\libgcc.a(eqsf2.o)
                0x00000000080032e0                __eqsf2
                0x00000000080032e0                __nesf2
 .text          0x000000000800332c       0x8c c:/st/stm32cubeide_1.6.1/stm32cubeide/plugins/com.st.stm32cube.ide.mcu.externaltools.gnu-tools-for-stm32.10.3-2021.10.win32_1.0.0.202111181127/tools/bin/../lib/gcc/arm-none-eabi/10.3.1/thumb/v6-m/nofp\libgcc.a(gesf2.o)
                0x000000000800332c                __gesf2
                0x000000000800332c                __gtsf2
 .text          0x00000000080033b8       0x88 c:/st/stm32cubeide_1.6.1/stm32cubeide/plugins/com.st.stm32cube.ide.mcu.externaltools.gnu-tools-for-stm32.10.3-2021.10.win32_1.0.0.202111181127/tools/bin/../lib/gcc/arm-none-eabi/10.3.1/thumb/v6-m/nofp\libgcc.a(lesf2.o)
                0x00000000080033b8                __ltsf2
                0x00000000080033b8                __lesf2
 .text          0x0000000008003440      0x24c c:/st/stm32cubeide_1.6.1/stm32cubeide/plugins/com.st.stm32cube.ide.mcu.externaltools.gnu-tools-for-stm32.10.3-2021.10.win32_1.0.0.202111181127/tools/bin/../lib/gcc/arm-none-eabi/10.3.1/thumb/v6-m/nofp\libgcc.a(mulsf3.o)
                0x0000000008003440                __aeabi_fmul
 .text          0x000000000800368c      0x35c c:/st/stm32cubeide_1.6.1/stm32cubeide/plugins/com.st.stm32cube.ide.mcu.externaltools.gnu-tools-for-stm32.10.3-2021.10.win32_1.0.0.202111181127/tools/bin/../lib/gcc/arm-none-eabi/10.3.1/thumb/v6-m/nofp\libgcc.a(subsf3.o)
                0x000000000800368c                __aeabi_fsub
 .text          0x00000000080039e8       0x40 c:/st/stm32cubeide_1.6.1/stm32cubeide/plugins/com.st.stm32cube.ide.mcu.externaltools.gnu-tools-for-stm32.10.3-2021.10.win32_1.0.0.202111181127/tools/bin/../lib/gcc/arm-none-eabi/10.3.1/thumb/v6-m/nofp\libgcc.a(fixsfsi.o)
                0x00000000080039e8                __aeabi_f2iz
 .text          0x0000000008003a28       0x9c c:/st/stm32cubeide_1.6.1/stm32cubeide/plugins/com.st.stm32cube.ide.mcu.externaltools.gnu-tools-for-stm32.10.3-2021.10.win32_1.0.0.202111181127/tools/bin/../lib/gcc/arm-none-eabi/10.3.1/thumb/v6-m/nofp\libgcc.a(floatsisf.o)
                0x0000000008003a28                __aeabi_i2f
 .text          0x0000000008003ac4       0x84 c:/st/stm32cubeide_1.6.1/stm32cubeide/plugins/com.st.stm32cube.ide.mcu.externaltools.gnu-tools-for-stm32.10.3-2021.10.win32_1.0.0.202111181127/tools/bin/../lib/gcc/arm-none-eabi/10.3.1/thumb/v6-m/nofp\libgcc.a(floatunsisf.o)
                0x0000000008003ac4                __aeabi_ui2f
 .text          0x0000000008003b48      0x678 c:/st/stm32cubeide_1.6.1/stm32cubeide/plugins/com.st.stm32cube.ide.mcu.externaltools.gnu-tools-for-stm32.10.3-2021.10.win32_1.0.0.202111181127/tools/bin/../lib/gcc/arm-none-eabi/10.3.1/thumb/v6-m/nofp\libgcc.a(adddf3.o)
                0x0000000008003b48                __aeabi_dadd
 .text          0x00000000080041c0      0x5ec c:/st/stm32cubeide_1.6.1/stm32cubeide/plugins/com.st.stm32cube.ide.mcu.externaltools.gnu-tools-for-stm32.10.3-2021.10.win32_1.0.0.202111181127/tools/bin/../lib/gcc/arm-none-eabi/10.3.1/thumb/v6-m/nofp\libgcc.a(divdf3.o)
                0x00000000080041c0                __aeabi_ddiv
 .text          0x00000000080047ac       0x84 c:/st/stm32cubeide_1.6.1/stm32cubeide/plugins/com.st.stm32cube.ide.mcu.externaltools.gnu-tools-for-stm32.10.3-2021.10.win32_1.0.0.202111181127/tools/bin/../lib/gcc/arm-none-eabi/10.3.1/thumb/v6-m/nofp\libgcc.a(eqdf2.o)
                0x00000000080047ac                __nedf2
                0x00000000080047ac                __eqdf2
 .text          0x0000000008004830       0xcc c:/st/stm32cubeide_1.6.1/stm32cubeide/plugins/com.st.stm32cube.ide.mcu.externaltools.gnu-tools-for-stm32.10.3-2021.10.win32_1.0.0.202111181127/tools/bin/../lib/gcc/arm-none-eabi/10.3.1/thumb/v6-m/nofp\libgcc.a(gedf2.o)
                0x0000000008004830                __gedf2
                0x0000000008004830                __gtdf2
 .text          0x00000000080048fc       0xc8 c:/st/stm32cubeide_1.6.1/stm32cubeide/plugins/com.st.stm32cube.ide.mcu.externaltools.gnu-tools-for-stm32.10.3-2021.10.win32_1.0.0.202111181127/tools/bin/../lib/gcc/arm-none-eabi/10.3.1/thumb/v6-m/nofp\libgcc.a(ledf2.o)
                0x00000000080048fc                __ledf2
                0x00000000080048fc                __ltdf2
 .text          0x00000000080049c4      0x4d8 c:/st/stm32cubeide_1.6.1/stm32cubeide/plugins/com.st.stm32cube.ide.mcu.externaltools.gnu-tools-for-stm32.10.3-2021.10.win32_1.0.0.202111181127/tools/bin/../lib/gcc/arm-none-eabi/10.3.1/thumb/v6-m/nofp\libgcc.a(muldf3.o)
                0x00000000080049c4                __aeabi_dmul
 .text          0x0000000008004e9c      0x724 c:/st/stm32cubeide_1.6.1/stm32cubeide/plugins/com.st.stm32cube.ide.mcu.externaltools.gnu-tools-for-stm32.10.3-2021.10.win32_1.0.0.202111181127/tools/bin/../lib/gcc/arm-none-eabi/10.3.1/thumb/v6-m/nofp\libgcc.a(subdf3.o)
                0x0000000008004e9c                __aeabi_dsub
 .text          0x00000000080055c0       0x3c c:/st/stm32cubeide_1.6.1/stm32cubeide/plugins/com.st.stm32cube.ide.mcu.externaltools.gnu-tools-for-stm32.10.3-2021.10.win32_1.0.0.202111181127/tools/bin/../lib/gcc/arm-none-eabi/10.3.1/thumb/v6-m/nofp\libgcc.a(unorddf2.o)
                0x00000000080055c0                __aeabi_dcmpun
 .text          0x00000000080055fc       0x6c c:/st/stm32cubeide_1.6.1/stm32cubeide/plugins/com.st.stm32cube.ide.mcu.externaltools.gnu-tools-for-stm32.10.3-2021.10.win32_1.0.0.202111181127/tools/bin/../lib/gcc/arm-none-eabi/10.3.1/thumb/v6-m/nofp\libgcc.a(fixdfsi.o)
                0x00000000080055fc                __aeabi_d2iz
 .text          0x0000000008005668       0x60 c:/st/stm32cubeide_1.6.1/stm32cubeide/plugins/com.st.stm32cube.ide.mcu.externaltools.gnu-tools-for-stm32.10.3-2021.10.win32_1.0.0.202111181127/tools/bin/../lib/gcc/arm-none-eabi/10.3.1/thumb/v6-m/nofp\libgcc.a(floatsidf.o)
                0x0000000008005668                __aeabi_i2d
 .text          0x00000000080056c8       0x4c c:/st/stm32cubeide_1.6.1/stm32cubeide/plugins/com.st.stm32cube.ide.mcu.externaltools.gnu-tools-for-stm32.10.3-2021.10.win32_1.0.0.202111181127/tools/bin/../lib/gcc/arm-none-eabi/10.3.1/thumb/v6-m/nofp\libgcc.a(floatunsidf.o)
                0x00000000080056c8                __aeabi_ui2d
 .text          0x0000000008005714       0x90 c:/st/stm32cubeide_1.6.1/stm32cubeide/plugins/com.st.stm32cube.ide.mcu.externaltools.gnu-tools-for-stm32.10.3-2021.10.win32_1.0.0.202111181127/tools/bin/../lib/gcc/arm-none-eabi/10.3.1/thumb/v6-m/nofp\libgcc.a(extendsfdf2.o)
                0x0000000008005714                __aeabi_f2d
 .text          0x00000000080057a4      0x110 c:/st/stm32cubeide_1.6.1/stm32cubeide/plugins/com.st.stm32cube.ide.mcu.externaltools.gnu-tools-for-stm32.10.3-2021.10.win32_1.0.0.202111181127/tools/bin/../lib/gcc/arm-none-eabi/10.3.1/thumb/v6-m/nofp\libgcc.a(truncdfsf2.o)
                0x00000000080057a4                __aeabi_d2f
 .text          0x00000000080058b4       0x3c c:/st/stm32cubeide_1.6.1/stm32cubeide/plugins/com.st.stm32cube.ide.mcu.externaltools.gnu-tools-for-stm32.10.3-2021.10.win32_1.0.0.202111181127/tools/bin/../lib/gcc/arm-none-eabi/10.3.1/thumb/v6-m/nofp\libgcc.a(_clzsi2.o)
                0x00000000080058b4                __clzsi2
 *(.text*)
 .text.addStock
                0x00000000080058f0       0x9c ./Core/Src/EMA.o
                0x00000000080058f0                addStock
 .text.Start_Kalman_Algorithm
                0x000000000800598c      0x124 ./Core/Src/KalmanFilter.o
                0x000000000800598c                Start_Kalman_Algorithm
 .text.Execute_Kalman_Filter
                0x0000000008005ab0      0x444 ./Core/Src/KalmanFilter.o
                0x0000000008005ab0                Execute_Kalman_Filter
 .text.Kalman_GetPitch
                0x0000000008005ef4        0xc ./Core/Src/KalmanFilter.o
                0x0000000008005ef4                Kalman_GetPitch
 .text.Kalman_GetRoll
                0x0000000008005f00        0xc ./Core/Src/KalmanFilter.o
                0x0000000008005f00                Kalman_GetRoll
 .text.Kalman_Getyaw
                0x0000000008005f0c        0xc ./Core/Src/KalmanFilter.o
                0x0000000008005f0c                Kalman_Getyaw
 .text.Kalman_SetFlag
                0x0000000008005f18        0xc ./Core/Src/KalmanFilter.o
                0x0000000008005f18                Kalman_SetFlag
 .text.Kalman_GetFlag
                0x0000000008005f24        0xc ./Core/Src/KalmanFilter.o
                0x0000000008005f24                Kalman_GetFlag
 .text.Kalman_ClearFlag
                0x0000000008005f30        0xc ./Core/Src/KalmanFilter.o
                0x0000000008005f30                Kalman_ClearFlag
 .text.LSM6DS3_ReadRegister
                0x0000000008005f3c       0x20 ./Core/Src/LSM6DS3TR.o
 .text.LSM6DS3_WriteAndVerify.constprop.0
                0x0000000008005f5c       0x64 ./Core/Src/LSM6DS3TR.o
 .text.LSM6DS3_Initialize
                0x0000000008005fc0       0x18 ./Core/Src/LSM6DS3TR.o
                0x0000000008005fc0                LSM6DS3_Initialize
 .text.LSM6DS3_Detect
                0x0000000008005fd8       0x2c ./Core/Src/LSM6DS3TR.o
                0x0000000008005fd8                LSM6DS3_Detect
 .text.LSM6DS3_XL_Start
                0x0000000008006004       0x40 ./Core/Src/LSM6DS3TR.o
                0x0000000008006004                LSM6DS3_XL_Start
 .text.LSM6DS3_GS_Start
                0x0000000008006044       0x5c ./Core/Src/LSM6DS3TR.o
                0x0000000008006044                LSM6DS3_GS_Start
 .text.LSM6DS3_IMU_GetMeasurements
                0x00000000080060a0       0x54 ./Core/Src/LSM6DS3TR.o
                0x00000000080060a0                LSM6DS3_IMU_GetMeasurements
 .text.LSM6DS3_GetXL_X_Int16
                0x00000000080060f4        0xc ./Core/Src/LSM6DS3TR.o
                0x00000000080060f4                LSM6DS3_GetXL_X_Int16
 .text.LSM6DS3_GetXL_Y_Int16
                0x0000000008006100        0xc ./Core/Src/LSM6DS3TR.o
                0x0000000008006100                LSM6DS3_GetXL_Y_Int16
 .text.LSM6DS3_GetXL_Z_Int16
                0x000000000800610c        0xc ./Core/Src/LSM6DS3TR.o
                0x000000000800610c                LSM6DS3_GetXL_Z_Int16
 .text.LSM6DS3_GetGS_X_Int16
                0x0000000008006118        0xc ./Core/Src/LSM6DS3TR.o
                0x0000000008006118                LSM6DS3_GetGS_X_Int16
 .text.LSM6DS3_GetGS_Y_Int16
                0x0000000008006124        0xc ./Core/Src/LSM6DS3TR.o
                0x0000000008006124                LSM6DS3_GetGS_Y_Int16
 .text.LSM6DS3_GetGS_Z_Int16
                0x0000000008006130        0xc ./Core/Src/LSM6DS3TR.o
                0x0000000008006130                LSM6DS3_GetGS_Z_Int16
 .text.LSM6DS3_Temperature_Int16
                0x000000000800613c        0xc ./Core/Src/LSM6DS3TR.o
                0x000000000800613c                LSM6DS3_Temperature_Int16
 .text.cmd_response
                0x0000000008006148       0x4c ./Core/Src/command.o
                0x0000000008006148                cmd_response
 .text.sks_cmd_set_debug
                0x0000000008006194       0x44 ./Core/Src/command.o
 .text.sks_cmd_set_empty
                0x00000000080061d8       0x78 ./Core/Src/command.o
 .text.sks_cmd_set_full
                0x0000000008006250       0x78 ./Core/Src/command.o
 .text.sks_cmd_reset
                0x00000000080062c8       0x4c ./Core/Src/command.o
 .text.sks_cmd_disable_ema
                0x0000000008006314       0x68 ./Core/Src/command.o
 .text.sks_cmd_interval
                0x000000000800637c       0x60 ./Core/Src/command.o
 .text.sks_cmd_info
                0x00000000080063dc       0x60 ./Core/Src/command.o
 .text.sks_cmd_config
                0x000000000800643c       0xa0 ./Core/Src/command.o
 .text.next_char
                0x00000000080064dc       0x18 ./Core/Src/command.o
                0x00000000080064dc                next_char
 .text.sks_cmd_serial
                0x00000000080064f4       0x74 ./Core/Src/command.o
 .text.server_on_command
                0x0000000008006568      0x170 ./Core/Src/command.o
                0x0000000008006568                server_on_command
 .text.delay_ms
                0x00000000080066d8       0x14 ./Core/Src/delay.o
                0x00000000080066d8                delay_ms
 .text.getMicros
                0x00000000080066ec       0x20 ./Core/Src/delay.o
                0x00000000080066ec                getMicros
 .text.gpio_clock_init
                0x000000000800670c       0x28 ./Core/Src/drv_io.o
                0x000000000800670c                gpio_clock_init
 .text.gpio_pin_int
                0x0000000008006734       0x2c ./Core/Src/drv_io.o
                0x0000000008006734                gpio_pin_int
 .text.gpio_write
                0x0000000008006760       0x18 ./Core/Src/drv_io.o
                0x0000000008006760                gpio_write
 .text.spi2_cs_low
                0x0000000008006778       0x10 ./Core/Src/drv_spi.o
                0x0000000008006778                spi2_cs_low
 .text.spi2_cs_high
                0x0000000008006788       0x10 ./Core/Src/drv_spi.o
                0x0000000008006788                spi2_cs_high
 .text.spi1Init
                0x0000000008006798        0x2 ./Core/Src/drv_spi.o
                0x0000000008006798                spi1Init
 *fill*         0x000000000800679a        0x2 
 .text.spi2Init
                0x000000000800679c      0x158 ./Core/Src/drv_spi.o
                0x000000000800679c                spi2Init
 .text.SPIx_readWrite
                0x00000000080068f4       0x18 ./Core/Src/drv_spi.o
                0x00000000080068f4                SPIx_readWrite
 .text.FLASH_Lock
                0x000000000800690c       0x14 ./Core/Src/dvr_flash.o
                0x000000000800690c                FLASH_Lock
 .text.FLASH_Unlock
                0x0000000008006920       0x20 ./Core/Src/dvr_flash.o
                0x0000000008006920                FLASH_Unlock
 .text.FLASH_GetBankStatus
                0x0000000008006940       0x24 ./Core/Src/dvr_flash.o
                0x0000000008006940                FLASH_GetBankStatus
 .text.FLASH_ErasePage
                0x0000000008006964       0x68 ./Core/Src/dvr_flash.o
                0x0000000008006964                FLASH_ErasePage
 .text.FLASH_ProgramDoubleWord
                0x00000000080069cc       0x30 ./Core/Src/dvr_flash.o
                0x00000000080069cc                FLASH_ProgramDoubleWord
 .text.FLASH_ClearFlag
                0x00000000080069fc        0xc ./Core/Src/dvr_flash.o
                0x00000000080069fc                FLASH_ClearFlag
 .text.usart_x0_init
                0x0000000008006a08      0x110 ./Core/Src/dvr_uart.o
                0x0000000008006a08                usart_x0_init
 .text.usart_x0_send
                0x0000000008006b18       0x14 ./Core/Src/dvr_uart.o
                0x0000000008006b18                usart_x0_send
 .text.NMEAChecksum
                0x0000000008006b2c       0x16 ./Core/Src/flash.o
                0x0000000008006b2c                NMEAChecksum
 *fill*         0x0000000008006b42        0x2 
 .text.flash_write_config
                0x0000000008006b44       0x70 ./Core/Src/flash.o
                0x0000000008006b44                flash_write_config
 .text.flash_read_config
                0x0000000008006bb4       0x12 ./Core/Src/flash.o
                0x0000000008006bb4                flash_read_config
 *fill*         0x0000000008006bc6        0x2 
 .text.write_config
                0x0000000008006bc8       0x58 ./Core/Src/flash.o
                0x0000000008006bc8                write_config
 .text.make_default_config
                0x0000000008006c20       0x54 ./Core/Src/flash.o
                0x0000000008006c20                make_default_config
 .text.load_config
                0x0000000008006c74       0x9c ./Core/Src/flash.o
                0x0000000008006c74                load_config
 .text.calc_fuel_level
                0x0000000008006d10      0x18c ./Core/Src/main.o
                0x0000000008006d10                calc_fuel_level
 .text.startup.main
                0x0000000008006e9c      0xb98 ./Core/Src/main.o
                0x0000000008006e9c                main
 .text.HAL_TIM_IC_CaptureCallback
                0x0000000008007a34       0x88 ./Core/Src/main.o
                0x0000000008007a34                HAL_TIM_IC_CaptureCallback
 .text.USART1_IRQHandler
                0x0000000008007abc       0x7c ./Core/Src/main.o
                0x0000000008007abc                USART1_IRQHandler
 .text.ustrncpy
                0x0000000008007b38       0x26 ./Core/Src/printf-stdarg.o
                0x0000000008007b38                ustrncpy
 *fill*         0x0000000008007b5e        0x2 
 .text.uvsnprintf
                0x0000000008007b60      0x2ac ./Core/Src/printf-stdarg.o
                0x0000000008007b60                uvsnprintf
 .text.usnprintf
                0x0000000008007e0c       0x16 ./Core/Src/printf-stdarg.o
                0x0000000008007e0c                usnprintf
 *fill*         0x0000000008007e22        0x2 
 .text.SPIx_init
                0x0000000008007e24       0x24 ./Core/Src/spi.o
                0x0000000008007e24                SPIx_init
 .text.SPIx_ReadRegister
                0x0000000008007e48       0x34 ./Core/Src/spi.o
                0x0000000008007e48                SPIx_ReadRegister
 .text.SPIx_WriteRegister
                0x0000000008007e7c       0x22 ./Core/Src/spi.o
                0x0000000008007e7c                SPIx_WriteRegister
 *fill*         0x0000000008007e9e        0x2 
 .text.HAL_TIM_IC_MspInit
                0x0000000008007ea0       0x68 ./Core/Src/stm32g0xx_hal_msp.o
                0x0000000008007ea0                HAL_TIM_IC_MspInit
 .text.NMI_Handler
                0x0000000008007f08        0x2 ./Core/Src/stm32g0xx_it.o
                0x0000000008007f08                NMI_Handler
 .text.HardFault_Handler
                0x0000000008007f0a        0x2 ./Core/Src/stm32g0xx_it.o
                0x0000000008007f0a                HardFault_Handler
 .text.SVC_Handler
                0x0000000008007f0c        0x2 ./Core/Src/stm32g0xx_it.o
                0x0000000008007f0c                SVC_Handler
 .text.PendSV_Handler
                0x0000000008007f0e        0x2 ./Core/Src/stm32g0xx_it.o
                0x0000000008007f0e                PendSV_Handler
 .text.SysTick_Handler
                0x0000000008007f10       0x38 ./Core/Src/stm32g0xx_it.o
                0x0000000008007f10                SysTick_Handler
 .text.DMA1_Channel1_IRQHandler
                0x0000000008007f48        0x2 ./Core/Src/stm32g0xx_it.o
                0x0000000008007f48                DMA1_Channel1_IRQHandler
 *fill*         0x0000000008007f4a        0x2 
 .text.TIM2_IRQHandler
                0x0000000008007f4c       0x10 ./Core/Src/stm32g0xx_it.o
                0x0000000008007f4c                TIM2_IRQHandler
 .text._sbrk    0x0000000008007f5c       0x40 ./Core/Src/sysmem.o
                0x0000000008007f5c                _sbrk
 .text.systemInit
                0x0000000008007f9c       0xc4 ./Core/Src/system_g031.o
                0x0000000008007f9c                systemInit
 .text.xputc    0x0000000008008060       0x28 ./Core/Src/xprintf.o
                0x0000000008008060                xputc
 .text.xputs    0x0000000008008088       0x14 ./Core/Src/xprintf.o
                0x0000000008008088                xputs
 .text.xvprintf
                0x000000000800809c      0x1e0 ./Core/Src/xprintf.o
 .text.xprintf  0x000000000800827c       0x16 ./Core/Src/xprintf.o
                0x000000000800827c                xprintf
 *fill*         0x0000000008008292        0x2 
 .text.Reset_Handler
                0x0000000008008294       0x50 ./Core/Startup/startup_stm32g031c8tx.o
                0x0000000008008294                Reset_Handler
 .text.Default_Handler
                0x00000000080082e4        0x2 ./Core/Startup/startup_stm32g031c8tx.o
                0x00000000080082e4                TIM1_CC_IRQHandler
                0x00000000080082e4                PVD_IRQHandler
                0x00000000080082e4                I2C1_IRQHandler
                0x00000000080082e4                LPTIM2_IRQHandler
                0x00000000080082e4                RTC_TAMP_IRQHandler
                0x00000000080082e4                SPI1_IRQHandler
                0x00000000080082e4                DMA1_Ch4_5_DMAMUX1_OVR_IRQHandler
                0x00000000080082e4                EXTI2_3_IRQHandler
                0x00000000080082e4                ADC1_IRQHandler
                0x00000000080082e4                I2C2_IRQHandler
                0x00000000080082e4                TIM17_IRQHandler
                0x00000000080082e4                TIM16_IRQHandler
                0x00000000080082e4                TIM3_IRQHandler
                0x00000000080082e4                EXTI4_15_IRQHandler
                0x00000000080082e4                RCC_IRQHandler
                0x00000000080082e4                Default_Handler
                0x00000000080082e4                TIM14_IRQHandler
                0x00000000080082e4                EXTI0_1_IRQHandler
                0x00000000080082e4                SPI2_IRQHandler
                0x00000000080082e4                WWDG_IRQHandler
                0x00000000080082e4                LPUART1_IRQHandler
                0x00000000080082e4                DMA1_Channel2_3_IRQHandler
                0x00000000080082e4                USART2_IRQHandler
                0x00000000080082e4                FLASH_IRQHandler
                0x00000000080082e4                TIM1_BRK_UP_TRG_COM_IRQHandler
                0x00000000080082e4                LPTIM1_IRQHandler
 *fill*         0x00000000080082e6        0x2 
 .text.HAL_IncTick
                0x00000000080082e8       0x18 ./Drivers/STM32G0xx_HAL_Driver/Src/stm32g0xx_hal.o
                0x00000000080082e8                HAL_IncTick
 .text.HAL_NVIC_SetPriority
                0x0000000008008300       0x54 ./Drivers/STM32G0xx_HAL_Driver/Src/stm32g0xx_hal_cortex.o
                0x0000000008008300                HAL_NVIC_SetPriority
 .text.HAL_NVIC_EnableIRQ
                0x0000000008008354       0x18 ./Drivers/STM32G0xx_HAL_Driver/Src/stm32g0xx_hal_cortex.o
                0x0000000008008354                HAL_NVIC_EnableIRQ
 .text.HAL_GPIO_Init
                0x000000000800836c      0x15c ./Drivers/STM32G0xx_HAL_Driver/Src/stm32g0xx_hal_gpio.o
                0x000000000800836c                HAL_GPIO_Init
 .text.HAL_TIM_ReadCapturedValue
                0x00000000080084c8       0x2e ./Drivers/STM32G0xx_HAL_Driver/Src/stm32g0xx_hal_tim.o
                0x00000000080084c8                HAL_TIM_ReadCapturedValue
 .text.HAL_TIM_PeriodElapsedCallback
                0x00000000080084f6        0x2 ./Drivers/STM32G0xx_HAL_Driver/Src/stm32g0xx_hal_tim.o
                0x00000000080084f6                HAL_TIM_PeriodElapsedCallback
 .text.HAL_TIM_OC_DelayElapsedCallback
                0x00000000080084f8        0x2 ./Drivers/STM32G0xx_HAL_Driver/Src/stm32g0xx_hal_tim.o
                0x00000000080084f8                HAL_TIM_OC_DelayElapsedCallback
 .text.HAL_TIM_PWM_PulseFinishedCallback
                0x00000000080084fa        0x2 ./Drivers/STM32G0xx_HAL_Driver/Src/stm32g0xx_hal_tim.o
                0x00000000080084fa                HAL_TIM_PWM_PulseFinishedCallback
 .text.HAL_TIM_TriggerCallback
                0x00000000080084fc        0x2 ./Drivers/STM32G0xx_HAL_Driver/Src/stm32g0xx_hal_tim.o
                0x00000000080084fc                HAL_TIM_TriggerCallback
 *fill*         0x00000000080084fe        0x2 
 .text.HAL_TIM_IRQHandler
                0x0000000008008500      0x168 ./Drivers/STM32G0xx_HAL_Driver/Src/stm32g0xx_hal_tim.o
                0x0000000008008500                HAL_TIM_IRQHandler
 .text.TIM_Base_SetConfig
                0x0000000008008668       0x90 ./Drivers/STM32G0xx_HAL_Driver/Src/stm32g0xx_hal_tim.o
                0x0000000008008668                TIM_Base_SetConfig
 .text.HAL_TIM_IC_Init
                0x00000000080086f8       0x54 ./Drivers/STM32G0xx_HAL_Driver/Src/stm32g0xx_hal_tim.o
                0x00000000080086f8                HAL_TIM_IC_Init
 .text.TIM_TI1_SetConfig
                0x000000000800874c       0x50 ./Drivers/STM32G0xx_HAL_Driver/Src/stm32g0xx_hal_tim.o
                0x000000000800874c                TIM_TI1_SetConfig
 .text.HAL_TIM_IC_ConfigChannel
                0x000000000800879c      0x150 ./Drivers/STM32G0xx_HAL_Driver/Src/stm32g0xx_hal_tim.o
                0x000000000800879c                HAL_TIM_IC_ConfigChannel
 .text.TIM_CCxChannelCmd
                0x00000000080088ec       0x1a ./Drivers/STM32G0xx_HAL_Driver/Src/stm32g0xx_hal_tim.o
                0x00000000080088ec                TIM_CCxChannelCmd
 *fill*         0x0000000008008906        0x2 
 .text.HAL_TIM_IC_Start_IT
                0x0000000008008908      0x108 ./Drivers/STM32G0xx_HAL_Driver/Src/stm32g0xx_hal_tim.o
                0x0000000008008908                HAL_TIM_IC_Start_IT
 .text.HAL_TIM_IC_Stop_IT
                0x0000000008008a10       0xa8 ./Drivers/STM32G0xx_HAL_Driver/Src/stm32g0xx_hal_tim.o
                0x0000000008008a10                HAL_TIM_IC_Stop_IT
 .text.HAL_TIMEx_MasterConfigSynchronization
                0x0000000008008ab8       0x68 ./Drivers/STM32G0xx_HAL_Driver/Src/stm32g0xx_hal_tim_ex.o
                0x0000000008008ab8                HAL_TIMEx_MasterConfigSynchronization
 .text.HAL_TIMEx_CommutCallback
                0x0000000008008b20        0x2 ./Drivers/STM32G0xx_HAL_Driver/Src/stm32g0xx_hal_tim_ex.o
                0x0000000008008b20                HAL_TIMEx_CommutCallback
 .text.HAL_TIMEx_BreakCallback
                0x0000000008008b22        0x2 ./Drivers/STM32G0xx_HAL_Driver/Src/stm32g0xx_hal_tim_ex.o
                0x0000000008008b22                HAL_TIMEx_BreakCallback
 .text.HAL_TIMEx_Break2Callback
                0x0000000008008b24        0x2 ./Drivers/STM32G0xx_HAL_Driver/Src/stm32g0xx_hal_tim_ex.o
                0x0000000008008b24                HAL_TIMEx_Break2Callback
 .text.atoi     0x0000000008008b26        0xc c:/st/stm32cubeide_1.6.1/stm32cubeide/plugins/com.st.stm32cube.ide.mcu.externaltools.gnu-tools-for-stm32.10.3-2021.10.win32_1.0.0.202111181127/tools/bin/../lib/gcc/arm-none-eabi/10.3.1/../../../../arm-none-eabi/lib/thumb/v6-m/nofp\libc_nano.a(lib_a-atoi.o)
                0x0000000008008b26                atoi
 *fill*         0x0000000008008b32        0x2 
 .text.__errno  0x0000000008008b34        0xc c:/st/stm32cubeide_1.6.1/stm32cubeide/plugins/com.st.stm32cube.ide.mcu.externaltools.gnu-tools-for-stm32.10.3-2021.10.win32_1.0.0.202111181127/tools/bin/../lib/gcc/arm-none-eabi/10.3.1/../../../../arm-none-eabi/lib/thumb/v6-m/nofp\libc_nano.a(lib_a-errno.o)
                0x0000000008008b34                __errno
 .text.__libc_init_array
                0x0000000008008b40       0x48 c:/st/stm32cubeide_1.6.1/stm32cubeide/plugins/com.st.stm32cube.ide.mcu.externaltools.gnu-tools-for-stm32.10.3-2021.10.win32_1.0.0.202111181127/tools/bin/../lib/gcc/arm-none-eabi/10.3.1/../../../../arm-none-eabi/lib/thumb/v6-m/nofp\libc_nano.a(lib_a-init.o)
                0x0000000008008b40                __libc_init_array
 .text.memcpy   0x0000000008008b88       0x12 c:/st/stm32cubeide_1.6.1/stm32cubeide/plugins/com.st.stm32cube.ide.mcu.externaltools.gnu-tools-for-stm32.10.3-2021.10.win32_1.0.0.202111181127/tools/bin/../lib/gcc/arm-none-eabi/10.3.1/../../../../arm-none-eabi/lib/thumb/v6-m/nofp\libc_nano.a(lib_a-memcpy-stub.o)
                0x0000000008008b88                memcpy
 .text.memset   0x0000000008008b9a       0x10 c:/st/stm32cubeide_1.6.1/stm32cubeide/plugins/com.st.stm32cube.ide.mcu.externaltools.gnu-tools-for-stm32.10.3-2021.10.win32_1.0.0.202111181127/tools/bin/../lib/gcc/arm-none-eabi/10.3.1/../../../../arm-none-eabi/lib/thumb/v6-m/nofp\libc_nano.a(lib_a-memset.o)
                0x0000000008008b9a                memset
 *fill*         0x0000000008008baa        0x2 
 .text._free_r  0x0000000008008bac       0x94 c:/st/stm32cubeide_1.6.1/stm32cubeide/plugins/com.st.stm32cube.ide.mcu.externaltools.gnu-tools-for-stm32.10.3-2021.10.win32_1.0.0.202111181127/tools/bin/../lib/gcc/arm-none-eabi/10.3.1/../../../../arm-none-eabi/lib/thumb/v6-m/nofp\libc_nano.a(lib_a-nano-freer.o)
                0x0000000008008bac                _free_r
 .text.sbrk_aligned
                0x0000000008008c40       0x44 c:/st/stm32cubeide_1.6.1/stm32cubeide/plugins/com.st.stm32cube.ide.mcu.externaltools.gnu-tools-for-stm32.10.3-2021.10.win32_1.0.0.202111181127/tools/bin/../lib/gcc/arm-none-eabi/10.3.1/../../../../arm-none-eabi/lib/thumb/v6-m/nofp\libc_nano.a(lib_a-nano-mallocr.o)
 .text._malloc_r
                0x0000000008008c84       0xec c:/st/stm32cubeide_1.6.1/stm32cubeide/plugins/com.st.stm32cube.ide.mcu.externaltools.gnu-tools-for-stm32.10.3-2021.10.win32_1.0.0.202111181127/tools/bin/../lib/gcc/arm-none-eabi/10.3.1/../../../../arm-none-eabi/lib/thumb/v6-m/nofp\libc_nano.a(lib_a-nano-mallocr.o)
                0x0000000008008c84                _malloc_r
 .text._sbrk_r  0x0000000008008d70       0x24 c:/st/stm32cubeide_1.6.1/stm32cubeide/plugins/com.st.stm32cube.ide.mcu.externaltools.gnu-tools-for-stm32.10.3-2021.10.win32_1.0.0.202111181127/tools/bin/../lib/gcc/arm-none-eabi/10.3.1/../../../../arm-none-eabi/lib/thumb/v6-m/nofp\libc_nano.a(lib_a-sbrkr.o)
                0x0000000008008d70                _sbrk_r
 .text.sprintf  0x0000000008008d94       0x40 c:/st/stm32cubeide_1.6.1/stm32cubeide/plugins/com.st.stm32cube.ide.mcu.externaltools.gnu-tools-for-stm32.10.3-2021.10.win32_1.0.0.202111181127/tools/bin/../lib/gcc/arm-none-eabi/10.3.1/../../../../arm-none-eabi/lib/thumb/v6-m/nofp\libc_nano.a(lib_a-sprintf.o)
                0x0000000008008d94                siprintf
                0x0000000008008d94                sprintf
 .text.strchr   0x0000000008008dd4       0x1c c:/st/stm32cubeide_1.6.1/stm32cubeide/plugins/com.st.stm32cube.ide.mcu.externaltools.gnu-tools-for-stm32.10.3-2021.10.win32_1.0.0.202111181127/tools/bin/../lib/gcc/arm-none-eabi/10.3.1/../../../../arm-none-eabi/lib/thumb/v6-m/nofp\libc_nano.a(lib_a-strchr.o)
                0x0000000008008dd4                strchr
 .text.strncmp  0x0000000008008df0       0x24 c:/st/stm32cubeide_1.6.1/stm32cubeide/plugins/com.st.stm32cube.ide.mcu.externaltools.gnu-tools-for-stm32.10.3-2021.10.win32_1.0.0.202111181127/tools/bin/../lib/gcc/arm-none-eabi/10.3.1/../../../../arm-none-eabi/lib/thumb/v6-m/nofp\libc_nano.a(lib_a-strncmp.o)
                0x0000000008008df0                strncmp
 .text.strncpy  0x0000000008008e14       0x28 c:/st/stm32cubeide_1.6.1/stm32cubeide/plugins/com.st.stm32cube.ide.mcu.externaltools.gnu-tools-for-stm32.10.3-2021.10.win32_1.0.0.202111181127/tools/bin/../lib/gcc/arm-none-eabi/10.3.1/../../../../arm-none-eabi/lib/thumb/v6-m/nofp\libc_nano.a(lib_a-strncpy.o)
                0x0000000008008e14                strncpy
 .text._strtol_l.constprop.0
                0x0000000008008e3c      0x11c c:/st/stm32cubeide_1.6.1/stm32cubeide/plugins/com.st.stm32cube.ide.mcu.externaltools.gnu-tools-for-stm32.10.3-2021.10.win32_1.0.0.202111181127/tools/bin/../lib/gcc/arm-none-eabi/10.3.1/../../../../arm-none-eabi/lib/thumb/v6-m/nofp\libc_nano.a(lib_a-strtol.o)
 .text.strtol   0x0000000008008f58       0x18 c:/st/stm32cubeide_1.6.1/stm32cubeide/plugins/com.st.stm32cube.ide.mcu.externaltools.gnu-tools-for-stm32.10.3-2021.10.win32_1.0.0.202111181127/tools/bin/../lib/gcc/arm-none-eabi/10.3.1/../../../../arm-none-eabi/lib/thumb/v6-m/nofp\libc_nano.a(lib_a-strtol.o)
                0x0000000008008f58                strtol
 .text.__malloc_lock
                0x0000000008008f70       0x10 c:/st/stm32cubeide_1.6.1/stm32cubeide/plugins/com.st.stm32cube.ide.mcu.externaltools.gnu-tools-for-stm32.10.3-2021.10.win32_1.0.0.202111181127/tools/bin/../lib/gcc/arm-none-eabi/10.3.1/../../../../arm-none-eabi/lib/thumb/v6-m/nofp\libc_nano.a(lib_a-mlock.o)
                0x0000000008008f70                __malloc_lock
 .text.__malloc_unlock
                0x0000000008008f80       0x10 c:/st/stm32cubeide_1.6.1/stm32cubeide/plugins/com.st.stm32cube.ide.mcu.externaltools.gnu-tools-for-stm32.10.3-2021.10.win32_1.0.0.202111181127/tools/bin/../lib/gcc/arm-none-eabi/10.3.1/../../../../arm-none-eabi/lib/thumb/v6-m/nofp\libc_nano.a(lib_a-mlock.o)
                0x0000000008008f80                __malloc_unlock
 .text.__ssputs_r
                0x0000000008008f90       0xc4 c:/st/stm32cubeide_1.6.1/stm32cubeide/plugins/com.st.stm32cube.ide.mcu.externaltools.gnu-tools-for-stm32.10.3-2021.10.win32_1.0.0.202111181127/tools/bin/../lib/gcc/arm-none-eabi/10.3.1/../../../../arm-none-eabi/lib/thumb/v6-m/nofp\libc_nano.a(lib_a-nano-svfprintf.o)
                0x0000000008008f90                __ssputs_r
 .text._svfprintf_r
                0x0000000008009054      0x200 c:/st/stm32cubeide_1.6.1/stm32cubeide/plugins/com.st.stm32cube.ide.mcu.externaltools.gnu-tools-for-stm32.10.3-2021.10.win32_1.0.0.202111181127/tools/bin/../lib/gcc/arm-none-eabi/10.3.1/../../../../arm-none-eabi/lib/thumb/v6-m/nofp\libc_nano.a(lib_a-nano-svfprintf.o)
                0x0000000008009054                _svfiprintf_r
                0x0000000008009054                _svfprintf_r
 .text._printf_common
                0x0000000008009254       0xde c:/st/stm32cubeide_1.6.1/stm32cubeide/plugins/com.st.stm32cube.ide.mcu.externaltools.gnu-tools-for-stm32.10.3-2021.10.win32_1.0.0.202111181127/tools/bin/../lib/gcc/arm-none-eabi/10.3.1/../../../../arm-none-eabi/lib/thumb/v6-m/nofp\libc_nano.a(lib_a-nano-vfprintf_i.o)
                0x0000000008009254                _printf_common
 *fill*         0x0000000008009332        0x2 
 .text._printf_i
                0x0000000008009334      0x224 c:/st/stm32cubeide_1.6.1/stm32cubeide/plugins/com.st.stm32cube.ide.mcu.externaltools.gnu-tools-for-stm32.10.3-2021.10.win32_1.0.0.202111181127/tools/bin/../lib/gcc/arm-none-eabi/10.3.1/../../../../arm-none-eabi/lib/thumb/v6-m/nofp\libc_nano.a(lib_a-nano-vfprintf_i.o)
                0x0000000008009334                _printf_i
 .text.__retarget_lock_acquire_recursive
                0x0000000008009558        0x2 c:/st/stm32cubeide_1.6.1/stm32cubeide/plugins/com.st.stm32cube.ide.mcu.externaltools.gnu-tools-for-stm32.10.3-2021.10.win32_1.0.0.202111181127/tools/bin/../lib/gcc/arm-none-eabi/10.3.1/../../../../arm-none-eabi/lib/thumb/v6-m/nofp\libc_nano.a(lib_a-lock.o)
                0x0000000008009558                __retarget_lock_acquire_recursive
 .text.__retarget_lock_release_recursive
                0x000000000800955a        0x2 c:/st/stm32cubeide_1.6.1/stm32cubeide/plugins/com.st.stm32cube.ide.mcu.externaltools.gnu-tools-for-stm32.10.3-2021.10.win32_1.0.0.202111181127/tools/bin/../lib/gcc/arm-none-eabi/10.3.1/../../../../arm-none-eabi/lib/thumb/v6-m/nofp\libc_nano.a(lib_a-lock.o)
                0x000000000800955a                __retarget_lock_release_recursive
 .text.memchr   0x000000000800955c       0x16 c:/st/stm32cubeide_1.6.1/stm32cubeide/plugins/com.st.stm32cube.ide.mcu.externaltools.gnu-tools-for-stm32.10.3-2021.10.win32_1.0.0.202111181127/tools/bin/../lib/gcc/arm-none-eabi/10.3.1/../../../../arm-none-eabi/lib/thumb/v6-m/nofp\libc_nano.a(lib_a-memchr-stub.o)
                0x000000000800955c                memchr
 .text.memmove  0x0000000008009572       0x26 c:/st/stm32cubeide_1.6.1/stm32cubeide/plugins/com.st.stm32cube.ide.mcu.externaltools.gnu-tools-for-stm32.10.3-2021.10.win32_1.0.0.202111181127/tools/bin/../lib/gcc/arm-none-eabi/10.3.1/../../../../arm-none-eabi/lib/thumb/v6-m/nofp\libc_nano.a(lib_a-memmove.o)
                0x0000000008009572                memmove
 .text._realloc_r
                0x0000000008009598       0x5e c:/st/stm32cubeide_1.6.1/stm32cubeide/plugins/com.st.stm32cube.ide.mcu.externaltools.gnu-tools-for-stm32.10.3-2021.10.win32_1.0.0.202111181127/tools/bin/../lib/gcc/arm-none-eabi/10.3.1/../../../../arm-none-eabi/lib/thumb/v6-m/nofp\libc_nano.a(lib_a-nano-reallocr.o)
                0x0000000008009598                _realloc_r
 .text._malloc_usable_size_r
                0x00000000080095f6       0x10 c:/st/stm32cubeide_1.6.1/stm32cubeide/plugins/com.st.stm32cube.ide.mcu.externaltools.gnu-tools-for-stm32.10.3-2021.10.win32_1.0.0.202111181127/tools/bin/../lib/gcc/arm-none-eabi/10.3.1/../../../../arm-none-eabi/lib/thumb/v6-m/nofp\libc_nano.a(lib_a-nano-msizer.o)
                0x00000000080095f6                _malloc_usable_size_r
 *fill*         0x0000000008009606        0x2 
 .text.atan     0x0000000008009608      0x300 c:/st/stm32cubeide_1.6.1/stm32cubeide/plugins/com.st.stm32cube.ide.mcu.externaltools.gnu-tools-for-stm32.10.3-2021.10.win32_1.0.0.202111181127/tools/bin/../lib/gcc/arm-none-eabi/10.3.1/../../../../arm-none-eabi/lib/thumb/v6-m/nofp\libm.a(lib_a-s_atan.o)
                0x0000000008009608                atan
 .text.fabs     0x0000000008009908        0x6 c:/st/stm32cubeide_1.6.1/stm32cubeide/plugins/com.st.stm32cube.ide.mcu.externaltools.gnu-tools-for-stm32.10.3-2021.10.win32_1.0.0.202111181127/tools/bin/../lib/gcc/arm-none-eabi/10.3.1/../../../../arm-none-eabi/lib/thumb/v6-m/nofp\libm.a(lib_a-s_fabs.o)
                0x0000000008009908                fabs
 .text.atan2    0x000000000800990e        0x8 c:/st/stm32cubeide_1.6.1/stm32cubeide/plugins/com.st.stm32cube.ide.mcu.externaltools.gnu-tools-for-stm32.10.3-2021.10.win32_1.0.0.202111181127/tools/bin/../lib/gcc/arm-none-eabi/10.3.1/../../../../arm-none-eabi/lib/thumb/v6-m/nofp\libm.a(lib_a-w_atan2.o)
                0x000000000800990e                atan2
 .text.sqrt     0x0000000008009916       0x4c c:/st/stm32cubeide_1.6.1/stm32cubeide/plugins/com.st.stm32cube.ide.mcu.externaltools.gnu-tools-for-stm32.10.3-2021.10.win32_1.0.0.202111181127/tools/bin/../lib/gcc/arm-none-eabi/10.3.1/../../../../arm-none-eabi/lib/thumb/v6-m/nofp\libm.a(lib_a-w_sqrt.o)
                0x0000000008009916                sqrt
 *fill*         0x0000000008009962        0x2 
 .text.__ieee754_atan2
                0x0000000008009964      0x158 c:/st/stm32cubeide_1.6.1/stm32cubeide/plugins/com.st.stm32cube.ide.mcu.externaltools.gnu-tools-for-stm32.10.3-2021.10.win32_1.0.0.202111181127/tools/bin/../lib/gcc/arm-none-eabi/10.3.1/../../../../arm-none-eabi/lib/thumb/v6-m/nofp\libm.a(lib_a-e_atan2.o)
                0x0000000008009964                __ieee754_atan2
 .text.__ieee754_sqrt
                0x0000000008009abc      0x16c c:/st/stm32cubeide_1.6.1/stm32cubeide/plugins/com.st.stm32cube.ide.mcu.externaltools.gnu-tools-for-stm32.10.3-2021.10.win32_1.0.0.202111181127/tools/bin/../lib/gcc/arm-none-eabi/10.3.1/../../../../arm-none-eabi/lib/thumb/v6-m/nofp\libm.a(lib_a-e_sqrt.o)
                0x0000000008009abc                __ieee754_sqrt
 *(.glue_7)
 .glue_7        0x0000000008009c28        0x0 linker stubs
 *(.glue_7t)
 .glue_7t       0x0000000008009c28        0x0 linker stubs
 *(.eh_frame)
 .eh_frame      0x0000000008009c28        0x0 c:/st/stm32cubeide_1.6.1/stm32cubeide/plugins/com.st.stm32cube.ide.mcu.externaltools.gnu-tools-for-stm32.10.3-2021.10.win32_1.0.0.202111181127/tools/bin/../lib/gcc/arm-none-eabi/10.3.1/thumb/v6-m/nofp/crtbegin.o
 *(.init)
 .init          0x0000000008009c28        0x4 c:/st/stm32cubeide_1.6.1/stm32cubeide/plugins/com.st.stm32cube.ide.mcu.externaltools.gnu-tools-for-stm32.10.3-2021.10.win32_1.0.0.202111181127/tools/bin/../lib/gcc/arm-none-eabi/10.3.1/thumb/v6-m/nofp/crti.o
                0x0000000008009c28                _init
 .init          0x0000000008009c2c        0x8 c:/st/stm32cubeide_1.6.1/stm32cubeide/plugins/com.st.stm32cube.ide.mcu.externaltools.gnu-tools-for-stm32.10.3-2021.10.win32_1.0.0.202111181127/tools/bin/../lib/gcc/arm-none-eabi/10.3.1/thumb/v6-m/nofp/crtn.o
 *(.fini)
 .fini          0x0000000008009c34        0x4 c:/st/stm32cubeide_1.6.1/stm32cubeide/plugins/com.st.stm32cube.ide.mcu.externaltools.gnu-tools-for-stm32.10.3-2021.10.win32_1.0.0.202111181127/tools/bin/../lib/gcc/arm-none-eabi/10.3.1/thumb/v6-m/nofp/crti.o
                0x0000000008009c34                _fini
 .fini          0x0000000008009c38        0x8 c:/st/stm32cubeide_1.6.1/stm32cubeide/plugins/com.st.stm32cube.ide.mcu.externaltools.gnu-tools-for-stm32.10.3-2021.10.win32_1.0.0.202111181127/tools/bin/../lib/gcc/arm-none-eabi/10.3.1/thumb/v6-m/nofp/crtn.o
                0x0000000008009c40                . = ALIGN (0x4)
                0x0000000008009c40                _etext = .

.vfp11_veneer   0x0000000008009c40        0x0
 .vfp11_veneer  0x0000000008009c40        0x0 linker stubs

.v4_bx          0x0000000008009c40        0x0
 .v4_bx         0x0000000008009c40        0x0 linker stubs

.iplt           0x0000000008009c40        0x0
 .iplt          0x0000000008009c40        0x0 c:/st/stm32cubeide_1.6.1/stm32cubeide/plugins/com.st.stm32cube.ide.mcu.externaltools.gnu-tools-for-stm32.10.3-2021.10.win32_1.0.0.202111181127/tools/bin/../lib/gcc/arm-none-eabi/10.3.1/thumb/v6-m/nofp/crtbegin.o

.rodata         0x0000000008009c40      0x670
                0x0000000008009c40                . = ALIGN (0x4)
 *(.rodata)
 .rodata        0x0000000008009c40       0x80 c:/st/stm32cubeide_1.6.1/stm32cubeide/plugins/com.st.stm32cube.ide.mcu.externaltools.gnu-tools-for-stm32.10.3-2021.10.win32_1.0.0.202111181127/tools/bin/../lib/gcc/arm-none-eabi/10.3.1/thumb/v6-m/nofp\libgcc.a(divsf3.o)
 .rodata        0x0000000008009cc0       0x40 c:/st/stm32cubeide_1.6.1/stm32cubeide/plugins/com.st.stm32cube.ide.mcu.externaltools.gnu-tools-for-stm32.10.3-2021.10.win32_1.0.0.202111181127/tools/bin/../lib/gcc/arm-none-eabi/10.3.1/thumb/v6-m/nofp\libgcc.a(mulsf3.o)
 .rodata        0x0000000008009d00       0x40 c:/st/stm32cubeide_1.6.1/stm32cubeide/plugins/com.st.stm32cube.ide.mcu.externaltools.gnu-tools-for-stm32.10.3-2021.10.win32_1.0.0.202111181127/tools/bin/../lib/gcc/arm-none-eabi/10.3.1/thumb/v6-m/nofp\libgcc.a(divdf3.o)
 .rodata        0x0000000008009d40       0x40 c:/st/stm32cubeide_1.6.1/stm32cubeide/plugins/com.st.stm32cube.ide.mcu.externaltools.gnu-tools-for-stm32.10.3-2021.10.win32_1.0.0.202111181127/tools/bin/../lib/gcc/arm-none-eabi/10.3.1/thumb/v6-m/nofp\libgcc.a(muldf3.o)
 *(.rodata*)
 .rodata.LSM6DS3_WriteAndVerify.constprop.0.str1.1
                0x0000000008009d80        0xc ./Core/Src/LSM6DS3TR.o
 .rodata.LSM6DS3_GS_Start.str1.1
                0x0000000008009d8c        0x8 ./Core/Src/LSM6DS3TR.o
 .rodata.__func__.0
                0x0000000008009d94       0x11 ./Core/Src/LSM6DS3TR.o
 .rodata.cmd_response.str1.1
                0x0000000008009da5        0xe ./Core/Src/command.o
 .rodata.sks_cmd_set_debug.str1.1
                0x0000000008009db3        0xe ./Core/Src/command.o
                                          0x6 (size before relaxing)
 .rodata.sks_cmd_set_empty.str1.1
                0x0000000008009db3        0xe ./Core/Src/command.o
                                          0x9 (size before relaxing)
 .rodata.sks_cmd_reset.str1.1
                0x0000000008009db3        0xe ./Core/Src/command.o
                                          0x3 (size before relaxing)
 .rodata.sks_cmd_info.str1.1
                0x0000000008009db3       0x2a ./Core/Src/command.o
 .rodata.sks_cmd_config.str1.1
                0x0000000008009ddd        0xf ./Core/Src/command.o
 .rodata.append_sign.str1.1
                0x0000000008009dec        0x5 ./Core/Src/command.o
 .rodata.sks_cmd_serial.str1.1
                0x0000000008009df1        0x6 ./Core/Src/command.o
 .rodata.str1.1
                0x0000000008009df7       0x3c ./Core/Src/command.o
 .rodata.flash_write_config.str1.1
                0x0000000008009e33       0x26 ./Core/Src/flash.o
 .rodata.write_config.str1.1
                0x0000000008009e59        0xf ./Core/Src/flash.o
 .rodata.make_default_config.str1.1
                0x0000000008009e68       0x27 ./Core/Src/flash.o
                                         0x2a (size before relaxing)
 .rodata.load_config.str1.1
                0x0000000008009e8f        0xe ./Core/Src/flash.o
 .rodata.main.str1.1
                0x0000000008009e9d      0x204 ./Core/Src/main.o
                                        0x219 (size before relaxing)
 .rodata.uvsnprintf.str1.1
                0x000000000800a0a1       0x17 ./Core/Src/printf-stdarg.o
 .rodata._ctype_
                0x000000000800a0b8      0x101 c:/st/stm32cubeide_1.6.1/stm32cubeide/plugins/com.st.stm32cube.ide.mcu.externaltools.gnu-tools-for-stm32.10.3-2021.10.win32_1.0.0.202111181127/tools/bin/../lib/gcc/arm-none-eabi/10.3.1/../../../../arm-none-eabi/lib/thumb/v6-m/nofp\libc_nano.a(lib_a-ctype_.o)
                0x000000000800a0b8                _ctype_
 .rodata._svfprintf_r.str1.1
                0x000000000800a1b9       0x11 c:/st/stm32cubeide_1.6.1/stm32cubeide/plugins/com.st.stm32cube.ide.mcu.externaltools.gnu-tools-for-stm32.10.3-2021.10.win32_1.0.0.202111181127/tools/bin/../lib/gcc/arm-none-eabi/10.3.1/../../../../arm-none-eabi/lib/thumb/v6-m/nofp\libc_nano.a(lib_a-nano-svfprintf.o)
 .rodata._printf_i.str1.1
                0x000000000800a1ca       0x11 c:/st/stm32cubeide_1.6.1/stm32cubeide/plugins/com.st.stm32cube.ide.mcu.externaltools.gnu-tools-for-stm32.10.3-2021.10.win32_1.0.0.202111181127/tools/bin/../lib/gcc/arm-none-eabi/10.3.1/../../../../arm-none-eabi/lib/thumb/v6-m/nofp\libc_nano.a(lib_a-nano-vfprintf_i.o)
                                         0x22 (size before relaxing)
 *fill*         0x000000000800a1db        0x1 
 .rodata.__sf_fake_stderr
                0x000000000800a1dc       0x20 c:/st/stm32cubeide_1.6.1/stm32cubeide/plugins/com.st.stm32cube.ide.mcu.externaltools.gnu-tools-for-stm32.10.3-2021.10.win32_1.0.0.202111181127/tools/bin/../lib/gcc/arm-none-eabi/10.3.1/../../../../arm-none-eabi/lib/thumb/v6-m/nofp\libc_nano.a(lib_a-findfp.o)
                0x000000000800a1dc                __sf_fake_stderr
 .rodata.__sf_fake_stdin
                0x000000000800a1fc       0x20 c:/st/stm32cubeide_1.6.1/stm32cubeide/plugins/com.st.stm32cube.ide.mcu.externaltools.gnu-tools-for-stm32.10.3-2021.10.win32_1.0.0.202111181127/tools/bin/../lib/gcc/arm-none-eabi/10.3.1/../../../../arm-none-eabi/lib/thumb/v6-m/nofp\libc_nano.a(lib_a-findfp.o)
                0x000000000800a1fc                __sf_fake_stdin
 .rodata.__sf_fake_stdout
                0x000000000800a21c       0x20 c:/st/stm32cubeide_1.6.1/stm32cubeide/plugins/com.st.stm32cube.ide.mcu.externaltools.gnu-tools-for-stm32.10.3-2021.10.win32_1.0.0.202111181127/tools/bin/../lib/gcc/arm-none-eabi/10.3.1/../../../../arm-none-eabi/lib/thumb/v6-m/nofp\libc_nano.a(lib_a-findfp.o)
                0x000000000800a21c                __sf_fake_stdout
 *fill*         0x000000000800a23c        0x4 
 .rodata.atanhi
                0x000000000800a240       0x20 c:/st/stm32cubeide_1.6.1/stm32cubeide/plugins/com.st.stm32cube.ide.mcu.externaltools.gnu-tools-for-stm32.10.3-2021.10.win32_1.0.0.202111181127/tools/bin/../lib/gcc/arm-none-eabi/10.3.1/../../../../arm-none-eabi/lib/thumb/v6-m/nofp\libm.a(lib_a-s_atan.o)
 .rodata.atanlo
                0x000000000800a260       0x20 c:/st/stm32cubeide_1.6.1/stm32cubeide/plugins/com.st.stm32cube.ide.mcu.externaltools.gnu-tools-for-stm32.10.3-2021.10.win32_1.0.0.202111181127/tools/bin/../lib/gcc/arm-none-eabi/10.3.1/../../../../arm-none-eabi/lib/thumb/v6-m/nofp\libm.a(lib_a-s_atan.o)
 .rodata.CSWTCH.8
                0x000000000800a280       0x18 c:/st/stm32cubeide_1.6.1/stm32cubeide/plugins/com.st.stm32cube.ide.mcu.externaltools.gnu-tools-for-stm32.10.3-2021.10.win32_1.0.0.202111181127/tools/bin/../lib/gcc/arm-none-eabi/10.3.1/../../../../arm-none-eabi/lib/thumb/v6-m/nofp\libm.a(lib_a-e_atan2.o)
 .rodata.CSWTCH.9
                0x000000000800a298       0x18 c:/st/stm32cubeide_1.6.1/stm32cubeide/plugins/com.st.stm32cube.ide.mcu.externaltools.gnu-tools-for-stm32.10.3-2021.10.win32_1.0.0.202111181127/tools/bin/../lib/gcc/arm-none-eabi/10.3.1/../../../../arm-none-eabi/lib/thumb/v6-m/nofp\libm.a(lib_a-e_atan2.o)
                0x000000000800a2b0                . = ALIGN (0x4)

.rel.dyn        0x000000000800a2b0        0x0
 .rel.iplt      0x000000000800a2b0        0x0 c:/st/stm32cubeide_1.6.1/stm32cubeide/plugins/com.st.stm32cube.ide.mcu.externaltools.gnu-tools-for-stm32.10.3-2021.10.win32_1.0.0.202111181127/tools/bin/../lib/gcc/arm-none-eabi/10.3.1/thumb/v6-m/nofp/crtbegin.o

.ARM.extab      0x000000000800a2b0        0x0
                0x000000000800a2b0                . = ALIGN (0x4)
 *(.ARM.extab* .gnu.linkonce.armextab.*)
                0x000000000800a2b0                . = ALIGN (0x4)

.ARM            0x000000000800a2b0        0x0
                0x000000000800a2b0                . = ALIGN (0x4)
                0x000000000800a2b0                __exidx_start = .
 *(.ARM.exidx*)
                0x000000000800a2b0                __exidx_end = .
                0x000000000800a2b0                . = ALIGN (0x4)

.preinit_array  0x000000000800a2b0        0x0
                0x000000000800a2b0                . = ALIGN (0x4)
                0x000000000800a2b0                PROVIDE (__preinit_array_start = .)
 *(.preinit_array*)
                0x000000000800a2b0                PROVIDE (__preinit_array_end = .)
                0x000000000800a2b0                . = ALIGN (0x4)

.init_array     0x000000000800a2b0        0x4
                0x000000000800a2b0                . = ALIGN (0x4)
                0x000000000800a2b0                PROVIDE (__init_array_start = .)
 *(SORT_BY_NAME(.init_array.*))
 *(.init_array*)
 .init_array    0x000000000800a2b0        0x4 c:/st/stm32cubeide_1.6.1/stm32cubeide/plugins/com.st.stm32cube.ide.mcu.externaltools.gnu-tools-for-stm32.10.3-2021.10.win32_1.0.0.202111181127/tools/bin/../lib/gcc/arm-none-eabi/10.3.1/thumb/v6-m/nofp/crtbegin.o
                0x000000000800a2b4                PROVIDE (__init_array_end = .)
                0x000000000800a2b4                . = ALIGN (0x4)

.fini_array     0x000000000800a2b4        0x4
                0x000000000800a2b4                . = ALIGN (0x4)
                [!provide]                        PROVIDE (__fini_array_start = .)
 *(SORT_BY_NAME(.fini_array.*))
 *(.fini_array*)
 .fini_array    0x000000000800a2b4        0x4 c:/st/stm32cubeide_1.6.1/stm32cubeide/plugins/com.st.stm32cube.ide.mcu.externaltools.gnu-tools-for-stm32.10.3-2021.10.win32_1.0.0.202111181127/tools/bin/../lib/gcc/arm-none-eabi/10.3.1/thumb/v6-m/nofp/crtbegin.o
                [!provide]                        PROVIDE (__fini_array_end = .)
                0x000000000800a2b8                . = ALIGN (0x4)
                0x000000000800a2b8                _sidata = LOADADDR (.data)

.data           0x0000000020000000      0x120 load address 0x000000000800a2b8
                0x0000000020000000                . = ALIGN (0x4)
                0x0000000020000000                _sdata = .
 *(.data)
 *(.data*)
 .data.SensorEMA10
                0x0000000020000000       0x10 ./Core/Src/EMA.o
                0x0000000020000000                SensorEMA10
 .data.SensorEMA5
                0x0000000020000010       0x10 ./Core/Src/EMA.o
                0x0000000020000010                SensorEMA5
 .data.gyroZ_offset
                0x0000000020000020        0x8 ./Core/Src/KalmanFilter.o
                0x0000000020000020                gyroZ_offset
 .data.handlers
                0x0000000020000028       0x78 ./Core/Src/command.o
                0x0000000020000028                handlers
 .data.compare_levels
                0x00000000200000a0       0x18 ./Core/Src/main.o
                0x00000000200000a0                compare_levels
 .data.uwTickFreq
                0x00000000200000b8        0x1 ./Drivers/STM32G0xx_HAL_Driver/Src/stm32g0xx_hal.o
                0x00000000200000b8                uwTickFreq
 *fill*         0x00000000200000b9        0x3 
 .data._impure_ptr
                0x00000000200000bc        0x4 c:/st/stm32cubeide_1.6.1/stm32cubeide/plugins/com.st.stm32cube.ide.mcu.externaltools.gnu-tools-for-stm32.10.3-2021.10.win32_1.0.0.202111181127/tools/bin/../lib/gcc/arm-none-eabi/10.3.1/../../../../arm-none-eabi/lib/thumb/v6-m/nofp\libc_nano.a(lib_a-impure.o)
                0x00000000200000bc                _impure_ptr
 .data.impure_data
                0x00000000200000c0       0x60 c:/st/stm32cubeide_1.6.1/stm32cubeide/plugins/com.st.stm32cube.ide.mcu.externaltools.gnu-tools-for-stm32.10.3-2021.10.win32_1.0.0.202111181127/tools/bin/../lib/gcc/arm-none-eabi/10.3.1/../../../../arm-none-eabi/lib/thumb/v6-m/nofp\libc_nano.a(lib_a-impure.o)
 *(.RamFunc)
 *(.RamFunc*)
                0x0000000020000120                . = ALIGN (0x4)
                0x0000000020000120                _edata = .

.igot.plt       0x0000000020000120        0x0 load address 0x000000000800a3d8
 .igot.plt      0x0000000020000120        0x0 c:/st/stm32cubeide_1.6.1/stm32cubeide/plugins/com.st.stm32cube.ide.mcu.externaltools.gnu-tools-for-stm32.10.3-2021.10.win32_1.0.0.202111181127/tools/bin/../lib/gcc/arm-none-eabi/10.3.1/thumb/v6-m/nofp/crtbegin.o
                0x0000000020000120                . = ALIGN (0x4)

.bss            0x0000000020000120      0xf24 load address 0x000000000800a3d8
                0x0000000020000120                _sbss = .
                0x0000000020000120                __bss_start__ = _sbss
 *(.bss)
 .bss           0x0000000020000120       0x1c c:/st/stm32cubeide_1.6.1/stm32cubeide/plugins/com.st.stm32cube.ide.mcu.externaltools.gnu-tools-for-stm32.10.3-2021.10.win32_1.0.0.202111181127/tools/bin/../lib/gcc/arm-none-eabi/10.3.1/thumb/v6-m/nofp/crtbegin.o
 *(.bss*)
 .bss.Calculated_Pitch
                0x000000002000013c        0x4 ./Core/Src/KalmanFilter.o
 .bss.Calculated_Roll
                0x0000000020000140        0x4 ./Core/Src/KalmanFilter.o
 .bss.Calculated_yaw
                0x0000000020000144        0x4 ./Core/Src/KalmanFilter.o
 .bss.ExecuteMax
                0x0000000020000148        0x4 ./Core/Src/KalmanFilter.o
 .bss.KalmanFlag
                0x000000002000014c        0x1 ./Core/Src/KalmanFilter.o
 *fill*         0x000000002000014d        0x3 
 .bss.KalmanX   0x0000000020000150       0x28 ./Core/Src/KalmanFilter.o
                0x0000000020000150                KalmanX
 .bss.KalmanY   0x0000000020000178       0x28 ./Core/Src/KalmanFilter.o
                0x0000000020000178                KalmanY
 .bss.Kalman_Timer
                0x00000000200001a0        0x4 ./Core/Src/KalmanFilter.o
 .bss.Tick_frequency
                0x00000000200001a4        0x4 ./Core/Src/KalmanFilter.o
 .bss.accX      0x00000000200001a8        0x8 ./Core/Src/KalmanFilter.o
                0x00000000200001a8                accX
 .bss.accY      0x00000000200001b0        0x8 ./Core/Src/KalmanFilter.o
                0x00000000200001b0                accY
 .bss.accZ      0x00000000200001b8        0x8 ./Core/Src/KalmanFilter.o
                0x00000000200001b8                accZ
 .bss.gyroX     0x00000000200001c0        0x8 ./Core/Src/KalmanFilter.o
                0x00000000200001c0                gyroX
 .bss.gyroY     0x00000000200001c8        0x8 ./Core/Src/KalmanFilter.o
                0x00000000200001c8                gyroY
 .bss.gyroZ     0x00000000200001d0        0x8 ./Core/Src/KalmanFilter.o
                0x00000000200001d0                gyroZ
 .bss.kalAngleZ
                0x00000000200001d8        0x8 ./Core/Src/KalmanFilter.o
                0x00000000200001d8                kalAngleZ
 .bss.last_time.2
                0x00000000200001e0        0x4 ./Core/Src/KalmanFilter.o
 .bss.LSM6DS3_data
                0x00000000200001e4        0xe ./Core/Src/LSM6DS3TR.o
 *fill*         0x00000000200001f2        0x2 
 .bss.LSM6DS3_parameters
                0x00000000200001f4        0xc ./Core/Src/LSM6DS3TR.o
 .bss.Response  0x0000000020000200      0x100 ./Core/Src/command.o
 .bss.response  0x0000000020000300        0x4 ./Core/Src/command.o
 .bss.write_flash
                0x0000000020000304        0x4 ./Core/Src/command.o
                0x0000000020000304                write_flash
 .bss.IC4ReadValue1
                0x0000000020000308        0x4 ./Core/Src/main.o
                0x0000000020000308                IC4ReadValue1
 .bss.IC4ReadValue2
                0x000000002000030c        0x4 ./Core/Src/main.o
                0x000000002000030c                IC4ReadValue2
 .bss.avrFreq   0x0000000020000310      0x1a4 ./Core/Src/main.o
                0x0000000020000310                avrFreq
 .bss.avrFreq3D
                0x00000000200004b4      0x1a4 ./Core/Src/main.o
                0x00000000200004b4                avrFreq3D
 .bss.avrTimFreq
                0x0000000020000658       0x14 ./Core/Src/main.o
                0x0000000020000658                avrTimFreq
 .bss.buff_cmd  0x000000002000066c      0x100 ./Core/Src/main.o
                0x000000002000066c                buff_cmd
 .bss.buff_cmd_tmp
                0x000000002000076c      0x100 ./Core/Src/main.o
                0x000000002000076c                buff_cmd_tmp
 .bss.buff_idx  0x000000002000086c        0x4 ./Core/Src/main.o
                0x000000002000086c                buff_idx
 .bss.capture   0x0000000020000870        0x4 ./Core/Src/main.o
                0x0000000020000870                capture
 .bss.cutOff    0x0000000020000874        0x4 ./Core/Src/main.o
                0x0000000020000874                cutOff
 .bss.freqIdx   0x0000000020000878        0x4 ./Core/Src/main.o
                0x0000000020000878                freqIdx
 .bss.g_appStats
                0x000000002000087c       0x6c ./Core/Src/main.o
                0x000000002000087c                g_appStats
 .bss.g_config  0x00000000200008e8       0x1c ./Core/Src/main.o
                0x00000000200008e8                g_config
 .bss.htim2     0x0000000020000904       0x4c ./Core/Src/main.o
                0x0000000020000904                htim2
 .bss.idx       0x0000000020000950        0x1 ./Core/Src/main.o
                0x0000000020000950                idx
 .bss.idx3D     0x0000000020000951        0x1 ./Core/Src/main.o
                0x0000000020000951                idx3D
 .bss.isFirstCap
                0x0000000020000952        0x1 ./Core/Src/main.o
                0x0000000020000952                isFirstCap
 *fill*         0x0000000020000953        0x1 
 .bss.lastBackNormal
                0x0000000020000954        0x4 ./Core/Src/main.o
                0x0000000020000954                lastBackNormal
 .bss.lastFreg  0x0000000020000958        0x4 ./Core/Src/main.o
                0x0000000020000958                lastFreg
 .bss.lastSentToTracker
                0x000000002000095c        0x4 ./Core/Src/main.o
                0x000000002000095c                lastSentToTracker
 .bss.lastStoreAverage
                0x0000000020000960        0x4 ./Core/Src/main.o
                0x0000000020000960                lastStoreAverage
 .bss.min3DFreq
                0x0000000020000964      0x1a4 ./Core/Src/main.o
                0x0000000020000964                min3DFreq
 .bss.preErrorState
                0x0000000020000b08        0x1 ./Core/Src/main.o
                0x0000000020000b08                preErrorState
 *fill*         0x0000000020000b09        0x3 
 .bss.prePulse  0x0000000020000b0c       0x1c ./Core/Src/main.o
                0x0000000020000b0c                prePulse
 .bss.same3DFreq
                0x0000000020000b28      0x1a4 ./Core/Src/main.o
                0x0000000020000b28                same3DFreq
 .bss.sameIdx   0x0000000020000ccc        0x1 ./Core/Src/main.o
                0x0000000020000ccc                sameIdx
 *fill*         0x0000000020000ccd        0x3 
 .bss.storeLevels
                0x0000000020000cd0      0x348 ./Core/Src/main.o
                0x0000000020000cd0                storeLevels
 .bss.ulMiliCount
                0x0000000020001018        0x4 ./Core/Src/main.o
                0x0000000020001018                ulMiliCount
 .bss.ulSecCount
                0x000000002000101c        0x4 ./Core/Src/main.o
                0x000000002000101c                ulSecCount
 .bss.ulTickCount
                0x0000000020001020        0x4 ./Core/Src/stm32g0xx_it.o
 .bss.__sbrk_heap_end
                0x0000000020001024        0x4 ./Core/Src/sysmem.o
 .bss.outptr    0x0000000020001028        0x4 ./Core/Src/xprintf.o
 .bss.xfunc_out
                0x000000002000102c        0x4 ./Core/Src/xprintf.o
                0x000000002000102c                xfunc_out
 .bss.uwTick    0x0000000020001030        0x4 ./Drivers/STM32G0xx_HAL_Driver/Src/stm32g0xx_hal.o
                0x0000000020001030                uwTick
 .bss.__malloc_free_list
                0x0000000020001034        0x4 c:/st/stm32cubeide_1.6.1/stm32cubeide/plugins/com.st.stm32cube.ide.mcu.externaltools.gnu-tools-for-stm32.10.3-2021.10.win32_1.0.0.202111181127/tools/bin/../lib/gcc/arm-none-eabi/10.3.1/../../../../arm-none-eabi/lib/thumb/v6-m/nofp\libc_nano.a(lib_a-nano-mallocr.o)
                0x0000000020001034                __malloc_free_list
 .bss.__malloc_sbrk_start
                0x0000000020001038        0x4 c:/st/stm32cubeide_1.6.1/stm32cubeide/plugins/com.st.stm32cube.ide.mcu.externaltools.gnu-tools-for-stm32.10.3-2021.10.win32_1.0.0.202111181127/tools/bin/../lib/gcc/arm-none-eabi/10.3.1/../../../../arm-none-eabi/lib/thumb/v6-m/nofp\libc_nano.a(lib_a-nano-mallocr.o)
                0x0000000020001038                __malloc_sbrk_start
 .bss.errno     0x000000002000103c        0x4 c:/st/stm32cubeide_1.6.1/stm32cubeide/plugins/com.st.stm32cube.ide.mcu.externaltools.gnu-tools-for-stm32.10.3-2021.10.win32_1.0.0.202111181127/tools/bin/../lib/gcc/arm-none-eabi/10.3.1/../../../../arm-none-eabi/lib/thumb/v6-m/nofp\libc_nano.a(lib_a-reent.o)
                0x000000002000103c                errno
 .bss.__lock___malloc_recursive_mutex
                0x0000000020001040        0x1 c:/st/stm32cubeide_1.6.1/stm32cubeide/plugins/com.st.stm32cube.ide.mcu.externaltools.gnu-tools-for-stm32.10.3-2021.10.win32_1.0.0.202111181127/tools/bin/../lib/gcc/arm-none-eabi/10.3.1/../../../../arm-none-eabi/lib/thumb/v6-m/nofp\libc_nano.a(lib_a-lock.o)
                0x0000000020001040                __lock___malloc_recursive_mutex
 *(COMMON)
                0x0000000020001044                . = ALIGN (0x4)
 *fill*         0x0000000020001041        0x3 
                0x0000000020001044                _ebss = .
                0x0000000020001044                __bss_end__ = _ebss

._user_heap_stack
                0x0000000020001044      0x604 load address 0x000000000800a3d8
                0x0000000020001048                . = ALIGN (0x8)
 *fill*         0x0000000020001044        0x4 
                [!provide]                        PROVIDE (end = .)
                0x0000000020001048                PROVIDE (_end = .)
                0x0000000020001248                . = (. + _Min_Heap_Size)
 *fill*         0x0000000020001048      0x200 
                0x0000000020001648                . = (. + _Min_Stack_Size)
 *fill*         0x0000000020001248      0x400 
                0x0000000020001648                . = ALIGN (0x8)

/DISCARD/
 libc.a(*)
 libm.a(*)
 libgcc.a(*)

.ARM.attributes
                0x0000000000000000       0x28
 *(.ARM.attributes)
 .ARM.attributes
                0x0000000000000000       0x1e c:/st/stm32cubeide_1.6.1/stm32cubeide/plugins/com.st.stm32cube.ide.mcu.externaltools.gnu-tools-for-stm32.10.3-2021.10.win32_1.0.0.202111181127/tools/bin/../lib/gcc/arm-none-eabi/10.3.1/thumb/v6-m/nofp/crti.o
 .ARM.attributes
                0x000000000000001e       0x2c c:/st/stm32cubeide_1.6.1/stm32cubeide/plugins/com.st.stm32cube.ide.mcu.externaltools.gnu-tools-for-stm32.10.3-2021.10.win32_1.0.0.202111181127/tools/bin/../lib/gcc/arm-none-eabi/10.3.1/thumb/v6-m/nofp/crtbegin.o
 .ARM.attributes
                0x000000000000004a       0x2c ./Core/Src/EMA.o
 .ARM.attributes
                0x0000000000000076       0x2c ./Core/Src/KalmanFilter.o
 .ARM.attributes
                0x00000000000000a2       0x2c ./Core/Src/LSM6DS3TR.o
 .ARM.attributes
                0x00000000000000ce       0x2c ./Core/Src/command.o
 .ARM.attributes
                0x00000000000000fa       0x2c ./Core/Src/delay.o
 .ARM.attributes
                0x0000000000000126       0x2c ./Core/Src/drv_io.o
 .ARM.attributes
                0x0000000000000152       0x2c ./Core/Src/drv_spi.o
 .ARM.attributes
                0x000000000000017e       0x2c ./Core/Src/dvr_flash.o
 .ARM.attributes
                0x00000000000001aa       0x2c ./Core/Src/dvr_uart.o
 .ARM.attributes
                0x00000000000001d6       0x2c ./Core/Src/flash.o
 .ARM.attributes
                0x0000000000000202       0x2c ./Core/Src/main.o
 .ARM.attributes
                0x000000000000022e       0x2c ./Core/Src/printf-stdarg.o
 .ARM.attributes
                0x000000000000025a       0x2c ./Core/Src/spi.o
 .ARM.attributes
                0x0000000000000286       0x2c ./Core/Src/stm32g0xx_hal_msp.o
 .ARM.attributes
                0x00000000000002b2       0x2c ./Core/Src/stm32g0xx_it.o
 .ARM.attributes
                0x00000000000002de       0x2c ./Core/Src/sysmem.o
 .ARM.attributes
                0x000000000000030a       0x2c ./Core/Src/system_g031.o
 .ARM.attributes
                0x0000000000000336       0x2c ./Core/Src/xprintf.o
 .ARM.attributes
                0x0000000000000362       0x22 ./Core/Startup/startup_stm32g031c8tx.o
 .ARM.attributes
                0x0000000000000384       0x2c ./Drivers/STM32G0xx_HAL_Driver/Src/stm32g0xx_hal.o
 .ARM.attributes
                0x00000000000003b0       0x2c ./Drivers/STM32G0xx_HAL_Driver/Src/stm32g0xx_hal_cortex.o
 .ARM.attributes
                0x00000000000003dc       0x2c ./Drivers/STM32G0xx_HAL_Driver/Src/stm32g0xx_hal_gpio.o
 .ARM.attributes
                0x0000000000000408       0x2c ./Drivers/STM32G0xx_HAL_Driver/Src/stm32g0xx_hal_tim.o
 .ARM.attributes
                0x0000000000000434       0x2c ./Drivers/STM32G0xx_HAL_Driver/Src/stm32g0xx_hal_tim_ex.o
 .ARM.attributes
                0x0000000000000460       0x2c c:/st/stm32cubeide_1.6.1/stm32cubeide/plugins/com.st.stm32cube.ide.mcu.externaltools.gnu-tools-for-stm32.10.3-2021.10.win32_1.0.0.202111181127/tools/bin/../lib/gcc/arm-none-eabi/10.3.1/../../../../arm-none-eabi/lib/thumb/v6-m/nofp\libc_nano.a(lib_a-atoi.o)
 .ARM.attributes
                0x000000000000048c       0x2c c:/st/stm32cubeide_1.6.1/stm32cubeide/plugins/com.st.stm32cube.ide.mcu.externaltools.gnu-tools-for-stm32.10.3-2021.10.win32_1.0.0.202111181127/tools/bin/../lib/gcc/arm-none-eabi/10.3.1/../../../../arm-none-eabi/lib/thumb/v6-m/nofp\libc_nano.a(lib_a-errno.o)
 .ARM.attributes
                0x00000000000004b8       0x2c c:/st/stm32cubeide_1.6.1/stm32cubeide/plugins/com.st.stm32cube.ide.mcu.externaltools.gnu-tools-for-stm32.10.3-2021.10.win32_1.0.0.202111181127/tools/bin/../lib/gcc/arm-none-eabi/10.3.1/../../../../arm-none-eabi/lib/thumb/v6-m/nofp\libc_nano.a(lib_a-impure.o)
 .ARM.attributes
                0x00000000000004e4       0x2c c:/st/stm32cubeide_1.6.1/stm32cubeide/plugins/com.st.stm32cube.ide.mcu.externaltools.gnu-tools-for-stm32.10.3-2021.10.win32_1.0.0.202111181127/tools/bin/../lib/gcc/arm-none-eabi/10.3.1/../../../../arm-none-eabi/lib/thumb/v6-m/nofp\libc_nano.a(lib_a-init.o)
 .ARM.attributes
                0x0000000000000510       0x2c c:/st/stm32cubeide_1.6.1/stm32cubeide/plugins/com.st.stm32cube.ide.mcu.externaltools.gnu-tools-for-stm32.10.3-2021.10.win32_1.0.0.202111181127/tools/bin/../lib/gcc/arm-none-eabi/10.3.1/../../../../arm-none-eabi/lib/thumb/v6-m/nofp\libc_nano.a(lib_a-memcpy-stub.o)
 .ARM.attributes
                0x000000000000053c       0x2c c:/st/stm32cubeide_1.6.1/stm32cubeide/plugins/com.st.stm32cube.ide.mcu.externaltools.gnu-tools-for-stm32.10.3-2021.10.win32_1.0.0.202111181127/tools/bin/../lib/gcc/arm-none-eabi/10.3.1/../../../../arm-none-eabi/lib/thumb/v6-m/nofp\libc_nano.a(lib_a-memset.o)
 .ARM.attributes
                0x0000000000000568       0x2c c:/st/stm32cubeide_1.6.1/stm32cubeide/plugins/com.st.stm32cube.ide.mcu.externaltools.gnu-tools-for-stm32.10.3-2021.10.win32_1.0.0.202111181127/tools/bin/../lib/gcc/arm-none-eabi/10.3.1/../../../../arm-none-eabi/lib/thumb/v6-m/nofp\libc_nano.a(lib_a-nano-freer.o)
 .ARM.attributes
                0x0000000000000594       0x2c c:/st/stm32cubeide_1.6.1/stm32cubeide/plugins/com.st.stm32cube.ide.mcu.externaltools.gnu-tools-for-stm32.10.3-2021.10.win32_1.0.0.202111181127/tools/bin/../lib/gcc/arm-none-eabi/10.3.1/../../../../arm-none-eabi/lib/thumb/v6-m/nofp\libc_nano.a(lib_a-nano-mallocr.o)
 .ARM.attributes
                0x00000000000005c0       0x2c c:/st/stm32cubeide_1.6.1/stm32cubeide/plugins/com.st.stm32cube.ide.mcu.externaltools.gnu-tools-for-stm32.10.3-2021.10.win32_1.0.0.202111181127/tools/bin/../lib/gcc/arm-none-eabi/10.3.1/../../../../arm-none-eabi/lib/thumb/v6-m/nofp\libc_nano.a(lib_a-sbrkr.o)
 .ARM.attributes
                0x00000000000005ec       0x2c c:/st/stm32cubeide_1.6.1/stm32cubeide/plugins/com.st.stm32cube.ide.mcu.externaltools.gnu-tools-for-stm32.10.3-2021.10.win32_1.0.0.202111181127/tools/bin/../lib/gcc/arm-none-eabi/10.3.1/../../../../arm-none-eabi/lib/thumb/v6-m/nofp\libc_nano.a(lib_a-sprintf.o)
 .ARM.attributes
                0x0000000000000618       0x2c c:/st/stm32cubeide_1.6.1/stm32cubeide/plugins/com.st.stm32cube.ide.mcu.externaltools.gnu-tools-for-stm32.10.3-2021.10.win32_1.0.0.202111181127/tools/bin/../lib/gcc/arm-none-eabi/10.3.1/../../../../arm-none-eabi/lib/thumb/v6-m/nofp\libc_nano.a(lib_a-strchr.o)
 .ARM.attributes
                0x0000000000000644       0x1c c:/st/stm32cubeide_1.6.1/stm32cubeide/plugins/com.st.stm32cube.ide.mcu.externaltools.gnu-tools-for-stm32.10.3-2021.10.win32_1.0.0.202111181127/tools/bin/../lib/gcc/arm-none-eabi/10.3.1/../../../../arm-none-eabi/lib/thumb/v6-m/nofp\libc_nano.a(lib_a-strcmp.o)
 .ARM.attributes
                0x0000000000000660       0x2c c:/st/stm32cubeide_1.6.1/stm32cubeide/plugins/com.st.stm32cube.ide.mcu.externaltools.gnu-tools-for-stm32.10.3-2021.10.win32_1.0.0.202111181127/tools/bin/../lib/gcc/arm-none-eabi/10.3.1/../../../../arm-none-eabi/lib/thumb/v6-m/nofp\libc_nano.a(lib_a-strncmp.o)
 .ARM.attributes
                0x000000000000068c       0x2c c:/st/stm32cubeide_1.6.1/stm32cubeide/plugins/com.st.stm32cube.ide.mcu.externaltools.gnu-tools-for-stm32.10.3-2021.10.win32_1.0.0.202111181127/tools/bin/../lib/gcc/arm-none-eabi/10.3.1/../../../../arm-none-eabi/lib/thumb/v6-m/nofp\libc_nano.a(lib_a-strncpy.o)
 .ARM.attributes
                0x00000000000006b8       0x2c c:/st/stm32cubeide_1.6.1/stm32cubeide/plugins/com.st.stm32cube.ide.mcu.externaltools.gnu-tools-for-stm32.10.3-2021.10.win32_1.0.0.202111181127/tools/bin/../lib/gcc/arm-none-eabi/10.3.1/../../../../arm-none-eabi/lib/thumb/v6-m/nofp\libc_nano.a(lib_a-strtol.o)
 .ARM.attributes
                0x00000000000006e4       0x2c c:/st/stm32cubeide_1.6.1/stm32cubeide/plugins/com.st.stm32cube.ide.mcu.externaltools.gnu-tools-for-stm32.10.3-2021.10.win32_1.0.0.202111181127/tools/bin/../lib/gcc/arm-none-eabi/10.3.1/../../../../arm-none-eabi/lib/thumb/v6-m/nofp\libc_nano.a(lib_a-ctype_.o)
 .ARM.attributes
                0x0000000000000710       0x2c c:/st/stm32cubeide_1.6.1/stm32cubeide/plugins/com.st.stm32cube.ide.mcu.externaltools.gnu-tools-for-stm32.10.3-2021.10.win32_1.0.0.202111181127/tools/bin/../lib/gcc/arm-none-eabi/10.3.1/../../../../arm-none-eabi/lib/thumb/v6-m/nofp\libc_nano.a(lib_a-mlock.o)
 .ARM.attributes
                0x000000000000073c       0x2c c:/st/stm32cubeide_1.6.1/stm32cubeide/plugins/com.st.stm32cube.ide.mcu.externaltools.gnu-tools-for-stm32.10.3-2021.10.win32_1.0.0.202111181127/tools/bin/../lib/gcc/arm-none-eabi/10.3.1/../../../../arm-none-eabi/lib/thumb/v6-m/nofp\libc_nano.a(lib_a-nano-svfprintf.o)
 .ARM.attributes
                0x0000000000000768       0x2c c:/st/stm32cubeide_1.6.1/stm32cubeide/plugins/com.st.stm32cube.ide.mcu.externaltools.gnu-tools-for-stm32.10.3-2021.10.win32_1.0.0.202111181127/tools/bin/../lib/gcc/arm-none-eabi/10.3.1/../../../../arm-none-eabi/lib/thumb/v6-m/nofp\libc_nano.a(lib_a-nano-vfprintf_i.o)
 .ARM.attributes
                0x0000000000000794       0x2c c:/st/stm32cubeide_1.6.1/stm32cubeide/plugins/com.st.stm32cube.ide.mcu.externaltools.gnu-tools-for-stm32.10.3-2021.10.win32_1.0.0.202111181127/tools/bin/../lib/gcc/arm-none-eabi/10.3.1/../../../../arm-none-eabi/lib/thumb/v6-m/nofp\libc_nano.a(lib_a-reent.o)
 .ARM.attributes
                0x00000000000007c0       0x2c c:/st/stm32cubeide_1.6.1/stm32cubeide/plugins/com.st.stm32cube.ide.mcu.externaltools.gnu-tools-for-stm32.10.3-2021.10.win32_1.0.0.202111181127/tools/bin/../lib/gcc/arm-none-eabi/10.3.1/../../../../arm-none-eabi/lib/thumb/v6-m/nofp\libc_nano.a(lib_a-findfp.o)
 .ARM.attributes
                0x00000000000007ec       0x2c c:/st/stm32cubeide_1.6.1/stm32cubeide/plugins/com.st.stm32cube.ide.mcu.externaltools.gnu-tools-for-stm32.10.3-2021.10.win32_1.0.0.202111181127/tools/bin/../lib/gcc/arm-none-eabi/10.3.1/../../../../arm-none-eabi/lib/thumb/v6-m/nofp\libc_nano.a(lib_a-lock.o)
 .ARM.attributes
                0x0000000000000818       0x2c c:/st/stm32cubeide_1.6.1/stm32cubeide/plugins/com.st.stm32cube.ide.mcu.externaltools.gnu-tools-for-stm32.10.3-2021.10.win32_1.0.0.202111181127/tools/bin/../lib/gcc/arm-none-eabi/10.3.1/../../../../arm-none-eabi/lib/thumb/v6-m/nofp\libc_nano.a(lib_a-memchr-stub.o)
 .ARM.attributes
                0x0000000000000844       0x2c c:/st/stm32cubeide_1.6.1/stm32cubeide/plugins/com.st.stm32cube.ide.mcu.externaltools.gnu-tools-for-stm32.10.3-2021.10.win32_1.0.0.202111181127/tools/bin/../lib/gcc/arm-none-eabi/10.3.1/../../../../arm-none-eabi/lib/thumb/v6-m/nofp\libc_nano.a(lib_a-memmove.o)
 .ARM.attributes
                0x0000000000000870       0x2c c:/st/stm32cubeide_1.6.1/stm32cubeide/plugins/com.st.stm32cube.ide.mcu.externaltools.gnu-tools-for-stm32.10.3-2021.10.win32_1.0.0.202111181127/tools/bin/../lib/gcc/arm-none-eabi/10.3.1/../../../../arm-none-eabi/lib/thumb/v6-m/nofp\libc_nano.a(lib_a-nano-reallocr.o)
 .ARM.attributes
                0x000000000000089c       0x2c c:/st/stm32cubeide_1.6.1/stm32cubeide/plugins/com.st.stm32cube.ide.mcu.externaltools.gnu-tools-for-stm32.10.3-2021.10.win32_1.0.0.202111181127/tools/bin/../lib/gcc/arm-none-eabi/10.3.1/../../../../arm-none-eabi/lib/thumb/v6-m/nofp\libc_nano.a(lib_a-nano-msizer.o)
 .ARM.attributes
                0x00000000000008c8       0x2c c:/st/stm32cubeide_1.6.1/stm32cubeide/plugins/com.st.stm32cube.ide.mcu.externaltools.gnu-tools-for-stm32.10.3-2021.10.win32_1.0.0.202111181127/tools/bin/../lib/gcc/arm-none-eabi/10.3.1/../../../../arm-none-eabi/lib/thumb/v6-m/nofp\libm.a(lib_a-s_atan.o)
 .ARM.attributes
                0x00000000000008f4       0x2c c:/st/stm32cubeide_1.6.1/stm32cubeide/plugins/com.st.stm32cube.ide.mcu.externaltools.gnu-tools-for-stm32.10.3-2021.10.win32_1.0.0.202111181127/tools/bin/../lib/gcc/arm-none-eabi/10.3.1/../../../../arm-none-eabi/lib/thumb/v6-m/nofp\libm.a(lib_a-s_fabs.o)
 .ARM.attributes
                0x0000000000000920       0x2c c:/st/stm32cubeide_1.6.1/stm32cubeide/plugins/com.st.stm32cube.ide.mcu.externaltools.gnu-tools-for-stm32.10.3-2021.10.win32_1.0.0.202111181127/tools/bin/../lib/gcc/arm-none-eabi/10.3.1/../../../../arm-none-eabi/lib/thumb/v6-m/nofp\libm.a(lib_a-w_atan2.o)
 .ARM.attributes
                0x000000000000094c       0x2c c:/st/stm32cubeide_1.6.1/stm32cubeide/plugins/com.st.stm32cube.ide.mcu.externaltools.gnu-tools-for-stm32.10.3-2021.10.win32_1.0.0.202111181127/tools/bin/../lib/gcc/arm-none-eabi/10.3.1/../../../../arm-none-eabi/lib/thumb/v6-m/nofp\libm.a(lib_a-w_sqrt.o)
 .ARM.attributes
                0x0000000000000978       0x2c c:/st/stm32cubeide_1.6.1/stm32cubeide/plugins/com.st.stm32cube.ide.mcu.externaltools.gnu-tools-for-stm32.10.3-2021.10.win32_1.0.0.202111181127/tools/bin/../lib/gcc/arm-none-eabi/10.3.1/../../../../arm-none-eabi/lib/thumb/v6-m/nofp\libm.a(lib_a-e_atan2.o)
 .ARM.attributes
                0x00000000000009a4       0x2c c:/st/stm32cubeide_1.6.1/stm32cubeide/plugins/com.st.stm32cube.ide.mcu.externaltools.gnu-tools-for-stm32.10.3-2021.10.win32_1.0.0.202111181127/tools/bin/../lib/gcc/arm-none-eabi/10.3.1/../../../../arm-none-eabi/lib/thumb/v6-m/nofp\libm.a(lib_a-e_sqrt.o)
 .ARM.attributes
                0x00000000000009d0       0x1e c:/st/stm32cubeide_1.6.1/stm32cubeide/plugins/com.st.stm32cube.ide.mcu.externaltools.gnu-tools-for-stm32.10.3-2021.10.win32_1.0.0.202111181127/tools/bin/../lib/gcc/arm-none-eabi/10.3.1/thumb/v6-m/nofp\libgcc.a(_thumb1_case_shi.o)
 .ARM.attributes
                0x00000000000009ee       0x1e c:/st/stm32cubeide_1.6.1/stm32cubeide/plugins/com.st.stm32cube.ide.mcu.externaltools.gnu-tools-for-stm32.10.3-2021.10.win32_1.0.0.202111181127/tools/bin/../lib/gcc/arm-none-eabi/10.3.1/thumb/v6-m/nofp\libgcc.a(_udivsi3.o)
 .ARM.attributes
                0x0000000000000a0c       0x1e c:/st/stm32cubeide_1.6.1/stm32cubeide/plugins/com.st.stm32cube.ide.mcu.externaltools.gnu-tools-for-stm32.10.3-2021.10.win32_1.0.0.202111181127/tools/bin/../lib/gcc/arm-none-eabi/10.3.1/thumb/v6-m/nofp\libgcc.a(_divsi3.o)
 .ARM.attributes
                0x0000000000000a2a       0x1e c:/st/stm32cubeide_1.6.1/stm32cubeide/plugins/com.st.stm32cube.ide.mcu.externaltools.gnu-tools-for-stm32.10.3-2021.10.win32_1.0.0.202111181127/tools/bin/../lib/gcc/arm-none-eabi/10.3.1/thumb/v6-m/nofp\libgcc.a(_dvmd_tls.o)
 .ARM.attributes
                0x0000000000000a48       0x1e c:/st/stm32cubeide_1.6.1/stm32cubeide/plugins/com.st.stm32cube.ide.mcu.externaltools.gnu-tools-for-stm32.10.3-2021.10.win32_1.0.0.202111181127/tools/bin/../lib/gcc/arm-none-eabi/10.3.1/thumb/v6-m/nofp\libgcc.a(_arm_cmpdf2.o)
 .ARM.attributes
                0x0000000000000a66       0x1e c:/st/stm32cubeide_1.6.1/stm32cubeide/plugins/com.st.stm32cube.ide.mcu.externaltools.gnu-tools-for-stm32.10.3-2021.10.win32_1.0.0.202111181127/tools/bin/../lib/gcc/arm-none-eabi/10.3.1/thumb/v6-m/nofp\libgcc.a(_arm_cmpsf2.o)
 .ARM.attributes
                0x0000000000000a84       0x2c c:/st/stm32cubeide_1.6.1/stm32cubeide/plugins/com.st.stm32cube.ide.mcu.externaltools.gnu-tools-for-stm32.10.3-2021.10.win32_1.0.0.202111181127/tools/bin/../lib/gcc/arm-none-eabi/10.3.1/thumb/v6-m/nofp\libgcc.a(_fixunssfsi.o)
 .ARM.attributes
                0x0000000000000ab0       0x2c c:/st/stm32cubeide_1.6.1/stm32cubeide/plugins/com.st.stm32cube.ide.mcu.externaltools.gnu-tools-for-stm32.10.3-2021.10.win32_1.0.0.202111181127/tools/bin/../lib/gcc/arm-none-eabi/10.3.1/thumb/v6-m/nofp\libgcc.a(_fixunsdfsi.o)
 .ARM.attributes
                0x0000000000000adc       0x2c c:/st/stm32cubeide_1.6.1/stm32cubeide/plugins/com.st.stm32cube.ide.mcu.externaltools.gnu-tools-for-stm32.10.3-2021.10.win32_1.0.0.202111181127/tools/bin/../lib/gcc/arm-none-eabi/10.3.1/thumb/v6-m/nofp\libgcc.a(addsf3.o)
 .ARM.attributes
                0x0000000000000b08       0x2c c:/st/stm32cubeide_1.6.1/stm32cubeide/plugins/com.st.stm32cube.ide.mcu.externaltools.gnu-tools-for-stm32.10.3-2021.10.win32_1.0.0.202111181127/tools/bin/../lib/gcc/arm-none-eabi/10.3.1/thumb/v6-m/nofp\libgcc.a(divsf3.o)
 .ARM.attributes
                0x0000000000000b34       0x2c c:/st/stm32cubeide_1.6.1/stm32cubeide/plugins/com.st.stm32cube.ide.mcu.externaltools.gnu-tools-for-stm32.10.3-2021.10.win32_1.0.0.202111181127/tools/bin/../lib/gcc/arm-none-eabi/10.3.1/thumb/v6-m/nofp\libgcc.a(eqsf2.o)
 .ARM.attributes
                0x0000000000000b60       0x2c c:/st/stm32cubeide_1.6.1/stm32cubeide/plugins/com.st.stm32cube.ide.mcu.externaltools.gnu-tools-for-stm32.10.3-2021.10.win32_1.0.0.202111181127/tools/bin/../lib/gcc/arm-none-eabi/10.3.1/thumb/v6-m/nofp\libgcc.a(gesf2.o)
 .ARM.attributes
                0x0000000000000b8c       0x2c c:/st/stm32cubeide_1.6.1/stm32cubeide/plugins/com.st.stm32cube.ide.mcu.externaltools.gnu-tools-for-stm32.10.3-2021.10.win32_1.0.0.202111181127/tools/bin/../lib/gcc/arm-none-eabi/10.3.1/thumb/v6-m/nofp\libgcc.a(lesf2.o)
 .ARM.attributes
                0x0000000000000bb8       0x2c c:/st/stm32cubeide_1.6.1/stm32cubeide/plugins/com.st.stm32cube.ide.mcu.externaltools.gnu-tools-for-stm32.10.3-2021.10.win32_1.0.0.202111181127/tools/bin/../lib/gcc/arm-none-eabi/10.3.1/thumb/v6-m/nofp\libgcc.a(mulsf3.o)
 .ARM.attributes
                0x0000000000000be4       0x2c c:/st/stm32cubeide_1.6.1/stm32cubeide/plugins/com.st.stm32cube.ide.mcu.externaltools.gnu-tools-for-stm32.10.3-2021.10.win32_1.0.0.202111181127/tools/bin/../lib/gcc/arm-none-eabi/10.3.1/thumb/v6-m/nofp\libgcc.a(subsf3.o)
 .ARM.attributes
                0x0000000000000c10       0x2c c:/st/stm32cubeide_1.6.1/stm32cubeide/plugins/com.st.stm32cube.ide.mcu.externaltools.gnu-tools-for-stm32.10.3-2021.10.win32_1.0.0.202111181127/tools/bin/../lib/gcc/arm-none-eabi/10.3.1/thumb/v6-m/nofp\libgcc.a(fixsfsi.o)
 .ARM.attributes
                0x0000000000000c3c       0x2c c:/st/stm32cubeide_1.6.1/stm32cubeide/plugins/com.st.stm32cube.ide.mcu.externaltools.gnu-tools-for-stm32.10.3-2021.10.win32_1.0.0.202111181127/tools/bin/../lib/gcc/arm-none-eabi/10.3.1/thumb/v6-m/nofp\libgcc.a(floatsisf.o)
 .ARM.attributes
                0x0000000000000c68       0x2c c:/st/stm32cubeide_1.6.1/stm32cubeide/plugins/com.st.stm32cube.ide.mcu.externaltools.gnu-tools-for-stm32.10.3-2021.10.win32_1.0.0.202111181127/tools/bin/../lib/gcc/arm-none-eabi/10.3.1/thumb/v6-m/nofp\libgcc.a(floatunsisf.o)
 .ARM.attributes
                0x0000000000000c94       0x2c c:/st/stm32cubeide_1.6.1/stm32cubeide/plugins/com.st.stm32cube.ide.mcu.externaltools.gnu-tools-for-stm32.10.3-2021.10.win32_1.0.0.202111181127/tools/bin/../lib/gcc/arm-none-eabi/10.3.1/thumb/v6-m/nofp\libgcc.a(adddf3.o)
 .ARM.attributes
                0x0000000000000cc0       0x2c c:/st/stm32cubeide_1.6.1/stm32cubeide/plugins/com.st.stm32cube.ide.mcu.externaltools.gnu-tools-for-stm32.10.3-2021.10.win32_1.0.0.202111181127/tools/bin/../lib/gcc/arm-none-eabi/10.3.1/thumb/v6-m/nofp\libgcc.a(divdf3.o)
 .ARM.attributes
                0x0000000000000cec       0x2c c:/st/stm32cubeide_1.6.1/stm32cubeide/plugins/com.st.stm32cube.ide.mcu.externaltools.gnu-tools-for-stm32.10.3-2021.10.win32_1.0.0.202111181127/tools/bin/../lib/gcc/arm-none-eabi/10.3.1/thumb/v6-m/nofp\libgcc.a(eqdf2.o)
 .ARM.attributes