Archive member included to satisfy reference by file (symbol)

c:/st/stm32cubeide_1.6.1/stm32cubeide/plugins/com.st.stm32cube.ide.mcu.externaltools.gnu-tools-for-stm32.10.3-2021.10.win32_1.0.0.202111181127/tools/bin/../lib/gcc/arm-none-eabi/10.3.1/../../../../arm-none-eabi/lib/thumb/v6-m/nofp\libc_nano.a(lib_a-errno.o)
                              ./Src/syscalls.o (__errno)
c:/st/stm32cubeide_1.6.1/stm32cubeide/plugins/com.st.stm32cube.ide.mcu.externaltools.gnu-tools-for-stm32.10.3-2021.10.win32_1.0.0.202111181127/tools/bin/../lib/gcc/arm-none-eabi/10.3.1/../../../../arm-none-eabi/lib/thumb/v6-m/nofp\libc_nano.a(lib_a-exit.o)
                              c:/st/stm32cubeide_1.6.1/stm32cubeide/plugins/com.st.stm32cube.ide.mcu.externaltools.gnu-tools-for-stm32.10.3-2021.10.win32_1.0.0.202111181127/tools/bin/../lib/gcc/arm-none-eabi/10.3.1/../../../../arm-none-eabi/lib/thumb/v6-m/nofp/crt0.o (exit)
c:/st/stm32cubeide_1.6.1/stm32cubeide/plugins/com.st.stm32cube.ide.mcu.externaltools.gnu-tools-for-stm32.10.3-2021.10.win32_1.0.0.202111181127/tools/bin/../lib/gcc/arm-none-eabi/10.3.1/../../../../arm-none-eabi/lib/thumb/v6-m/nofp\libc_nano.a(lib_a-impure.o)
                              c:/st/stm32cubeide_1.6.1/stm32cubeide/plugins/com.st.stm32cube.ide.mcu.externaltools.gnu-tools-for-stm32.10.3-2021.10.win32_1.0.0.202111181127/tools/bin/../lib/gcc/arm-none-eabi/10.3.1/../../../../arm-none-eabi/lib/thumb/v6-m/nofp\libc_nano.a(lib_a-exit.o) (_global_impure_ptr)
c:/st/stm32cubeide_1.6.1/stm32cubeide/plugins/com.st.stm32cube.ide.mcu.externaltools.gnu-tools-for-stm32.10.3-2021.10.win32_1.0.0.202111181127/tools/bin/../lib/gcc/arm-none-eabi/10.3.1/../../../../arm-none-eabi/lib/thumb/v6-m/nofp\libc_nano.a(lib_a-init.o)
                              c:/st/stm32cubeide_1.6.1/stm32cubeide/plugins/com.st.stm32cube.ide.mcu.externaltools.gnu-tools-for-stm32.10.3-2021.10.win32_1.0.0.202111181127/tools/bin/../lib/gcc/arm-none-eabi/10.3.1/../../../../arm-none-eabi/lib/thumb/v6-m/nofp/crt0.o (__libc_init_array)
c:/st/stm32cubeide_1.6.1/stm32cubeide/plugins/com.st.stm32cube.ide.mcu.externaltools.gnu-tools-for-stm32.10.3-2021.10.win32_1.0.0.202111181127/tools/bin/../lib/gcc/arm-none-eabi/10.3.1/../../../../arm-none-eabi/lib/thumb/v6-m/nofp\libc_nano.a(lib_a-memcpy-stub.o)
                              ./Src/dvr_uart.o (memcpy)
c:/st/stm32cubeide_1.6.1/stm32cubeide/plugins/com.st.stm32cube.ide.mcu.externaltools.gnu-tools-for-stm32.10.3-2021.10.win32_1.0.0.202111181127/tools/bin/../lib/gcc/arm-none-eabi/10.3.1/../../../../arm-none-eabi/lib/thumb/v6-m/nofp\libc_nano.a(lib_a-memset.o)
                              c:/st/stm32cubeide_1.6.1/stm32cubeide/plugins/com.st.stm32cube.ide.mcu.externaltools.gnu-tools-for-stm32.10.3-2021.10.win32_1.0.0.202111181127/tools/bin/../lib/gcc/arm-none-eabi/10.3.1/../../../../arm-none-eabi/lib/thumb/v6-m/nofp/crt0.o (memset)
c:/st/stm32cubeide_1.6.1/stm32cubeide/plugins/com.st.stm32cube.ide.mcu.externaltools.gnu-tools-for-stm32.10.3-2021.10.win32_1.0.0.202111181127/tools/bin/../lib/gcc/arm-none-eabi/10.3.1/../../../../arm-none-eabi/lib/thumb/v6-m/nofp\libc_nano.a(lib_a-strlen.o)
                              ./Src/dvr_uart.o (strlen)
c:/st/stm32cubeide_1.6.1/stm32cubeide/plugins/com.st.stm32cube.ide.mcu.externaltools.gnu-tools-for-stm32.10.3-2021.10.win32_1.0.0.202111181127/tools/bin/../lib/gcc/arm-none-eabi/10.3.1/thumb/v6-m/nofp\libgcc.a(_udivsi3.o)
                              ./Src/dvr_uart.o (__aeabi_uidiv)
c:/st/stm32cubeide_1.6.1/stm32cubeide/plugins/com.st.stm32cube.ide.mcu.externaltools.gnu-tools-for-stm32.10.3-2021.10.win32_1.0.0.202111181127/tools/bin/../lib/gcc/arm-none-eabi/10.3.1/thumb/v6-m/nofp\libgcc.a(_dvmd_tls.o)
                              c:/st/stm32cubeide_1.6.1/stm32cubeide/plugins/com.st.stm32cube.ide.mcu.externaltools.gnu-tools-for-stm32.10.3-2021.10.win32_1.0.0.202111181127/tools/bin/../lib/gcc/arm-none-eabi/10.3.1/thumb/v6-m/nofp\libgcc.a(_udivsi3.o) (__aeabi_idiv0)

Discarded input sections

 .text          0x0000000000000000        0x0 c:/st/stm32cubeide_1.6.1/stm32cubeide/plugins/com.st.stm32cube.ide.mcu.externaltools.gnu-tools-for-stm32.10.3-2021.10.win32_1.0.0.202111181127/tools/bin/../lib/gcc/arm-none-eabi/10.3.1/thumb/v6-m/nofp/crti.o
 .data          0x0000000000000000        0x0 c:/st/stm32cubeide_1.6.1/stm32cubeide/plugins/com.st.stm32cube.ide.mcu.externaltools.gnu-tools-for-stm32.10.3-2021.10.win32_1.0.0.202111181127/tools/bin/../lib/gcc/arm-none-eabi/10.3.1/thumb/v6-m/nofp/crti.o
 .bss           0x0000000000000000        0x0 c:/st/stm32cubeide_1.6.1/stm32cubeide/plugins/com.st.stm32cube.ide.mcu.externaltools.gnu-tools-for-stm32.10.3-2021.10.win32_1.0.0.202111181127/tools/bin/../lib/gcc/arm-none-eabi/10.3.1/thumb/v6-m/nofp/crti.o
 .data          0x0000000000000000        0x4 c:/st/stm32cubeide_1.6.1/stm32cubeide/plugins/com.st.stm32cube.ide.mcu.externaltools.gnu-tools-for-stm32.10.3-2021.10.win32_1.0.0.202111181127/tools/bin/../lib/gcc/arm-none-eabi/10.3.1/thumb/v6-m/nofp/crtbegin.o
 .rodata        0x0000000000000000       0x24 c:/st/stm32cubeide_1.6.1/stm32cubeide/plugins/com.st.stm32cube.ide.mcu.externaltools.gnu-tools-for-stm32.10.3-2021.10.win32_1.0.0.202111181127/tools/bin/../lib/gcc/arm-none-eabi/10.3.1/thumb/v6-m/nofp/crtbegin.o
 .text          0x0000000000000000       0x80 c:/st/stm32cubeide_1.6.1/stm32cubeide/plugins/com.st.stm32cube.ide.mcu.externaltools.gnu-tools-for-stm32.10.3-2021.10.win32_1.0.0.202111181127/tools/bin/../lib/gcc/arm-none-eabi/10.3.1/../../../../arm-none-eabi/lib/thumb/v6-m/nofp/crt0.o
 .data          0x0000000000000000        0x0 c:/st/stm32cubeide_1.6.1/stm32cubeide/plugins/com.st.stm32cube.ide.mcu.externaltools.gnu-tools-for-stm32.10.3-2021.10.win32_1.0.0.202111181127/tools/bin/../lib/gcc/arm-none-eabi/10.3.1/../../../../arm-none-eabi/lib/thumb/v6-m/nofp/crt0.o
 .bss           0x0000000000000000        0x0 c:/st/stm32cubeide_1.6.1/stm32cubeide/plugins/com.st.stm32cube.ide.mcu.externaltools.gnu-tools-for-stm32.10.3-2021.10.win32_1.0.0.202111181127/tools/bin/../lib/gcc/arm-none-eabi/10.3.1/../../../../arm-none-eabi/lib/thumb/v6-m/nofp/crt0.o
 .ARM.extab     0x0000000000000000        0x0 c:/st/stm32cubeide_1.6.1/stm32cubeide/plugins/com.st.stm32cube.ide.mcu.externaltools.gnu-tools-for-stm32.10.3-2021.10.win32_1.0.0.202111181127/tools/bin/../lib/gcc/arm-none-eabi/10.3.1/../../../../arm-none-eabi/lib/thumb/v6-m/nofp/crt0.o
 .ARM.exidx     0x0000000000000000       0x10 c:/st/stm32cubeide_1.6.1/stm32cubeide/plugins/com.st.stm32cube.ide.mcu.externaltools.gnu-tools-for-stm32.10.3-2021.10.win32_1.0.0.202111181127/tools/bin/../lib/gcc/arm-none-eabi/10.3.1/../../../../arm-none-eabi/lib/thumb/v6-m/nofp/crt0.o
 .ARM.attributes
                0x0000000000000000       0x1b c:/st/stm32cubeide_1.6.1/stm32cubeide/plugins/com.st.stm32cube.ide.mcu.externaltools.gnu-tools-for-stm32.10.3-2021.10.win32_1.0.0.202111181127/tools/bin/../lib/gcc/arm-none-eabi/10.3.1/../../../../arm-none-eabi/lib/thumb/v6-m/nofp/crt0.o
 .group         0x0000000000000000        0xc ./Src/drv_dma.o
 .group         0x0000000000000000        0xc ./Src/drv_dma.o
 .group         0x0000000000000000        0xc ./Src/drv_dma.o
 .group         0x0000000000000000        0xc ./Src/drv_dma.o
 .group         0x0000000000000000        0xc ./Src/drv_dma.o
 .group         0x0000000000000000        0xc ./Src/drv_dma.o
 .group         0x0000000000000000        0xc ./Src/drv_dma.o
 .group         0x0000000000000000        0xc ./Src/drv_dma.o
 .group         0x0000000000000000        0xc ./Src/drv_dma.o
 .group         0x0000000000000000        0xc ./Src/drv_dma.o
 .group         0x0000000000000000        0xc ./Src/drv_dma.o
 .group         0x0000000000000000        0xc ./Src/drv_dma.o
 .group         0x0000000000000000        0xc ./Src/drv_dma.o
 .group         0x0000000000000000        0xc ./Src/drv_dma.o
 .text          0x0000000000000000        0x0 ./Src/drv_dma.o
 .data          0x0000000000000000        0x0 ./Src/drv_dma.o
 .bss           0x0000000000000000        0x0 ./Src/drv_dma.o
 .group         0x0000000000000000        0xc ./Src/dvr_uart.o
 .group         0x0000000000000000        0xc ./Src/dvr_uart.o
 .group         0x0000000000000000        0xc ./Src/dvr_uart.o
 .group         0x0000000000000000        0xc ./Src/dvr_uart.o
 .group         0x0000000000000000        0xc ./Src/dvr_uart.o
 .group         0x0000000000000000        0xc ./Src/dvr_uart.o
 .group         0x0000000000000000        0xc ./Src/dvr_uart.o
 .group         0x0000000000000000        0xc ./Src/dvr_uart.o
 .group         0x0000000000000000        0xc ./Src/dvr_uart.o
 .group         0x0000000000000000        0xc ./Src/dvr_uart.o
 .group         0x0000000000000000        0xc ./Src/dvr_uart.o
 .group         0x0000000000000000        0xc ./Src/dvr_uart.o
 .group         0x0000000000000000        0xc ./Src/dvr_uart.o
 .group         0x0000000000000000        0xc ./Src/dvr_uart.o
 .group         0x0000000000000000        0xc ./Src/dvr_uart.o
 .group         0x0000000000000000        0xc ./Src/dvr_uart.o
 .group         0x0000000000000000        0xc ./Src/dvr_uart.o
 .group         0x0000000000000000        0xc ./Src/dvr_uart.o
 .group         0x0000000000000000        0xc ./Src/dvr_uart.o
 .group         0x0000000000000000        0xc ./Src/dvr_uart.o
 .group         0x0000000000000000        0xc ./Src/dvr_uart.o
 .group         0x0000000000000000        0xc ./Src/dvr_uart.o
 .group         0x0000000000000000        0xc ./Src/dvr_uart.o
 .group         0x0000000000000000        0xc ./Src/dvr_uart.o
 .group         0x0000000000000000        0xc ./Src/dvr_uart.o
 .group         0x0000000000000000        0xc ./Src/dvr_uart.o
 .group         0x0000000000000000        0xc ./Src/dvr_uart.o
 .group         0x0000000000000000        0xc ./Src/dvr_uart.o
 .group         0x0000000000000000        0xc ./Src/dvr_uart.o
 .group         0x0000000000000000        0xc ./Src/dvr_uart.o
 .group         0x0000000000000000        0xc ./Src/dvr_uart.o
 .group         0x0000000000000000        0xc ./Src/dvr_uart.o
 .group         0x0000000000000000        0xc ./Src/dvr_uart.o
 .group         0x0000000000000000        0xc ./Src/dvr_uart.o
 .group         0x0000000000000000        0xc ./Src/dvr_uart.o
 .group         0x0000000000000000        0xc ./Src/dvr_uart.o
 .group         0x0000000000000000        0xc ./Src/dvr_uart.o
 .group         0x0000000000000000        0xc ./Src/dvr_uart.o
 .group         0x0000000000000000        0xc ./Src/dvr_uart.o
 .group         0x0000000000000000        0xc ./Src/dvr_uart.o
 .group         0x0000000000000000        0xc ./Src/dvr_uart.o
 .group         0x0000000000000000        0xc ./Src/dvr_uart.o
 .group         0x0000000000000000        0xc ./Src/dvr_uart.o
 .group         0x0000000000000000        0xc ./Src/dvr_uart.o
 .group         0x0000000000000000        0xc ./Src/dvr_uart.o
 .group         0x0000000000000000        0xc ./Src/dvr_uart.o
 .text          0x0000000000000000        0x0 ./Src/dvr_uart.o
 .data          0x0000000000000000        0x0 ./Src/dvr_uart.o
 .bss           0x0000000000000000        0x0 ./Src/dvr_uart.o
 .bss.com1_buf_tx_data_space
                0x0000000000000000      0x101 ./Src/dvr_uart.o
 .data.com1_buf_tx
                0x0000000000000000        0xc ./Src/dvr_uart.o
 .text.com1_putChar
                0x0000000000000000       0x14 ./Src/dvr_uart.o
 .text.com1_putString
                0x0000000000000000       0x44 ./Src/dvr_uart.o
 .text.usart_x0_print
                0x0000000000000000       0x2e ./Src/dvr_uart.o
 .debug_macro   0x0000000000000000      0xa54 ./Src/dvr_uart.o
 .debug_macro   0x0000000000000000       0x22 ./Src/dvr_uart.o
 .debug_macro   0x0000000000000000       0x8e ./Src/dvr_uart.o
 .debug_macro   0x0000000000000000       0x51 ./Src/dvr_uart.o
 .debug_macro   0x0000000000000000      0x103 ./Src/dvr_uart.o
 .debug_macro   0x0000000000000000       0x6a ./Src/dvr_uart.o
 .debug_macro   0x0000000000000000      0x1df ./Src/dvr_uart.o
 .debug_macro   0x0000000000000000       0x28 ./Src/dvr_uart.o
 .debug_macro   0x0000000000000000       0x1c ./Src/dvr_uart.o
 .debug_macro   0x0000000000000000       0x22 ./Src/dvr_uart.o
 .debug_macro   0x0000000000000000       0xd1 ./Src/dvr_uart.o
 .debug_macro   0x0000000000000000      0x4da ./Src/dvr_uart.o
 .debug_macro   0x0000000000000000      0x11f ./Src/dvr_uart.o
 .debug_macro   0x0000000000000000     0xac09 ./Src/dvr_uart.o
 .group         0x0000000000000000        0xc ./Src/log.o
 .text          0x0000000000000000        0x0 ./Src/log.o
 .data          0x0000000000000000        0x0 ./Src/log.o
 .bss           0x0000000000000000        0x0 ./Src/log.o
 .debug_info    0x0000000000000000       0x21 ./Src/log.o
 .debug_abbrev  0x0000000000000000       0x13 ./Src/log.o
 .debug_aranges
                0x0000000000000000       0x18 ./Src/log.o
 .debug_macro   0x0000000000000000       0x11 ./Src/log.o
 .debug_macro   0x0000000000000000      0xa54 ./Src/log.o
 .debug_line    0x0000000000000000       0x2d ./Src/log.o
 .debug_str     0x0000000000000000     0x2be2 ./Src/log.o
 .comment       0x0000000000000000       0x51 ./Src/log.o
 .ARM.attributes
                0x0000000000000000       0x2c ./Src/log.o
 .group         0x0000000000000000        0xc ./Src/main.o
 .group         0x0000000000000000        0xc ./Src/main.o
 .group         0x0000000000000000        0xc ./Src/main.o
 .group         0x0000000000000000        0xc ./Src/main.o
 .group         0x0000000000000000        0xc ./Src/main.o
 .group         0x0000000000000000        0xc ./Src/main.o
 .group         0x0000000000000000        0xc ./Src/main.o
 .group         0x0000000000000000        0xc ./Src/main.o
 .group         0x0000000000000000        0xc ./Src/main.o
 .group         0x0000000000000000        0xc ./Src/main.o
 .group         0x0000000000000000        0xc ./Src/main.o
 .group         0x0000000000000000        0xc ./Src/main.o
 .group         0x0000000000000000        0xc ./Src/main.o
 .group         0x0000000000000000        0xc ./Src/main.o
 .group         0x0000000000000000        0xc ./Src/main.o
 .group         0x0000000000000000        0xc ./Src/main.o
 .group         0x0000000000000000        0xc ./Src/main.o
 .group         0x0000000000000000        0xc ./Src/main.o
 .group         0x0000000000000000        0xc ./Src/main.o
 .group         0x0000000000000000        0xc ./Src/main.o
 .group         0x0000000000000000        0xc ./Src/main.o
 .group         0x0000000000000000        0xc ./Src/main.o
 .group         0x0000000000000000        0xc ./Src/main.o
 .group         0x0000000000000000        0xc ./Src/main.o
 .group         0x0000000000000000        0xc ./Src/main.o
 .group         0x0000000000000000        0xc ./Src/main.o
 .group         0x0000000000000000        0xc ./Src/main.o
 .group         0x0000000000000000        0xc ./Src/main.o
 .group         0x0000000000000000        0xc ./Src/main.o
 .group         0x0000000000000000        0xc ./Src/main.o
 .group         0x0000000000000000        0xc ./Src/main.o
 .group         0x0000000000000000        0xc ./Src/main.o
 .group         0x0000000000000000        0xc ./Src/main.o
 .group         0x0000000000000000        0xc ./Src/main.o
 .group         0x0000000000000000        0xc ./Src/main.o
 .group         0x0000000000000000        0xc ./Src/main.o
 .group         0x0000000000000000        0xc ./Src/main.o
 .group         0x0000000000000000        0xc ./Src/main.o
 .group         0x0000000000000000        0xc ./Src/main.o
 .group         0x0000000000000000        0xc ./Src/main.o
 .group         0x0000000000000000        0xc ./Src/main.o
 .group         0x0000000000000000        0xc ./Src/main.o
 .group         0x0000000000000000        0xc ./Src/main.o
 .group         0x0000000000000000        0xc ./Src/main.o
 .group         0x0000000000000000        0xc ./Src/main.o
 .text          0x0000000000000000        0x0 ./Src/main.o
 .data          0x0000000000000000        0x0 ./Src/main.o
 .bss           0x0000000000000000        0x0 ./Src/main.o
 .bss.lastPushData
                0x0000000000000000        0x4 ./Src/main.o
 .debug_macro   0x0000000000000000      0xa54 ./Src/main.o
 .debug_macro   0x0000000000000000       0x22 ./Src/main.o
 .debug_macro   0x0000000000000000       0x8e ./Src/main.o
 .debug_macro   0x0000000000000000       0x51 ./Src/main.o
 .debug_macro   0x0000000000000000      0x103 ./Src/main.o
 .debug_macro   0x0000000000000000       0x6a ./Src/main.o
 .debug_macro   0x0000000000000000      0x1df ./Src/main.o
 .debug_macro   0x0000000000000000       0x52 ./Src/main.o
 .debug_macro   0x0000000000000000       0x18 ./Src/main.o
 .debug_macro   0x0000000000000000       0x3c ./Src/main.o
 .debug_macro   0x0000000000000000       0x34 ./Src/main.o
 .debug_macro   0x0000000000000000       0x16 ./Src/main.o
 .debug_macro   0x0000000000000000       0x97 ./Src/main.o
 .debug_macro   0x0000000000000000      0x341 ./Src/main.o
 .debug_macro   0x0000000000000000       0xfd ./Src/main.o
 .debug_macro   0x0000000000000000       0x10 ./Src/main.o
 .debug_macro   0x0000000000000000       0x16 ./Src/main.o
 .debug_macro   0x0000000000000000       0x43 ./Src/main.o
 .debug_macro   0x0000000000000000       0x34 ./Src/main.o
 .debug_macro   0x0000000000000000       0x10 ./Src/main.o
 .debug_macro   0x0000000000000000       0x58 ./Src/main.o
 .debug_macro   0x0000000000000000       0x71 ./Src/main.o
 .debug_macro   0x0000000000000000       0x1c ./Src/main.o
 .debug_macro   0x0000000000000000      0x12a ./Src/main.o
 .debug_macro   0x0000000000000000       0x10 ./Src/main.o
 .debug_macro   0x0000000000000000       0x1c ./Src/main.o
 .debug_macro   0x0000000000000000       0x52 ./Src/main.o
 .debug_macro   0x0000000000000000       0x22 ./Src/main.o
 .debug_macro   0x0000000000000000       0x10 ./Src/main.o
 .debug_macro   0x0000000000000000       0x52 ./Src/main.o
 .debug_macro   0x0000000000000000       0xd5 ./Src/main.o
 .debug_macro   0x0000000000000000       0x1c ./Src/main.o
 .debug_macro   0x0000000000000000       0x3d ./Src/main.o
 .debug_macro   0x0000000000000000       0x16 ./Src/main.o
 .debug_macro   0x0000000000000000      0x145 ./Src/main.o
 .debug_macro   0x0000000000000000       0x28 ./Src/main.o
 .debug_macro   0x0000000000000000       0x1c ./Src/main.o
 .debug_macro   0x0000000000000000       0x22 ./Src/main.o
 .debug_macro   0x0000000000000000       0xd1 ./Src/main.o
 .debug_macro   0x0000000000000000      0x4da ./Src/main.o
 .debug_macro   0x0000000000000000      0x11f ./Src/main.o
 .debug_macro   0x0000000000000000     0xac09 ./Src/main.o
 .debug_macro   0x0000000000000000       0x16 ./Src/main.o
 .group         0x0000000000000000        0xc ./Src/syscalls.o
 .group         0x0000000000000000        0xc ./Src/syscalls.o
 .group         0x0000000000000000        0xc ./Src/syscalls.o
 .group         0x0000000000000000        0xc ./Src/syscalls.o
 .group         0x0000000000000000        0xc ./Src/syscalls.o
 .group         0x0000000000000000        0xc ./Src/syscalls.o
 .group         0x0000000000000000        0xc ./Src/syscalls.o
 .group         0x0000000000000000        0xc ./Src/syscalls.o
 .group         0x0000000000000000        0xc ./Src/syscalls.o
 .group         0x0000000000000000        0xc ./Src/syscalls.o
 .group         0x0000000000000000        0xc ./Src/syscalls.o
 .group         0x0000000000000000        0xc ./Src/syscalls.o
 .group         0x0000000000000000        0xc ./Src/syscalls.o
 .group         0x0000000000000000        0xc ./Src/syscalls.o
 .group         0x0000000000000000        0xc ./Src/syscalls.o
 .group         0x0000000000000000        0xc ./Src/syscalls.o
 .group         0x0000000000000000        0xc ./Src/syscalls.o
 .group         0x0000000000000000        0xc ./Src/syscalls.o
 .group         0x0000000000000000        0xc ./Src/syscalls.o
 .group         0x0000000000000000        0xc ./Src/syscalls.o
 .group         0x0000000000000000        0xc ./Src/syscalls.o
 .group         0x0000000000000000        0xc ./Src/syscalls.o
 .group         0x0000000000000000        0xc ./Src/syscalls.o
 .group         0x0000000000000000        0xc ./Src/syscalls.o
 .group         0x0000000000000000        0xc ./Src/syscalls.o
 .group         0x0000000000000000        0xc ./Src/syscalls.o
 .group         0x0000000000000000        0xc ./Src/syscalls.o
 .group         0x0000000000000000        0xc ./Src/syscalls.o
 .group         0x0000000000000000        0xc ./Src/syscalls.o
 .group         0x0000000000000000        0xc ./Src/syscalls.o
 .group         0x0000000000000000        0xc ./Src/syscalls.o
 .group         0x0000000000000000        0xc ./Src/syscalls.o
 .group         0x0000000000000000        0xc ./Src/syscalls.o
 .group         0x0000000000000000        0xc ./Src/syscalls.o
 .group         0x0000000000000000        0xc ./Src/syscalls.o
 .group         0x0000000000000000        0xc ./Src/syscalls.o
 .group         0x0000000000000000        0xc ./Src/syscalls.o
 .group         0x0000000000000000        0xc ./Src/syscalls.o
 .group         0x0000000000000000        0xc ./Src/syscalls.o
 .group         0x0000000000000000        0xc ./Src/syscalls.o
 .group         0x0000000000000000        0xc ./Src/syscalls.o
 .group         0x0000000000000000        0xc ./Src/syscalls.o
 .group         0x0000000000000000        0xc ./Src/syscalls.o
 .group         0x0000000000000000        0xc ./Src/syscalls.o
 .group         0x0000000000000000        0xc ./Src/syscalls.o
 .group         0x0000000000000000        0xc ./Src/syscalls.o
 .group         0x0000000000000000        0xc ./Src/syscalls.o
 .text          0x0000000000000000        0x0 ./Src/syscalls.o
 .data          0x0000000000000000        0x0 ./Src/syscalls.o
 .bss           0x0000000000000000        0x0 ./Src/syscalls.o
 .bss.__env     0x0000000000000000        0x4 ./Src/syscalls.o
 .data.environ  0x0000000000000000        0x4 ./Src/syscalls.o
 .text.initialise_monitor_handles
                0x0000000000000000        0xa ./Src/syscalls.o
 .text._getpid  0x0000000000000000        0xc ./Src/syscalls.o
 .text._kill    0x0000000000000000       0x20 ./Src/syscalls.o
 .text._exit    0x0000000000000000       0x18 ./Src/syscalls.o
 .text._read    0x0000000000000000       0x3a ./Src/syscalls.o
 .text._write   0x0000000000000000       0x38 ./Src/syscalls.o
 .text._close   0x0000000000000000       0x14 ./Src/syscalls.o
 .text._fstat   0x0000000000000000       0x1c ./Src/syscalls.o
 .text._isatty  0x0000000000000000       0x12 ./Src/syscalls.o
 .text._lseek   0x0000000000000000       0x16 ./Src/syscalls.o
 .text._open    0x0000000000000000       0x1c ./Src/syscalls.o
 .text._wait    0x0000000000000000       0x1e ./Src/syscalls.o
 .text._unlink  0x0000000000000000       0x1e ./Src/syscalls.o
 .text._times   0x0000000000000000       0x14 ./Src/syscalls.o
 .text._stat    0x0000000000000000       0x1c ./Src/syscalls.o
 .text._link    0x0000000000000000       0x20 ./Src/syscalls.o
 .text._fork    0x0000000000000000       0x18 ./Src/syscalls.o
 .text._execve  0x0000000000000000       0x22 ./Src/syscalls.o
 .debug_info    0x0000000000000000      0x6e0 ./Src/syscalls.o
 .debug_abbrev  0x0000000000000000      0x1b3 ./Src/syscalls.o
 .debug_aranges
                0x0000000000000000       0xa8 ./Src/syscalls.o
 .debug_ranges  0x0000000000000000       0x98 ./Src/syscalls.o
 .debug_macro   0x0000000000000000      0x24c ./Src/syscalls.o
 .debug_macro   0x0000000000000000      0xa54 ./Src/syscalls.o
 .debug_macro   0x0000000000000000       0x22 ./Src/syscalls.o
 .debug_macro   0x0000000000000000       0x4c ./Src/syscalls.o
 .debug_macro   0x0000000000000000       0x18 ./Src/syscalls.o
 .debug_macro   0x0000000000000000       0x94 ./Src/syscalls.o
 .debug_macro   0x0000000000000000       0x3c ./Src/syscalls.o
 .debug_macro   0x0000000000000000       0x34 ./Src/syscalls.o
 .debug_macro   0x0000000000000000       0x57 ./Src/syscalls.o
 .debug_macro   0x0000000000000000      0x174 ./Src/syscalls.o
 .debug_macro   0x0000000000000000      0x341 ./Src/syscalls.o
 .debug_macro   0x0000000000000000       0x16 ./Src/syscalls.o
 .debug_macro   0x0000000000000000       0x43 ./Src/syscalls.o
 .debug_macro   0x0000000000000000       0x34 ./Src/syscalls.o
 .debug_macro   0x0000000000000000       0x10 ./Src/syscalls.o
 .debug_macro   0x0000000000000000       0x58 ./Src/syscalls.o
 .debug_macro   0x0000000000000000       0x71 ./Src/syscalls.o
 .debug_macro   0x0000000000000000       0x1c ./Src/syscalls.o
 .debug_macro   0x0000000000000000      0x12a ./Src/syscalls.o
 .debug_macro   0x0000000000000000       0x10 ./Src/syscalls.o
 .debug_macro   0x0000000000000000       0x35 ./Src/syscalls.o
 .debug_macro   0x0000000000000000       0x10 ./Src/syscalls.o
 .debug_macro   0x0000000000000000       0x10 ./Src/syscalls.o
 .debug_macro   0x0000000000000000       0x10 ./Src/syscalls.o
 .debug_macro   0x0000000000000000       0x6a ./Src/syscalls.o
 .debug_macro   0x0000000000000000       0x1c ./Src/syscalls.o
 .debug_macro   0x0000000000000000       0x52 ./Src/syscalls.o
 .debug_macro   0x0000000000000000       0x22 ./Src/syscalls.o
 .debug_macro   0x0000000000000000       0x10 ./Src/syscalls.o
 .debug_macro   0x0000000000000000       0x52 ./Src/syscalls.o
 .debug_macro   0x0000000000000000       0xd5 ./Src/syscalls.o
 .debug_macro   0x0000000000000000       0x1c ./Src/syscalls.o
 .debug_macro   0x0000000000000000       0x3d ./Src/syscalls.o
 .debug_macro   0x0000000000000000       0x35 ./Src/syscalls.o
 .debug_macro   0x0000000000000000      0x12c ./Src/syscalls.o
 .debug_macro   0x0000000000000000       0x16 ./Src/syscalls.o
 .debug_macro   0x0000000000000000       0x16 ./Src/syscalls.o
 .debug_macro   0x0000000000000000       0x29 ./Src/syscalls.o
 .debug_macro   0x0000000000000000       0x10 ./Src/syscalls.o
 .debug_macro   0x0000000000000000      0x241 ./Src/syscalls.o
 .debug_macro   0x0000000000000000       0x1c ./Src/syscalls.o
 .debug_macro   0x0000000000000000       0x10 ./Src/syscalls.o
 .debug_macro   0x0000000000000000       0x10 ./Src/syscalls.o
 .debug_macro   0x0000000000000000       0x16 ./Src/syscalls.o
 .debug_macro   0x0000000000000000      0x145 ./Src/syscalls.o
 .debug_macro   0x0000000000000000      0x189 ./Src/syscalls.o
 .debug_macro   0x0000000000000000       0x16 ./Src/syscalls.o
 .debug_macro   0x0000000000000000       0xce ./Src/syscalls.o
 .debug_line    0x0000000000000000      0x7ea ./Src/syscalls.o
 .debug_str     0x0000000000000000     0x896b ./Src/syscalls.o
 .comment       0x0000000000000000       0x51 ./Src/syscalls.o
 .debug_frame   0x0000000000000000      0x244 ./Src/syscalls.o
 .ARM.attributes
                0x0000000000000000       0x2c ./Src/syscalls.o
 .group         0x0000000000000000        0xc ./Src/sysmem.o
 .group         0x0000000000000000        0xc ./Src/sysmem.o
 .group         0x0000000000000000        0xc ./Src/sysmem.o
 .group         0x0000000000000000        0xc ./Src/sysmem.o
 .group         0x0000000000000000        0xc ./Src/sysmem.o
 .group         0x0000000000000000        0xc ./Src/sysmem.o
 .group         0x0000000000000000        0xc ./Src/sysmem.o
 .group         0x0000000000000000        0xc ./Src/sysmem.o
 .group         0x0000000000000000        0xc ./Src/sysmem.o
 .group         0x0000000000000000        0xc ./Src/sysmem.o
 .group         0x0000000000000000        0xc ./Src/sysmem.o
 .group         0x0000000000000000        0xc ./Src/sysmem.o
 .group         0x0000000000000000        0xc ./Src/sysmem.o
 .group         0x0000000000000000        0xc ./Src/sysmem.o
 .group         0x0000000000000000        0xc ./Src/sysmem.o
 .group         0x0000000000000000        0xc ./Src/sysmem.o
 .group         0x0000000000000000        0xc ./Src/sysmem.o
 .group         0x0000000000000000        0xc ./Src/sysmem.o
 .group         0x0000000000000000        0xc ./Src/sysmem.o
 .group         0x0000000000000000        0xc ./Src/sysmem.o
 .group         0x0000000000000000        0xc ./Src/sysmem.o
 .group         0x0000000000000000        0xc ./Src/sysmem.o
 .text          0x0000000000000000        0x0 ./Src/sysmem.o
 .data          0x0000000000000000        0x0 ./Src/sysmem.o
 .bss           0x0000000000000000        0x0 ./Src/sysmem.o
 .bss.__sbrk_heap_end
                0x0000000000000000        0x4 ./Src/sysmem.o
 .text._sbrk    0x0000000000000000       0x6c ./Src/sysmem.o
 .debug_info    0x0000000000000000      0x171 ./Src/sysmem.o
 .debug_abbrev  0x0000000000000000       0xbb ./Src/sysmem.o
 .debug_aranges
                0x0000000000000000       0x20 ./Src/sysmem.o
 .debug_ranges  0x0000000000000000       0x10 ./Src/sysmem.o
 .debug_macro   0x0000000000000000       0xff ./Src/sysmem.o
 .debug_macro   0x0000000000000000      0xa54 ./Src/sysmem.o
 .debug_macro   0x0000000000000000       0x10 ./Src/sysmem.o
 .debug_macro   0x0000000000000000       0x22 ./Src/sysmem.o
 .debug_macro   0x0000000000000000       0x4c ./Src/sysmem.o
 .debug_macro   0x0000000000000000       0x18 ./Src/sysmem.o
 .debug_macro   0x0000000000000000       0x94 ./Src/sysmem.o
 .debug_macro   0x0000000000000000       0x3c ./Src/sysmem.o
 .debug_macro   0x0000000000000000       0x34 ./Src/sysmem.o
 .debug_macro   0x0000000000000000      0x174 ./Src/sysmem.o
 .debug_macro   0x0000000000000000       0x16 ./Src/sysmem.o
 .debug_macro   0x0000000000000000       0x43 ./Src/sysmem.o
 .debug_macro   0x0000000000000000       0x57 ./Src/sysmem.o
 .debug_macro   0x0000000000000000       0x34 ./Src/sysmem.o
 .debug_macro   0x0000000000000000       0x10 ./Src/sysmem.o
 .debug_macro   0x0000000000000000       0x58 ./Src/sysmem.o
 .debug_macro   0x0000000000000000       0x71 ./Src/sysmem.o
 .debug_macro   0x0000000000000000       0x1c ./Src/sysmem.o
 .debug_macro   0x0000000000000000      0x12a ./Src/sysmem.o
 .debug_macro   0x0000000000000000      0x23b ./Src/sysmem.o
 .debug_macro   0x0000000000000000      0x103 ./Src/sysmem.o
 .debug_macro   0x0000000000000000       0x6a ./Src/sysmem.o
 .debug_macro   0x0000000000000000      0x1df ./Src/sysmem.o
 .debug_line    0x0000000000000000      0x4e0 ./Src/sysmem.o
 .debug_str     0x0000000000000000     0x5ca7 ./Src/sysmem.o
 .comment       0x0000000000000000       0x51 ./Src/sysmem.o
 .debug_frame   0x0000000000000000       0x30 ./Src/sysmem.o
 .ARM.attributes
                0x0000000000000000       0x2c ./Src/sysmem.o
 .group         0x0000000000000000        0xc ./Src/system_g031.o
 .group         0x0000000000000000        0xc ./Src/system_g031.o
 .group         0x0000000000000000        0xc ./Src/system_g031.o
 .group         0x0000000000000000        0xc ./Src/system_g031.o
 .group         0x0000000000000000        0xc ./Src/system_g031.o
 .group         0x0000000000000000        0xc ./Src/system_g031.o
 .group         0x0000000000000000        0xc ./Src/system_g031.o
 .group         0x0000000000000000        0xc ./Src/system_g031.o
 .group         0x0000000000000000        0xc ./Src/system_g031.o
 .group         0x0000000000000000        0xc ./Src/system_g031.o
 .group         0x0000000000000000        0xc ./Src/system_g031.o
 .group         0x0000000000000000        0xc ./Src/system_g031.o
 .group         0x0000000000000000        0xc ./Src/system_g031.o
 .group         0x0000000000000000        0xc ./Src/system_g031.o
 .group         0x0000000000000000        0xc ./Src/system_g031.o
 .text          0x0000000000000000        0x0 ./Src/system_g031.o
 .data          0x0000000000000000        0x0 ./Src/system_g031.o
 .bss           0x0000000000000000        0x0 ./Src/system_g031.o
 .data.SystemCoreClock
                0x0000000000000000        0x4 ./Src/system_g031.o
 .text.RCC_DeInit
                0x0000000000000000       0x88 ./Src/system_g031.o
 .debug_macro   0x0000000000000000      0xa54 ./Src/system_g031.o
 .debug_macro   0x0000000000000000       0x22 ./Src/system_g031.o
 .debug_macro   0x0000000000000000       0x8e ./Src/system_g031.o
 .debug_macro   0x0000000000000000       0x51 ./Src/system_g031.o
 .debug_macro   0x0000000000000000      0x103 ./Src/system_g031.o
 .debug_macro   0x0000000000000000       0x6a ./Src/system_g031.o
 .debug_macro   0x0000000000000000      0x1df ./Src/system_g031.o
 .debug_macro   0x0000000000000000       0x28 ./Src/system_g031.o
 .debug_macro   0x0000000000000000       0x1c ./Src/system_g031.o
 .debug_macro   0x0000000000000000       0x22 ./Src/system_g031.o
 .debug_macro   0x0000000000000000       0xd1 ./Src/system_g031.o
 .debug_macro   0x0000000000000000      0x4da ./Src/system_g031.o
 .debug_macro   0x0000000000000000      0x11f ./Src/system_g031.o
 .debug_macro   0x0000000000000000     0xac09 ./Src/system_g031.o
 .debug_macro   0x0000000000000000       0x16 ./Src/system_g031.o
 .group         0x0000000000000000        0xc ./Src/utils.o
 .group         0x0000000000000000        0xc ./Src/utils.o
 .group         0x0000000000000000        0xc ./Src/utils.o
 .group         0x0000000000000000        0xc ./Src/utils.o
 .group         0x0000000000000000        0xc ./Src/utils.o
 .group         0x0000000000000000        0xc ./Src/utils.o
 .group         0x0000000000000000        0xc ./Src/utils.o
 .text          0x0000000000000000        0x0 ./Src/utils.o
 .data          0x0000000000000000        0x0 ./Src/utils.o
 .bss           0x0000000000000000        0x0 ./Src/utils.o
 .text.circ_bbuf_push
                0x0000000000000000       0xd6 ./Src/utils.o
 .text.circ_bbuf_pop
                0x0000000000000000       0x98 ./Src/utils.o
 .debug_info    0x0000000000000000      0x18f ./Src/utils.o
 .debug_abbrev  0x0000000000000000       0xc8 ./Src/utils.o
 .debug_aranges
                0x0000000000000000       0x28 ./Src/utils.o
 .debug_ranges  0x0000000000000000       0x18 ./Src/utils.o
 .debug_macro   0x0000000000000000       0x6d ./Src/utils.o
 .debug_macro   0x0000000000000000      0xa54 ./Src/utils.o
 .debug_macro   0x0000000000000000       0x22 ./Src/utils.o
 .debug_macro   0x0000000000000000       0x8e ./Src/utils.o
 .debug_macro   0x0000000000000000       0x51 ./Src/utils.o
 .debug_macro   0x0000000000000000      0x103 ./Src/utils.o
 .debug_macro   0x0000000000000000       0x6a ./Src/utils.o
 .debug_macro   0x0000000000000000      0x1df ./Src/utils.o
 .debug_line    0x0000000000000000      0x45f ./Src/utils.o
 .debug_str     0x0000000000000000     0x3c0c ./Src/utils.o
 .comment       0x0000000000000000       0x51 ./Src/utils.o
 .debug_frame   0x0000000000000000       0x50 ./Src/utils.o
 .ARM.attributes
                0x0000000000000000       0x2c ./Src/utils.o
 .group         0x0000000000000000        0xc ./Src/xprintf.o
 .group         0x0000000000000000        0xc ./Src/xprintf.o
 .group         0x0000000000000000        0xc ./Src/xprintf.o
 .text          0x0000000000000000        0x0 ./Src/xprintf.o
 .data          0x0000000000000000        0x0 ./Src/xprintf.o
 .bss           0x0000000000000000        0x0 ./Src/xprintf.o
 .text.xfputs   0x0000000000000000       0x40 ./Src/xprintf.o
 .text.xsprintf
                0x0000000000000000       0x44 ./Src/xprintf.o
 .text.xfprintf
                0x0000000000000000       0x40 ./Src/xprintf.o
 .rodata        0x0000000000000000       0x1f ./Src/xprintf.o
 .text.put_dump
                0x0000000000000000      0x110 ./Src/xprintf.o
 .debug_macro   0x0000000000000000      0xa54 ./Src/xprintf.o
 .debug_macro   0x0000000000000000       0x3a ./Src/xprintf.o
 .text          0x0000000000000000       0x14 ./Startup/startup_stm32g031c8tx.o
 .data          0x0000000000000000        0x0 ./Startup/startup_stm32g031c8tx.o
 .bss           0x0000000000000000        0x0 ./Startup/startup_stm32g031c8tx.o
 .text          0x0000000000000000        0x0 c:/st/stm32cubeide_1.6.1/stm32cubeide/plugins/com.st.stm32cube.ide.mcu.externaltools.gnu-tools-for-stm32.10.3-2021.10.win32_1.0.0.202111181127/tools/bin/../lib/gcc/arm-none-eabi/10.3.1/../../../../arm-none-eabi/lib/thumb/v6-m/nofp\libc_nano.a(lib_a-errno.o)
 .data          0x0000000000000000        0x0 c:/st/stm32cubeide_1.6.1/stm32cubeide/plugins/com.st.stm32cube.ide.mcu.externaltools.gnu-tools-for-stm32.10.3-2021.10.win32_1.0.0.202111181127/tools/bin/../lib/gcc/arm-none-eabi/10.3.1/../../../../arm-none-eabi/lib/thumb/v6-m/nofp\libc_nano.a(lib_a-errno.o)
 .bss           0x0000000000000000        0x0 c:/st/stm32cubeide_1.6.1/stm32cubeide/plugins/com.st.stm32cube.ide.mcu.externaltools.gnu-tools-for-stm32.10.3-2021.10.win32_1.0.0.202111181127/tools/bin/../lib/gcc/arm-none-eabi/10.3.1/../../../../arm-none-eabi/lib/thumb/v6-m/nofp\libc_nano.a(lib_a-errno.o)
 .text.__errno  0x0000000000000000        0xc c:/st/stm32cubeide_1.6.1/stm32cubeide/plugins/com.st.stm32cube.ide.mcu.externaltools.gnu-tools-for-stm32.10.3-2021.10.win32_1.0.0.202111181127/tools/bin/../lib/gcc/arm-none-eabi/10.3.1/../../../../arm-none-eabi/lib/thumb/v6-m/nofp\libc_nano.a(lib_a-errno.o)
 .debug_frame   0x0000000000000000       0x20 c:/st/stm32cubeide_1.6.1/stm32cubeide/plugins/com.st.stm32cube.ide.mcu.externaltools.gnu-tools-for-stm32.10.3-2021.10.win32_1.0.0.202111181127/tools/bin/../lib/gcc/arm-none-eabi/10.3.1/../../../../arm-none-eabi/lib/thumb/v6-m/nofp\libc_nano.a(lib_a-errno.o)
 .ARM.attributes
                0x0000000000000000       0x2c c:/st/stm32cubeide_1.6.1/stm32cubeide/plugins/com.st.stm32cube.ide.mcu.externaltools.gnu-tools-for-stm32.10.3-2021.10.win32_1.0.0.202111181127/tools/bin/../lib/gcc/arm-none-eabi/10.3.1/../../../../arm-none-eabi/lib/thumb/v6-m/nofp\libc_nano.a(lib_a-errno.o)
 .text          0x0000000000000000        0x0 c:/st/stm32cubeide_1.6.1/stm32cubeide/plugins/com.st.stm32cube.ide.mcu.externaltools.gnu-tools-for-stm32.10.3-2021.10.win32_1.0.0.202111181127/tools/bin/../lib/gcc/arm-none-eabi/10.3.1/../../../../arm-none-eabi/lib/thumb/v6-m/nofp\libc_nano.a(lib_a-exit.o)
 .data          0x0000000000000000        0x0 c:/st/stm32cubeide_1.6.1/stm32cubeide/plugins/com.st.stm32cube.ide.mcu.externaltools.gnu-tools-for-stm32.10.3-2021.10.win32_1.0.0.202111181127/tools/bin/../lib/gcc/arm-none-eabi/10.3.1/../../../../arm-none-eabi/lib/thumb/v6-m/nofp\libc_nano.a(lib_a-exit.o)
 .bss           0x0000000000000000        0x0 c:/st/stm32cubeide_1.6.1/stm32cubeide/plugins/com.st.stm32cube.ide.mcu.externaltools.gnu-tools-for-stm32.10.3-2021.10.win32_1.0.0.202111181127/tools/bin/../lib/gcc/arm-none-eabi/10.3.1/../../../../arm-none-eabi/lib/thumb/v6-m/nofp\libc_nano.a(lib_a-exit.o)
 .text.exit     0x0000000000000000       0x2c c:/st/stm32cubeide_1.6.1/stm32cubeide/plugins/com.st.stm32cube.ide.mcu.externaltools.gnu-tools-for-stm32.10.3-2021.10.win32_1.0.0.202111181127/tools/bin/../lib/gcc/arm-none-eabi/10.3.1/../../../../arm-none-eabi/lib/thumb/v6-m/nofp\libc_nano.a(lib_a-exit.o)
 .debug_frame   0x0000000000000000       0x28 c:/st/stm32cubeide_1.6.1/stm32cubeide/plugins/com.st.stm32cube.ide.mcu.externaltools.gnu-tools-for-stm32.10.3-2021.10.win32_1.0.0.202111181127/tools/bin/../lib/gcc/arm-none-eabi/10.3.1/../../../../arm-none-eabi/lib/thumb/v6-m/nofp\libc_nano.a(lib_a-exit.o)
 .ARM.attributes
                0x0000000000000000       0x2c c:/st/stm32cubeide_1.6.1/stm32cubeide/plugins/com.st.stm32cube.ide.mcu.externaltools.gnu-tools-for-stm32.10.3-2021.10.win32_1.0.0.202111181127/tools/bin/../lib/gcc/arm-none-eabi/10.3.1/../../../../arm-none-eabi/lib/thumb/v6-m/nofp\libc_nano.a(lib_a-exit.o)
 .text          0x0000000000000000        0x0 c:/st/stm32cubeide_1.6.1/stm32cubeide/plugins/com.st.stm32cube.ide.mcu.externaltools.gnu-tools-for-stm32.10.3-2021.10.win32_1.0.0.202111181127/tools/bin/../lib/gcc/arm-none-eabi/10.3.1/../../../../arm-none-eabi/lib/thumb/v6-m/nofp\libc_nano.a(lib_a-impure.o)
 .data          0x0000000000000000        0x0 c:/st/stm32cubeide_1.6.1/stm32cubeide/plugins/com.st.stm32cube.ide.mcu.externaltools.gnu-tools-for-stm32.10.3-2021.10.win32_1.0.0.202111181127/tools/bin/../lib/gcc/arm-none-eabi/10.3.1/../../../../arm-none-eabi/lib/thumb/v6-m/nofp\libc_nano.a(lib_a-impure.o)
 .bss           0x0000000000000000        0x0 c:/st/stm32cubeide_1.6.1/stm32cubeide/plugins/com.st.stm32cube.ide.mcu.externaltools.gnu-tools-for-stm32.10.3-2021.10.win32_1.0.0.202111181127/tools/bin/../lib/gcc/arm-none-eabi/10.3.1/../../../../arm-none-eabi/lib/thumb/v6-m/nofp\libc_nano.a(lib_a-impure.o)
 .data._impure_ptr
                0x0000000000000000        0x4 c:/st/stm32cubeide_1.6.1/stm32cubeide/plugins/com.st.stm32cube.ide.mcu.externaltools.gnu-tools-for-stm32.10.3-2021.10.win32_1.0.0.202111181127/tools/bin/../lib/gcc/arm-none-eabi/10.3.1/../../../../arm-none-eabi/lib/thumb/v6-m/nofp\libc_nano.a(lib_a-impure.o)
 .data.impure_data
                0x0000000000000000       0x60 c:/st/stm32cubeide_1.6.1/stm32cubeide/plugins/com.st.stm32cube.ide.mcu.externaltools.gnu-tools-for-stm32.10.3-2021.10.win32_1.0.0.202111181127/tools/bin/../lib/gcc/arm-none-eabi/10.3.1/../../../../arm-none-eabi/lib/thumb/v6-m/nofp\libc_nano.a(lib_a-impure.o)
 .rodata._global_impure_ptr
                0x0000000000000000        0x4 c:/st/stm32cubeide_1.6.1/stm32cubeide/plugins/com.st.stm32cube.ide.mcu.externaltools.gnu-tools-for-stm32.10.3-2021.10.win32_1.0.0.202111181127/tools/bin/../lib/gcc/arm-none-eabi/10.3.1/../../../../arm-none-eabi/lib/thumb/v6-m/nofp\libc_nano.a(lib_a-impure.o)
 .ARM.attributes
                0x0000000000000000       0x2c c:/st/stm32cubeide_1.6.1/stm32cubeide/plugins/com.st.stm32cube.ide.mcu.externaltools.gnu-tools-for-stm32.10.3-2021.10.win32_1.0.0.202111181127/tools/bin/../lib/gcc/arm-none-eabi/10.3.1/../../../../arm-none-eabi/lib/thumb/v6-m/nofp\libc_nano.a(lib_a-impure.o)
 .text          0x0000000000000000        0x0 c:/st/stm32cubeide_1.6.1/stm32cubeide/plugins/com.st.stm32cube.ide.mcu.externaltools.gnu-tools-for-stm32.10.3-2021.10.win32_1.0.0.202111181127/tools/bin/../lib/gcc/arm-none-eabi/10.3.1/../../../../arm-none-eabi/lib/thumb/v6-m/nofp\libc_nano.a(lib_a-init.o)
 .data          0x0000000000000000        0x0 c:/st/stm32cubeide_1.6.1/stm32cubeide/plugins/com.st.stm32cube.ide.mcu.externaltools.gnu-tools-for-stm32.10.3-2021.10.win32_1.0.0.202111181127/tools/bin/../lib/gcc/arm-none-eabi/10.3.1/../../../../arm-none-eabi/lib/thumb/v6-m/nofp\libc_nano.a(lib_a-init.o)
 .bss           0x0000000000000000        0x0 c:/st/stm32cubeide_1.6.1/stm32cubeide/plugins/com.st.stm32cube.ide.mcu.externaltools.gnu-tools-for-stm32.10.3-2021.10.win32_1.0.0.202111181127/tools/bin/../lib/gcc/arm-none-eabi/10.3.1/../../../../arm-none-eabi/lib/thumb/v6-m/nofp\libc_nano.a(lib_a-init.o)
 .text          0x0000000000000000        0x0 c:/st/stm32cubeide_1.6.1/stm32cubeide/plugins/com.st.stm32cube.ide.mcu.externaltools.gnu-tools-for-stm32.10.3-2021.10.win32_1.0.0.202111181127/tools/bin/../lib/gcc/arm-none-eabi/10.3.1/../../../../arm-none-eabi/lib/thumb/v6-m/nofp\libc_nano.a(lib_a-memcpy-stub.o)
 .data          0x0000000000000000        0x0 c:/st/stm32cubeide_1.6.1/stm32cubeide/plugins/com.st.stm32cube.ide.mcu.externaltools.gnu-tools-for-stm32.10.3-2021.10.win32_1.0.0.202111181127/tools/bin/../lib/gcc/arm-none-eabi/10.3.1/../../../../arm-none-eabi/lib/thumb/v6-m/nofp\libc_nano.a(lib_a-memcpy-stub.o)
 .bss           0x0000000000000000        0x0 c:/st/stm32cubeide_1.6.1/stm32cubeide/plugins/com.st.stm32cube.ide.mcu.externaltools.gnu-tools-for-stm32.10.3-2021.10.win32_1.0.0.202111181127/tools/bin/../lib/gcc/arm-none-eabi/10.3.1/../../../../arm-none-eabi/lib/thumb/v6-m/nofp\libc_nano.a(lib_a-memcpy-stub.o)
 .text          0x0000000000000000        0x0 c:/st/stm32cubeide_1.6.1/stm32cubeide/plugins/com.st.stm32cube.ide.mcu.externaltools.gnu-tools-for-stm32.10.3-2021.10.win32_1.0.0.202111181127/tools/bin/../lib/gcc/arm-none-eabi/10.3.1/../../../../arm-none-eabi/lib/thumb/v6-m/nofp\libc_nano.a(lib_a-memset.o)
 .data          0x0000000000000000        0x0 c:/st/stm32cubeide_1.6.1/stm32cubeide/plugins/com.st.stm32cube.ide.mcu.externaltools.gnu-tools-for-stm32.10.3-2021.10.win32_1.0.0.202111181127/tools/bin/../lib/gcc/arm-none-eabi/10.3.1/../../../../arm-none-eabi/lib/thumb/v6-m/nofp\libc_nano.a(lib_a-memset.o)
 .bss           0x0000000000000000        0x0 c:/st/stm32cubeide_1.6.1/stm32cubeide/plugins/com.st.stm32cube.ide.mcu.externaltools.gnu-tools-for-stm32.10.3-2021.10.win32_1.0.0.202111181127/tools/bin/../lib/gcc/arm-none-eabi/10.3.1/../../../../arm-none-eabi/lib/thumb/v6-m/nofp\libc_nano.a(lib_a-memset.o)
 .text          0x0000000000000000        0xe c:/st/stm32cubeide_1.6.1/stm32cubeide/plugins/com.st.stm32cube.ide.mcu.externaltools.gnu-tools-for-stm32.10.3-2021.10.win32_1.0.0.202111181127/tools/bin/../lib/gcc/arm-none-eabi/10.3.1/../../../../arm-none-eabi/lib/thumb/v6-m/nofp\libc_nano.a(lib_a-strlen.o)
 .data          0x0000000000000000        0x0 c:/st/stm32cubeide_1.6.1/stm32cubeide/plugins/com.st.stm32cube.ide.mcu.externaltools.gnu-tools-for-stm32.10.3-2021.10.win32_1.0.0.202111181127/tools/bin/../lib/gcc/arm-none-eabi/10.3.1/../../../../arm-none-eabi/lib/thumb/v6-m/nofp\libc_nano.a(lib_a-strlen.o)
 .bss           0x0000000000000000        0x0 c:/st/stm32cubeide_1.6.1/stm32cubeide/plugins/com.st.stm32cube.ide.mcu.externaltools.gnu-tools-for-stm32.10.3-2021.10.win32_1.0.0.202111181127/tools/bin/../lib/gcc/arm-none-eabi/10.3.1/../../../../arm-none-eabi/lib/thumb/v6-m/nofp\libc_nano.a(lib_a-strlen.o)
 .ARM.attributes
                0x0000000000000000       0x1c c:/st/stm32cubeide_1.6.1/stm32cubeide/plugins/com.st.stm32cube.ide.mcu.externaltools.gnu-tools-for-stm32.10.3-2021.10.win32_1.0.0.202111181127/tools/bin/../lib/gcc/arm-none-eabi/10.3.1/../../../../arm-none-eabi/lib/thumb/v6-m/nofp\libc_nano.a(lib_a-strlen.o)
 .data          0x0000000000000000        0x0 c:/st/stm32cubeide_1.6.1/stm32cubeide/plugins/com.st.stm32cube.ide.mcu.externaltools.gnu-tools-for-stm32.10.3-2021.10.win32_1.0.0.202111181127/tools/bin/../lib/gcc/arm-none-eabi/10.3.1/thumb/v6-m/nofp\libgcc.a(_udivsi3.o)
 .bss           0x0000000000000000        0x0 c:/st/stm32cubeide_1.6.1/stm32cubeide/plugins/com.st.stm32cube.ide.mcu.externaltools.gnu-tools-for-stm32.10.3-2021.10.win32_1.0.0.202111181127/tools/bin/../lib/gcc/arm-none-eabi/10.3.1/thumb/v6-m/nofp\libgcc.a(_udivsi3.o)
 .data          0x0000000000000000        0x0 c:/st/stm32cubeide_1.6.1/stm32cubeide/plugins/com.st.stm32cube.ide.mcu.externaltools.gnu-tools-for-stm32.10.3-2021.10.win32_1.0.0.202111181127/tools/bin/../lib/gcc/arm-none-eabi/10.3.1/thumb/v6-m/nofp\libgcc.a(_dvmd_tls.o)
 .bss           0x0000000000000000        0x0 c:/st/stm32cubeide_1.6.1/stm32cubeide/plugins/com.st.stm32cube.ide.mcu.externaltools.gnu-tools-for-stm32.10.3-2021.10.win32_1.0.0.202111181127/tools/bin/../lib/gcc/arm-none-eabi/10.3.1/thumb/v6-m/nofp\libgcc.a(_dvmd_tls.o)
 .text          0x0000000000000000        0x0 c:/st/stm32cubeide_1.6.1/stm32cubeide/plugins/com.st.stm32cube.ide.mcu.externaltools.gnu-tools-for-stm32.10.3-2021.10.win32_1.0.0.202111181127/tools/bin/../lib/gcc/arm-none-eabi/10.3.1/thumb/v6-m/nofp/crtend.o
 .data          0x0000000000000000        0x0 c:/st/stm32cubeide_1.6.1/stm32cubeide/plugins/com.st.stm32cube.ide.mcu.externaltools.gnu-tools-for-stm32.10.3-2021.10.win32_1.0.0.202111181127/tools/bin/../lib/gcc/arm-none-eabi/10.3.1/thumb/v6-m/nofp/crtend.o
 .bss           0x0000000000000000        0x0 c:/st/stm32cubeide_1.6.1/stm32cubeide/plugins/com.st.stm32cube.ide.mcu.externaltools.gnu-tools-for-stm32.10.3-2021.10.win32_1.0.0.202111181127/tools/bin/../lib/gcc/arm-none-eabi/10.3.1/thumb/v6-m/nofp/crtend.o
 .rodata        0x0000000000000000       0x24 c:/st/stm32cubeide_1.6.1/stm32cubeide/plugins/com.st.stm32cube.ide.mcu.externaltools.gnu-tools-for-stm32.10.3-2021.10.win32_1.0.0.202111181127/tools/bin/../lib/gcc/arm-none-eabi/10.3.1/thumb/v6-m/nofp/crtend.o
 .eh_frame      0x0000000000000000        0x4 c:/st/stm32cubeide_1.6.1/stm32cubeide/plugins/com.st.stm32cube.ide.mcu.externaltools.gnu-tools-for-stm32.10.3-2021.10.win32_1.0.0.202111181127/tools/bin/../lib/gcc/arm-none-eabi/10.3.1/thumb/v6-m/nofp/crtend.o
 .ARM.attributes
                0x0000000000000000       0x2c c:/st/stm32cubeide_1.6.1/stm32cubeide/plugins/com.st.stm32cube.ide.mcu.externaltools.gnu-tools-for-stm32.10.3-2021.10.win32_1.0.0.202111181127/tools/bin/../lib/gcc/arm-none-eabi/10.3.1/thumb/v6-m/nofp/crtend.o
 .text          0x0000000000000000        0x0 c:/st/stm32cubeide_1.6.1/stm32cubeide/plugins/com.st.stm32cube.ide.mcu.externaltools.gnu-tools-for-stm32.10.3-2021.10.win32_1.0.0.202111181127/tools/bin/../lib/gcc/arm-none-eabi/10.3.1/thumb/v6-m/nofp/crtn.o
 .data          0x0000000000000000        0x0 c:/st/stm32cubeide_1.6.1/stm32cubeide/plugins/com.st.stm32cube.ide.mcu.externaltools.gnu-tools-for-stm32.10.3-2021.10.win32_1.0.0.202111181127/tools/bin/../lib/gcc/arm-none-eabi/10.3.1/thumb/v6-m/nofp/crtn.o
 .bss           0x0000000000000000        0x0 c:/st/stm32cubeide_1.6.1/stm32cubeide/plugins/com.st.stm32cube.ide.mcu.externaltools.gnu-tools-for-stm32.10.3-2021.10.win32_1.0.0.202111181127/tools/bin/../lib/gcc/arm-none-eabi/10.3.1/thumb/v6-m/nofp/crtn.o

Memory Configuration

Name             Origin             Length             Attributes
RAM              0x0000000020000000 0x0000000000002000 xrw
FLASH            0x0000000008000000 0x0000000000010000 xr
*default*        0x0000000000000000 0xffffffffffffffff

Linker script and memory map

LOAD c:/st/stm32cubeide_1.6.1/stm32cubeide/plugins/com.st.stm32cube.ide.mcu.externaltools.gnu-tools-for-stm32.10.3-2021.10.win32_1.0.0.202111181127/tools/bin/../lib/gcc/arm-none-eabi/10.3.1/thumb/v6-m/nofp/crti.o
LOAD c:/st/stm32cubeide_1.6.1/stm32cubeide/plugins/com.st.stm32cube.ide.mcu.externaltools.gnu-tools-for-stm32.10.3-2021.10.win32_1.0.0.202111181127/tools/bin/../lib/gcc/arm-none-eabi/10.3.1/thumb/v6-m/nofp/crtbegin.o
LOAD c:/st/stm32cubeide_1.6.1/stm32cubeide/plugins/com.st.stm32cube.ide.mcu.externaltools.gnu-tools-for-stm32.10.3-2021.10.win32_1.0.0.202111181127/tools/bin/../lib/gcc/arm-none-eabi/10.3.1/../../../../arm-none-eabi/lib/thumb/v6-m/nofp/crt0.o
LOAD ./Src/drv_dma.o
LOAD ./Src/dvr_uart.o
LOAD ./Src/log.o
LOAD ./Src/main.o
LOAD ./Src/syscalls.o
LOAD ./Src/sysmem.o
LOAD ./Src/system_g031.o
LOAD ./Src/utils.o
LOAD ./Src/xprintf.o
LOAD ./Startup/startup_stm32g031c8tx.o
START GROUP
LOAD c:/st/stm32cubeide_1.6.1/stm32cubeide/plugins/com.st.stm32cube.ide.mcu.externaltools.gnu-tools-for-stm32.10.3-2021.10.win32_1.0.0.202111181127/tools/bin/../lib/gcc/arm-none-eabi/10.3.1/../../../../arm-none-eabi/lib/thumb/v6-m/nofp\libc_nano.a
LOAD c:/st/stm32cubeide_1.6.1/stm32cubeide/plugins/com.st.stm32cube.ide.mcu.externaltools.gnu-tools-for-stm32.10.3-2021.10.win32_1.0.0.202111181127/tools/bin/../lib/gcc/arm-none-eabi/10.3.1/../../../../arm-none-eabi/lib/thumb/v6-m/nofp\libm.a
END GROUP
START GROUP
LOAD c:/st/stm32cubeide_1.6.1/stm32cubeide/plugins/com.st.stm32cube.ide.mcu.externaltools.gnu-tools-for-stm32.10.3-2021.10.win32_1.0.0.202111181127/tools/bin/../lib/gcc/arm-none-eabi/10.3.1/thumb/v6-m/nofp\libgcc.a
LOAD c:/st/stm32cubeide_1.6.1/stm32cubeide/plugins/com.st.stm32cube.ide.mcu.externaltools.gnu-tools-for-stm32.10.3-2021.10.win32_1.0.0.202111181127/tools/bin/../lib/gcc/arm-none-eabi/10.3.1/../../../../arm-none-eabi/lib/thumb/v6-m/nofp\libc_nano.a
END GROUP
START GROUP
LOAD c:/st/stm32cubeide_1.6.1/stm32cubeide/plugins/com.st.stm32cube.ide.mcu.externaltools.gnu-tools-for-stm32.10.3-2021.10.win32_1.0.0.202111181127/tools/bin/../lib/gcc/arm-none-eabi/10.3.1/thumb/v6-m/nofp\libgcc.a
LOAD c:/st/stm32cubeide_1.6.1/stm32cubeide/plugins/com.st.stm32cube.ide.mcu.externaltools.gnu-tools-for-stm32.10.3-2021.10.win32_1.0.0.202111181127/tools/bin/../lib/gcc/arm-none-eabi/10.3.1/../../../../arm-none-eabi/lib/thumb/v6-m/nofp\libc_nano.a
LOAD c:/st/stm32cubeide_1.6.1/stm32cubeide/plugins/com.st.stm32cube.ide.mcu.externaltools.gnu-tools-for-stm32.10.3-2021.10.win32_1.0.0.202111181127/tools/bin/../lib/gcc/arm-none-eabi/10.3.1/../../../../arm-none-eabi/lib/thumb/v6-m/nofp\libnosys.a
END GROUP
START GROUP
LOAD c:/st/stm32cubeide_1.6.1/stm32cubeide/plugins/com.st.stm32cube.ide.mcu.externaltools.gnu-tools-for-stm32.10.3-2021.10.win32_1.0.0.202111181127/tools/bin/../lib/gcc/arm-none-eabi/10.3.1/thumb/v6-m/nofp\libgcc.a
LOAD c:/st/stm32cubeide_1.6.1/stm32cubeide/plugins/com.st.stm32cube.ide.mcu.externaltools.gnu-tools-for-stm32.10.3-2021.10.win32_1.0.0.202111181127/tools/bin/../lib/gcc/arm-none-eabi/10.3.1/../../../../arm-none-eabi/lib/thumb/v6-m/nofp\libc_nano.a
LOAD c:/st/stm32cubeide_1.6.1/stm32cubeide/plugins/com.st.stm32cube.ide.mcu.externaltools.gnu-tools-for-stm32.10.3-2021.10.win32_1.0.0.202111181127/tools/bin/../lib/gcc/arm-none-eabi/10.3.1/../../../../arm-none-eabi/lib/thumb/v6-m/nofp\libnosys.a
END GROUP
LOAD c:/st/stm32cubeide_1.6.1/stm32cubeide/plugins/com.st.stm32cube.ide.mcu.externaltools.gnu-tools-for-stm32.10.3-2021.10.win32_1.0.0.202111181127/tools/bin/../lib/gcc/arm-none-eabi/10.3.1/thumb/v6-m/nofp/crtend.o
LOAD c:/st/stm32cubeide_1.6.1/stm32cubeide/plugins/com.st.stm32cube.ide.mcu.externaltools.gnu-tools-for-stm32.10.3-2021.10.win32_1.0.0.202111181127/tools/bin/../lib/gcc/arm-none-eabi/10.3.1/thumb/v6-m/nofp/crtn.o
                0x0000000020002000                _estack = (ORIGIN (RAM) + LENGTH (RAM))
                0x0000000000000200                _Min_Heap_Size = 0x200
                0x0000000000000400                _Min_Stack_Size = 0x400

.isr_vector     0x0000000008000000       0xbc
                0x0000000008000000                . = ALIGN (0x4)
 *(.isr_vector)
 .isr_vector    0x0000000008000000       0xbc ./Startup/startup_stm32g031c8tx.o
                0x0000000008000000                g_pfnVectors
                0x00000000080000bc                . = ALIGN (0x4)

.text           0x00000000080000bc      0xf5c
                0x00000000080000bc                . = ALIGN (0x4)
 *(.text)
 .text          0x00000000080000bc       0x48 c:/st/stm32cubeide_1.6.1/stm32cubeide/plugins/com.st.stm32cube.ide.mcu.externaltools.gnu-tools-for-stm32.10.3-2021.10.win32_1.0.0.202111181127/tools/bin/../lib/gcc/arm-none-eabi/10.3.1/thumb/v6-m/nofp/crtbegin.o
 .text          0x0000000008000104      0x114 c:/st/stm32cubeide_1.6.1/stm32cubeide/plugins/com.st.stm32cube.ide.mcu.externaltools.gnu-tools-for-stm32.10.3-2021.10.win32_1.0.0.202111181127/tools/bin/../lib/gcc/arm-none-eabi/10.3.1/thumb/v6-m/nofp\libgcc.a(_udivsi3.o)
                0x0000000008000104                __aeabi_uidiv
                0x0000000008000104                __udivsi3
                0x0000000008000210                __aeabi_uidivmod
 .text          0x0000000008000218        0x4 c:/st/stm32cubeide_1.6.1/stm32cubeide/plugins/com.st.stm32cube.ide.mcu.externaltools.gnu-tools-for-stm32.10.3-2021.10.win32_1.0.0.202111181127/tools/bin/../lib/gcc/arm-none-eabi/10.3.1/thumb/v6-m/nofp\libgcc.a(_dvmd_tls.o)
                0x0000000008000218                __aeabi_idiv0
                0x0000000008000218                __aeabi_ldiv0
 *(.text*)
 .text.dma_init
                0x000000000800021c       0x94 ./Src/drv_dma.o
                0x000000000800021c                dma_init
 .text.dma_config
                0x00000000080002b0       0x3a ./Src/drv_dma.o
                0x00000000080002b0                dma_config
 *fill*         0x00000000080002ea        0x2 
 .text.DMA_Channel1_IRQHandler
                0x00000000080002ec       0x40 ./Src/drv_dma.o
                0x00000000080002ec                DMA_Channel1_IRQHandler
 .text.__NVIC_EnableIRQ
                0x000000000800032c       0x34 ./Src/dvr_uart.o
 .text.__NVIC_SetPriority
                0x0000000008000360       0xdc ./Src/dvr_uart.o
 .text.usart_x0_init
                0x000000000800043c       0x4c ./Src/dvr_uart.o
                0x000000000800043c                usart_x0_init
 .text.usart_x0_send
                0x0000000008000488       0x30 ./Src/dvr_uart.o
                0x0000000008000488                usart_x0_send
 .text.COMX0_pin_init
                0x00000000080004b8      0x12c ./Src/dvr_uart.o
 .text.uartx_init
                0x00000000080005e4       0x84 ./Src/dvr_uart.o
 .text.USART1_IRQHandler
                0x0000000008000668      0x11c ./Src/dvr_uart.o
                0x0000000008000668                USART1_IRQHandler
 .text.__NVIC_EnableIRQ
                0x0000000008000784       0x34 ./Src/main.o
 .text.__NVIC_SetPriority
                0x00000000080007b8       0xdc ./Src/main.o
 .text.main     0x0000000008000894       0x30 ./Src/main.o
                0x0000000008000894                main
 .text.setup    0x00000000080008c4       0x50 ./Src/main.o
 .text.SysTick_Handler
                0x0000000008000914       0x48 ./Src/main.o
                0x0000000008000914                SysTick_Handler
 .text.__NVIC_SetPriority
                0x000000000800095c       0xdc ./Src/system_g031.o
 .text.SysTick_Config
                0x0000000008000a38       0x48 ./Src/system_g031.o
 .text.SystemInit
                0x0000000008000a80       0x12 ./Src/system_g031.o
                0x0000000008000a80                SystemInit
 *fill*         0x0000000008000a92        0x2 
 .text.SysTick_CLKSourceConfig
                0x0000000008000a94       0x28 ./Src/system_g031.o
 .text.systickConfig
                0x0000000008000abc       0x1a ./Src/system_g031.o
 *fill*         0x0000000008000ad6        0x2 
 .text.SetSysClock
                0x0000000008000ad8       0xcc ./Src/system_g031.o
 .text.xputc    0x0000000008000ba4       0x48 ./Src/xprintf.o
                0x0000000008000ba4                xputc
 .text.xputs    0x0000000008000bec       0x2a ./Src/xprintf.o
                0x0000000008000bec                xputs
 *fill*         0x0000000008000c16        0x2 
 .text.xvprintf
                0x0000000008000c18      0x300 ./Src/xprintf.o
 .text.xprintf  0x0000000008000f18       0x28 ./Src/xprintf.o
                0x0000000008000f18                xprintf
 .text.Reset_Handler
                0x0000000008000f40       0x50 ./Startup/startup_stm32g031c8tx.o
                0x0000000008000f40                Reset_Handler
 .text.Default_Handler
                0x0000000008000f90        0x2 ./Startup/startup_stm32g031c8tx.o
                0x0000000008000f90                TIM1_CC_IRQHandler
                0x0000000008000f90                HardFault_Handler
                0x0000000008000f90                PVD_IRQHandler
                0x0000000008000f90                PendSV_Handler
                0x0000000008000f90                NMI_Handler
                0x0000000008000f90                I2C1_IRQHandler
                0x0000000008000f90                RTC_TAMP_IRQHandler
                0x0000000008000f90                SPI1_IRQHandler
                0x0000000008000f90                EXTI2_3_IRQHandler
                0x0000000008000f90                I2C2_IRQHandler
                0x0000000008000f90                TIM17_IRQHandler
                0x0000000008000f90                DMA_Channel4_5_6_7_IRQHandler
                0x0000000008000f90                TIM16_IRQHandler
                0x0000000008000f90                TIM3_IRQHandler
                0x0000000008000f90                EXTI4_15_IRQHandler
                0x0000000008000f90                RCC_IRQHandler
                0x0000000008000f90                Default_Handler
                0x0000000008000f90                CEC_IRQHandler
                0x0000000008000f90                TIM14_IRQHandler
                0x0000000008000f90                EXTI0_1_IRQHandler
                0x0000000008000f90                SPI2_IRQHandler
                0x0000000008000f90                SVC_Handler
                0x0000000008000f90                WWDG_IRQHandler
                0x0000000008000f90                TIM2_IRQHandler
                0x0000000008000f90                ADC_COMP_IRQHandler
                0x0000000008000f90                USART2_IRQHandler
                0x0000000008000f90                DMA_Channel2_3_IRQHandler
                0x0000000008000f90                FLASH_IRQHandler
                0x0000000008000f90                TIM1_BRK_UP_TRG_COM_IRQHandler
                0x0000000008000f90                USART3_USART4_LPUART1_IRQHandler
 *fill*         0x0000000008000f92        0x2 
 .text.__libc_init_array
                0x0000000008000f94       0x48 c:/st/stm32cubeide_1.6.1/stm32cubeide/plugins/com.st.stm32cube.ide.mcu.externaltools.gnu-tools-for-stm32.10.3-2021.10.win32_1.0.0.202111181127/tools/bin/../lib/gcc/arm-none-eabi/10.3.1/../../../../arm-none-eabi/lib/thumb/v6-m/nofp\libc_nano.a(lib_a-init.o)
                0x0000000008000f94                __libc_init_array
 .text.memcpy   0x0000000008000fdc       0x12 c:/st/stm32cubeide_1.6.1/stm32cubeide/plugins/com.st.stm32cube.ide.mcu.externaltools.gnu-tools-for-stm32.10.3-2021.10.win32_1.0.0.202111181127/tools/bin/../lib/gcc/arm-none-eabi/10.3.1/../../../../arm-none-eabi/lib/thumb/v6-m/nofp\libc_nano.a(lib_a-memcpy-stub.o)
                0x0000000008000fdc                memcpy
 .text.memset   0x0000000008000fee       0x10 c:/st/stm32cubeide_1.6.1/stm32cubeide/plugins/com.st.stm32cube.ide.mcu.externaltools.gnu-tools-for-stm32.10.3-2021.10.win32_1.0.0.202111181127/tools/bin/../lib/gcc/arm-none-eabi/10.3.1/../../../../arm-none-eabi/lib/thumb/v6-m/nofp\libc_nano.a(lib_a-memset.o)
                0x0000000008000fee                memset
 *(.glue_7)
 .glue_7        0x0000000008000ffe        0x0 linker stubs
 *(.glue_7t)
 .glue_7t       0x0000000008000ffe        0x0 linker stubs
 *(.eh_frame)
 *fill*         0x0000000008000ffe        0x2 
 .eh_frame      0x0000000008001000        0x0 c:/st/stm32cubeide_1.6.1/stm32cubeide/plugins/com.st.stm32cube.ide.mcu.externaltools.gnu-tools-for-stm32.10.3-2021.10.win32_1.0.0.202111181127/tools/bin/../lib/gcc/arm-none-eabi/10.3.1/thumb/v6-m/nofp/crtbegin.o
 *(.init)
 .init          0x0000000008001000        0x4 c:/st/stm32cubeide_1.6.1/stm32cubeide/plugins/com.st.stm32cube.ide.mcu.externaltools.gnu-tools-for-stm32.10.3-2021.10.win32_1.0.0.202111181127/tools/bin/../lib/gcc/arm-none-eabi/10.3.1/thumb/v6-m/nofp/crti.o
                0x0000000008001000                _init
 .init          0x0000000008001004        0x8 c:/st/stm32cubeide_1.6.1/stm32cubeide/plugins/com.st.stm32cube.ide.mcu.externaltools.gnu-tools-for-stm32.10.3-2021.10.win32_1.0.0.202111181127/tools/bin/../lib/gcc/arm-none-eabi/10.3.1/thumb/v6-m/nofp/crtn.o
 *(.fini)
 .fini          0x000000000800100c        0x4 c:/st/stm32cubeide_1.6.1/stm32cubeide/plugins/com.st.stm32cube.ide.mcu.externaltools.gnu-tools-for-stm32.10.3-2021.10.win32_1.0.0.202111181127/tools/bin/../lib/gcc/arm-none-eabi/10.3.1/thumb/v6-m/nofp/crti.o
                0x000000000800100c                _fini
 .fini          0x0000000008001010        0x8 c:/st/stm32cubeide_1.6.1/stm32cubeide/plugins/com.st.stm32cube.ide.mcu.externaltools.gnu-tools-for-stm32.10.3-2021.10.win32_1.0.0.202111181127/tools/bin/../lib/gcc/arm-none-eabi/10.3.1/thumb/v6-m/nofp/crtn.o
                0x0000000008001018                . = ALIGN (0x4)
                0x0000000008001018                _etext = .

.vfp11_veneer   0x0000000008001018        0x0
 .vfp11_veneer  0x0000000008001018        0x0 linker stubs

.v4_bx          0x0000000008001018        0x0
 .v4_bx         0x0000000008001018        0x0 linker stubs

.iplt           0x0000000008001018        0x0
 .iplt          0x0000000008001018        0x0 c:/st/stm32cubeide_1.6.1/stm32cubeide/plugins/com.st.stm32cube.ide.mcu.externaltools.gnu-tools-for-stm32.10.3-2021.10.win32_1.0.0.202111181127/tools/bin/../lib/gcc/arm-none-eabi/10.3.1/thumb/v6-m/nofp/crtbegin.o

.rodata         0x0000000008001018       0x64
                0x0000000008001018                . = ALIGN (0x4)
 *(.rodata)
 .rodata        0x0000000008001018        0x5 ./Src/main.o
 *(.rodata*)
 *fill*         0x000000000800101d        0x3 
 .rodata.xvprintf
                0x0000000008001020       0x5c ./Src/xprintf.o
                0x000000000800107c                . = ALIGN (0x4)

.rel.dyn        0x000000000800107c        0x0
 .rel.iplt      0x000000000800107c        0x0 c:/st/stm32cubeide_1.6.1/stm32cubeide/plugins/com.st.stm32cube.ide.mcu.externaltools.gnu-tools-for-stm32.10.3-2021.10.win32_1.0.0.202111181127/tools/bin/../lib/gcc/arm-none-eabi/10.3.1/thumb/v6-m/nofp/crtbegin.o

.ARM.extab      0x000000000800107c        0x0
                0x000000000800107c                . = ALIGN (0x4)
 *(.ARM.extab* .gnu.linkonce.armextab.*)
                0x000000000800107c                . = ALIGN (0x4)

.ARM            0x000000000800107c        0x0
                0x000000000800107c                . = ALIGN (0x4)
                0x000000000800107c                __exidx_start = .
 *(.ARM.exidx*)
                0x000000000800107c                __exidx_end = .
                0x000000000800107c                . = ALIGN (0x4)

.preinit_array  0x000000000800107c        0x0
                0x000000000800107c                . = ALIGN (0x4)
                0x000000000800107c                PROVIDE (__preinit_array_start = .)
 *(.preinit_array*)
                0x000000000800107c                PROVIDE (__preinit_array_end = .)
                0x000000000800107c                . = ALIGN (0x4)

.init_array     0x000000000800107c        0x4
                0x000000000800107c                . = ALIGN (0x4)
                0x000000000800107c                PROVIDE (__init_array_start = .)
 *(SORT_BY_NAME(.init_array.*))
 *(.init_array*)
 .init_array    0x000000000800107c        0x4 c:/st/stm32cubeide_1.6.1/stm32cubeide/plugins/com.st.stm32cube.ide.mcu.externaltools.gnu-tools-for-stm32.10.3-2021.10.win32_1.0.0.202111181127/tools/bin/../lib/gcc/arm-none-eabi/10.3.1/thumb/v6-m/nofp/crtbegin.o
                0x0000000008001080                PROVIDE (__init_array_end = .)
                0x0000000008001080                . = ALIGN (0x4)

.fini_array     0x0000000008001080        0x4
                0x0000000008001080                . = ALIGN (0x4)
                [!provide]                        PROVIDE (__fini_array_start = .)
 *(SORT_BY_NAME(.fini_array.*))
 *(.fini_array*)
 .fini_array    0x0000000008001080        0x4 c:/st/stm32cubeide_1.6.1/stm32cubeide/plugins/com.st.stm32cube.ide.mcu.externaltools.gnu-tools-for-stm32.10.3-2021.10.win32_1.0.0.202111181127/tools/bin/../lib/gcc/arm-none-eabi/10.3.1/thumb/v6-m/nofp/crtbegin.o
                [!provide]                        PROVIDE (__fini_array_end = .)
                0x0000000008001084                . = ALIGN (0x4)
                0x0000000008001084                _sidata = LOADADDR (.data)

.data           0x0000000020000000        0x0 load address 0x0000000008001084
                0x0000000020000000                . = ALIGN (0x4)
                0x0000000020000000                _sdata = .
 *(.data)
 *(.data*)
 *(.RamFunc)
 *(.RamFunc*)
                0x0000000020000000                . = ALIGN (0x4)
                0x0000000020000000                _edata = .

.igot.plt       0x0000000020000000        0x0 load address 0x0000000008001084
 .igot.plt      0x0000000020000000        0x0 c:/st/stm32cubeide_1.6.1/stm32cubeide/plugins/com.st.stm32cube.ide.mcu.externaltools.gnu-tools-for-stm32.10.3-2021.10.win32_1.0.0.202111181127/tools/bin/../lib/gcc/arm-none-eabi/10.3.1/thumb/v6-m/nofp/crtbegin.o
                0x0000000020000000                . = ALIGN (0x4)

.bss            0x0000000020000000      0x134 load address 0x0000000008001084
                0x0000000020000000                _sbss = .
                0x0000000020000000                __bss_start__ = _sbss
 *(.bss)
 .bss           0x0000000020000000       0x1c c:/st/stm32cubeide_1.6.1/stm32cubeide/plugins/com.st.stm32cube.ide.mcu.externaltools.gnu-tools-for-stm32.10.3-2021.10.win32_1.0.0.202111181127/tools/bin/../lib/gcc/arm-none-eabi/10.3.1/thumb/v6-m/nofp/crtbegin.o
 *(.bss*)
 .bss.buffer    0x000000002000001c       0x80 ./Src/dvr_uart.o
                0x000000002000001c                buffer
 .bss.buferLen  0x000000002000009c        0x2 ./Src/dvr_uart.o
                0x000000002000009c                buferLen
 .bss.com0_getData
                0x000000002000009e        0x1 ./Src/dvr_uart.o
                0x000000002000009e                com0_getData
 *fill*         0x000000002000009f        0x1 
 .bss.ulMiliCount
                0x00000000200000a0        0x4 ./Src/main.o
                0x00000000200000a0                ulMiliCount
 .bss.ulSecCount
                0x00000000200000a4        0x4 ./Src/main.o
                0x00000000200000a4                ulSecCount
 .bss.ulTickCount
                0x00000000200000a8        0x4 ./Src/main.o
 .bss.com_x0_rx_buf
                0x00000000200000ac       0x80 ./Src/main.o
                0x00000000200000ac                com_x0_rx_buf
 .bss.xfunc_out
                0x000000002000012c        0x4 ./Src/xprintf.o
                0x000000002000012c                xfunc_out
 .bss.outptr    0x0000000020000130        0x4 ./Src/xprintf.o
 *(COMMON)
                0x0000000020000134                . = ALIGN (0x4)
                0x0000000020000134                _ebss = .
                0x0000000020000134                __bss_end__ = _ebss

._user_heap_stack
                0x0000000020000134      0x604 load address 0x0000000008001084
                0x0000000020000138                . = ALIGN (0x8)
 *fill*         0x0000000020000134        0x4 
                [!provide]                        PROVIDE (end = .)
                0x0000000020000138                PROVIDE (_end = .)
                0x0000000020000338                . = (. + _Min_Heap_Size)
 *fill*         0x0000000020000138      0x200 
                0x0000000020000738                . = (. + _Min_Stack_Size)
 *fill*         0x0000000020000338      0x400 
                0x0000000020000738                . = ALIGN (0x8)

/DISCARD/
 libc.a(*)
 libm.a(*)
 libgcc.a(*)

.ARM.attributes
                0x0000000000000000       0x28
 *(.ARM.attributes)
 .ARM.attributes
                0x0000000000000000       0x1e c:/st/stm32cubeide_1.6.1/stm32cubeide/plugins/com.st.stm32cube.ide.mcu.externaltools.gnu-tools-for-stm32.10.3-2021.10.win32_1.0.0.202111181127/tools/bin/../lib/gcc/arm-none-eabi/10.3.1/thumb/v6-m/nofp/crti.o
 .ARM.attributes
                0x000000000000001e       0x2c c:/st/stm32cubeide_1.6.1/stm32cubeide/plugins/com.st.stm32cube.ide.mcu.externaltools.gnu-tools-for-stm32.10.3-2021.10.win32_1.0.0.202111181127/tools/bin/../lib/gcc/arm-none-eabi/10.3.1/thumb/v6-m/nofp/crtbegin.o
 .ARM.attributes
                0x000000000000004a       0x2c ./Src/drv_dma.o
 .ARM.attributes
                0x0000000000000076       0x2c ./Src/dvr_uart.o
 .ARM.attributes
                0x00000000000000a2       0x2c ./Src/main.o
 .ARM.attributes
                0x00000000000000ce       0x2c ./Src/system_g031.o
 .ARM.attributes
                0x00000000000000fa       0x2c ./Src/xprintf.o
 .ARM.attributes
                0x0000000000000126       0x22 ./Startup/startup_stm32g031c8tx.o
 .ARM.attributes
                0x0000000000000148       0x2c c:/st/stm32cubeide_1.6.1/stm32cubeide/plugins/com.st.stm32cube.ide.mcu.externaltools.gnu-tools-for-stm32.10.3-2021.10.win32_1.0.0.202111181127/tools/bin/../lib/gcc/arm-none-eabi/10.3.1/../../../../arm-none-eabi/lib/thumb/v6-m/nofp\libc_nano.a(lib_a-init.o)
 .ARM.attributes
                0x0000000000000174       0x2c c:/st/stm32cubeide_1.6.1/stm32cubeide/plugins/com.st.stm32cube.ide.mcu.externaltools.gnu-tools-for-stm32.10.3-2021.10.win32_1.0.0.202111181127/tools/bin/../lib/gcc/arm-none-eabi/10.3.1/../../../../arm-none-eabi/lib/thumb/v6-m/nofp\libc_nano.a(lib_a-memcpy-stub.o)
 .ARM.attributes
                0x00000000000001a0       0x2c c:/st/stm32cubeide_1.6.1/stm32cubeide/plugins/com.st.stm32cube.ide.mcu.externaltools.gnu-tools-for-stm32.10.3-2021.10.win32_1.0.0.202111181127/tools/bin/../lib/gcc/arm-none-eabi/10.3.1/../../../../arm-none-eabi/lib/thumb/v6-m/nofp\libc_nano.a(lib_a-memset.o)
 .ARM.attributes
                0x00000000000001cc       0x1e c:/st/stm32cubeide_1.6.1/stm32cubeide/plugins/com.st.stm32cube.ide.mcu.externaltools.gnu-tools-for-stm32.10.3-2021.10.win32_1.0.0.202111181127/tools/bin/../lib/gcc/arm-none-eabi/10.3.1/thumb/v6-m/nofp\libgcc.a(_udivsi3.o)
 .ARM.attributes
                0x00000000000001ea       0x1e c:/st/stm32cubeide_1.6.1/stm32cubeide/plugins/com.st.stm32cube.ide.mcu.externaltools.gnu-tools-for-stm32.10.3-2021.10.win32_1.0.0.202111181127/tools/bin/../lib/gcc/arm-none-eabi/10.3.1/thumb/v6-m/nofp\libgcc.a(_dvmd_tls.o)
 .ARM.attributes
                0x0000000000000208       0x1e c:/st/stm32cubeide_1.6.1/stm32cubeide/plugins/com.st.stm32cube.ide.mcu.externaltools.gnu-tools-for-stm32.10.3-2021.10.win32_1.0.0.202111181127/tools/bin/../lib/gcc/arm-none-eabi/10.3.1/thumb/v6-m/nofp/crtn.o
OUTPUT(testDevice.elf elf32-littlearm)
LOAD linker stubs
LOAD c:/st/stm32cubeide_1.6.1/stm32cubeide/plugins/com.st.stm32cube.ide.mcu.externaltools.gnu-tools-for-stm32.10.3-2021.10.win32_1.0.0.202111181127/tools/bin/../lib/gcc/arm-none-eabi/10.3.1/../../../../arm-none-eabi/lib/thumb/v6-m/nofp\libc.a
LOAD c:/st/stm32cubeide_1.6.1/stm32cubeide/plugins/com.st.stm32cube.ide.mcu.externaltools.gnu-tools-for-stm32.10.3-2021.10.win32_1.0.0.202111181127/tools/bin/../lib/gcc/arm-none-eabi/10.3.1/../../../../arm-none-eabi/lib/thumb/v6-m/nofp\libm.a
LOAD c:/st/stm32cubeide_1.6.1/stm32cubeide/plugins/com.st.stm32cube.ide.mcu.externaltools.gnu-tools-for-stm32.10.3-2021.10.win32_1.0.0.202111181127/tools/bin/../lib/gcc/arm-none-eabi/10.3.1/thumb/v6-m/nofp\libgcc.a

.debug_info     0x0000000000000000     0x1f06
 .debug_info    0x0000000000000000      0x344 ./Src/drv_dma.o
 .debug_info    0x0000000000000344      0xadd ./Src/dvr_uart.o
 .debug_info    0x0000000000000e21      0x63a ./Src/main.o
 .debug_info    0x000000000000145b      0x6e4 ./Src/system_g031.o
 .debug_info    0x0000000000001b3f      0x3a5 ./Src/xprintf.o
 .debug_info    0x0000000000001ee4       0x22 ./Startup/startup_stm32g031c8tx.o

.debug_abbrev   0x0000000000000000      0x977
 .debug_abbrev  0x0000000000000000      0x11e ./Src/drv_dma.o
 .debug_abbrev  0x000000000000011e      0x2b0 ./Src/dvr_uart.o
 .debug_abbrev  0x00000000000003ce      0x22d ./Src/main.o
 .debug_abbrev  0x00000000000005fb      0x219 ./Src/system_g031.o
 .debug_abbrev  0x0000000000000814      0x151 ./Src/xprintf.o
 .debug_abbrev  0x0000000000000965       0x12 ./Startup/startup_stm32g031c8tx.o

.debug_aranges  0x0000000000000000      0x1a8
 .debug_aranges
                0x0000000000000000       0x30 ./Src/drv_dma.o
 .debug_aranges
                0x0000000000000030       0x68 ./Src/dvr_uart.o
 .debug_aranges
                0x0000000000000098       0x40 ./Src/main.o
 .debug_aranges
                0x00000000000000d8       0x50 ./Src/system_g031.o
 .debug_aranges
                0x0000000000000128       0x58 ./Src/xprintf.o
 .debug_aranges
                0x0000000000000180       0x28 ./Startup/startup_stm32g031c8tx.o

.debug_ranges   0x0000000000000000      0x150
 .debug_ranges  0x0000000000000000       0x20 ./Src/drv_dma.o
 .debug_ranges  0x0000000000000020       0x58 ./Src/dvr_uart.o
 .debug_ranges  0x0000000000000078       0x30 ./Src/main.o
 .debug_ranges  0x00000000000000a8       0x40 ./Src/system_g031.o
 .debug_ranges  0x00000000000000e8       0x48 ./Src/xprintf.o
 .debug_ranges  0x0000000000000130       0x20 ./Startup/startup_stm32g031c8tx.o

.debug_macro    0x0000000000000000     0xd5f5
 .debug_macro   0x0000000000000000       0xc5 ./Src/drv_dma.o
 .debug_macro   0x00000000000000c5      0xa54 ./Src/drv_dma.o
 .debug_macro   0x0000000000000b19       0x22 ./Src/drv_dma.o
 .debug_macro   0x0000000000000b3b       0x8e ./Src/drv_dma.o
 .debug_macro   0x0000000000000bc9       0x51 ./Src/drv_dma.o
 .debug_macro   0x0000000000000c1a      0x103 ./Src/drv_dma.o
 .debug_macro   0x0000000000000d1d       0x6a ./Src/drv_dma.o
 .debug_macro   0x0000000000000d87      0x1df ./Src/drv_dma.o
 .debug_macro   0x0000000000000f66       0x28 ./Src/drv_dma.o
 .debug_macro   0x0000000000000f8e       0x1c ./Src/drv_dma.o
 .debug_macro   0x0000000000000faa       0x22 ./Src/drv_dma.o
 .debug_macro   0x0000000000000fcc       0xd1 ./Src/drv_dma.o
 .debug_macro   0x000000000000109d      0x4da ./Src/drv_dma.o
 .debug_macro   0x0000000000001577      0x11f ./Src/drv_dma.o
 .debug_macro   0x0000000000001696     0xac09 ./Src/drv_dma.o
 .debug_macro   0x000000000000c29f      0x2e2 ./Src/dvr_uart.o
 .debug_macro   0x000000000000c581       0x52 ./Src/dvr_uart.o
 .debug_macro   0x000000000000c5d3       0x18 ./Src/dvr_uart.o
 .debug_macro   0x000000000000c5eb       0x3c ./Src/dvr_uart.o
 .debug_macro   0x000000000000c627       0x34 ./Src/dvr_uart.o
 .debug_macro   0x000000000000c65b       0x16 ./Src/dvr_uart.o
 .debug_macro   0x000000000000c671       0x97 ./Src/dvr_uart.o
 .debug_macro   0x000000000000c708      0x341 ./Src/dvr_uart.o
 .debug_macro   0x000000000000ca49       0xfd ./Src/dvr_uart.o
 .debug_macro   0x000000000000cb46       0x10 ./Src/dvr_uart.o
 .debug_macro   0x000000000000cb56       0x16 ./Src/dvr_uart.o
 .debug_macro   0x000000000000cb6c       0x43 ./Src/dvr_uart.o
 .debug_macro   0x000000000000cbaf       0x34 ./Src/dvr_uart.o
 .debug_macro   0x000000000000cbe3       0x10 ./Src/dvr_uart.o
 .debug_macro   0x000000000000cbf3       0x58 ./Src/dvr_uart.o
 .debug_macro   0x000000000000cc4b       0x71 ./Src/dvr_uart.o
 .debug_macro   0x000000000000ccbc       0x1c ./Src/dvr_uart.o
 .debug_macro   0x000000000000ccd8      0x12a ./Src/dvr_uart.o
 .debug_macro   0x000000000000ce02       0x10 ./Src/dvr_uart.o
 .debug_macro   0x000000000000ce12       0x1c ./Src/dvr_uart.o
 .debug_macro   0x000000000000ce2e       0x52 ./Src/dvr_uart.o
 .debug_macro   0x000000000000ce80       0x22 ./Src/dvr_uart.o
 .debug_macro   0x000000000000cea2       0x10 ./Src/dvr_uart.o
 .debug_macro   0x000000000000ceb2       0x52 ./Src/dvr_uart.o
 .debug_macro   0x000000000000cf04       0xd5 ./Src/dvr_uart.o
 .debug_macro   0x000000000000cfd9       0x1c ./Src/dvr_uart.o
 .debug_macro   0x000000000000cff5       0x3d ./Src/dvr_uart.o
 .debug_macro   0x000000000000d032       0x16 ./Src/dvr_uart.o
 .debug_macro   0x000000000000d048      0x145 ./Src/dvr_uart.o
 .debug_macro   0x000000000000d18d       0x16 ./Src/dvr_uart.o
 .debug_macro   0x000000000000d1a3       0x16 ./Src/dvr_uart.o
 .debug_macro   0x000000000000d1b9       0x35 ./Src/dvr_uart.o
 .debug_macro   0x000000000000d1ee       0x20 ./Src/dvr_uart.o
 .debug_macro   0x000000000000d20e      0x252 ./Src/main.o
 .debug_macro   0x000000000000d460       0x16 ./Src/main.o
 .debug_macro   0x000000000000d476       0x3a ./Src/main.o
 .debug_macro   0x000000000000d4b0       0xca ./Src/system_g031.o
 .debug_macro   0x000000000000d57a       0x23 ./Src/xprintf.o
 .debug_macro   0x000000000000d59d       0x58 ./Src/xprintf.o

.debug_line     0x0000000000000000     0x2068
 .debug_line    0x0000000000000000      0x4a6 ./Src/drv_dma.o
 .debug_line    0x00000000000004a6      0x8e6 ./Src/dvr_uart.o
 .debug_line    0x0000000000000d8c      0x769 ./Src/main.o
 .debug_line    0x00000000000014f5      0x62a ./Src/system_g031.o
 .debug_line    0x0000000000001b1f      0x4c5 ./Src/xprintf.o
 .debug_line    0x0000000000001fe4       0x84 ./Startup/startup_stm32g031c8tx.o

.debug_str      0x0000000000000000    0x492f5
 .debug_str     0x0000000000000000    0x44778 ./Src/drv_dma.o
                                      0x44921 (size before relaxing)
 .debug_str     0x0000000000044778     0x4736 ./Src/dvr_uart.o
                                      0x490d8 (size before relaxing)
 .debug_str     0x0000000000048eae      0x18b ./Src/main.o
                                      0x48d10 (size before relaxing)
 .debug_str     0x0000000000049039      0x154 ./Src/system_g031.o
                                      0x44c40 (size before relaxing)
 .debug_str     0x000000000004918d      0x137 ./Src/xprintf.o
                                       0x2ea3 (size before relaxing)
 .debug_str     0x00000000000492c4       0x31 ./Startup/startup_stm32g031c8tx.o
                                         0x6a (size before relaxing)

.comment        0x0000000000000000       0x50
 .comment       0x0000000000000000       0x50 ./Src/drv_dma.o
                                         0x51 (size before relaxing)
 .comment       0x0000000000000050       0x51 ./Src/dvr_uart.o
 .comment       0x0000000000000050       0x51 ./Src/main.o
 .comment       0x0000000000000050       0x51 ./Src/system_g031.o
 .comment       0x0000000000000050       0x51 ./Src/xprintf.o

.debug_frame    0x0000000000000000      0x4e4
 .debug_frame   0x0000000000000000       0x6c ./Src/drv_dma.o
 .debug_frame   0x000000000000006c      0x150 ./Src/dvr_uart.o
 .debug_frame   0x00000000000001bc       0xa4 ./Src/main.o
 .debug_frame   0x0000000000000260       0xe0 ./Src/system_g031.o
 .debug_frame   0x0000000000000340      0x110 ./Src/xprintf.o
 .debug_frame   0x0000000000000450       0x2c c:/st/stm32cubeide_1.6.1/stm32cubeide/plugins/com.st.stm32cube.ide.mcu.externaltools.gnu-tools-for-stm32.10.3-2021.10.win32_1.0.0.202111181127/tools/bin/../lib/gcc/arm-none-eabi/10.3.1/../../../../arm-none-eabi/lib/thumb/v6-m/nofp\libc_nano.a(lib_a-init.o)
 .debug_frame   0x000000000000047c       0x28 c:/st/stm32cubeide_1.6.1/stm32cubeide/plugins/com.st.stm32cube.ide.mcu.externaltools.gnu-tools-for-stm32.10.3-2021.10.win32_1.0.0.202111181127/tools/bin/../lib/gcc/arm-none-eabi/10.3.1/../../../../arm-none-eabi/lib/thumb/v6-m/nofp\libc_nano.a(lib_a-memcpy-stub.o)
 .debug_frame   0x00000000000004a4       0x20 c:/st/stm32cubeide_1.6.1/stm32cubeide/plugins/com.st.stm32cube.ide.mcu.externaltools.gnu-tools-for-stm32.10.3-2021.10.win32_1.0.0.202111181127/tools/bin/../lib/gcc/arm-none-eabi/10.3.1/../../../../arm-none-eabi/lib/thumb/v6-m/nofp\libc_nano.a(lib_a-memset.o)
 .debug_frame   0x00000000000004c4       0x20 c:/st/stm32cubeide_1.6.1/stm32cubeide/plugins/com.st.stm32cube.ide.mcu.externaltools.gnu-tools-for-stm32.10.3-2021.10.win32_1.0.0.202111181127/tools/bin/../lib/gcc/arm-none-eabi/10.3.1/thumb/v6-m/nofp\libgcc.a(_udivsi3.o)
