../Drivers/CMSIS/Include/core_cm0plus.h:741:22:__NVIC_EnableIRQ	16	static,ignoring_inline_asm
../Drivers/CMSIS/Include/core_cm0plus.h:850:22:__NVIC_SetPriority	24	static
../Core/Src/uart.c:21:6:comm_init	8	static
../Core/Src/uart.c:25:6:SerialPutChar	16	static
../Core/Src/uart.c:29:10:SerialKeyPressed	16	static
../Core/Src/uart.c:38:9:Rcv_Byte	24	static
../Core/Src/uart.c:51:9:RcvBuff	32	static
../Core/Src/uart.c:64:13:uart1_putChar	16	static
../Core/Src/uart.c:70:16:uart1_getChar	16	static
../Core/Src/uart.c:76:13:uart1_putString	16	static
../Core/Src/uart.c:83:13:uart1_putArray	16	static
../Core/Src/uart.c:98:13:MX_USART1_UART_Init	16	static
