../Src/dvr_flash.c:14:6:FLASH_Lock	0	static
../Src/dvr_flash.c:18:6:FLASH_Unlock	0	static
../Src/dvr_flash.c:25:6:FLASH_OB_Unlock	0	static
../Src/dvr_flash.c:36:6:FLASH_OB_Lock	0	static
../Src/dvr_flash.c:52:14:FLASH_GetBankStatus	0	static
../Src/dvr_flash.c:80:14:FLASH_GetBank1Status	8	static
../Src/dvr_flash.c:101:14:FLASH_WaitForLastBank1Operation	8	static
../Src/dvr_flash.c:119:14:FLASH_WaitForLastBankOperation	8	static
../Src/dvr_flash.c:142:14:FLASH_ErasePage	8	static
../Src/dvr_flash.c:156:14:FLASH_EraseAllPages	0	static
../Src/dvr_flash.c:162:6:flashProgramDoubleWorld	0	static
../Src/dvr_flash.c:165:14:FLASH_ProgramDoubleWord	32	static,ignoring_inline_asm
../Src/dvr_flash.c:183:6:FLASH_ClearFlag	0	static
../Src/dvr_flash.c:187:5:FlashWritePage	32	static
../Src/dvr_flash.c:209:6:FLASH_ReadOutProtection	8	static
../Src/dvr_flash.c:218:10:FLASH_GetReadOutProtectionStatus	0	static
