../Core/Src/flash.c:16:6:NMEAChecksum	32	static
../Core/Src/flash.c:28:13:flash_lock	8	static
../Core/Src/flash.c:32:13:flash_unlock	8	static
../Core/Src/flash.c:39:5:flashEraserPage	16	static
../Core/Src/flash.c:54:5:flashWiteWord	16	static
../Core/Src/flash.c:64:5:flash_ProgramDoubleWord	32	static,ignoring_inline_asm
../Core/Src/flash.c:78:5:FlashWritePage	32	static
../Core/Src/flash.c:97:5:FlashReadPage	32	static
../Core/Src/flash.c:106:6:write_config	272	static
../Core/Src/flash.c:119:13:make_default_config	8	static
../Core/Src/flash.c:129:6:load_config	296	static
