../Core/Src/LSM6DS3TR.c:24:6:LSM6DS3_Initialize	16	static
../Core/Src/LSM6DS3TR.c:38:16:LSM6DS3_Detect	32	static
../Core/Src/LSM6DS3TR.c:85:16:LSM6DS3_XL_Start	32	static
../Core/Src/LSM6DS3TR.c:110:9:LSM6DS3_XL_Stop	16	static
../Core/Src/LSM6DS3TR.c:125:23:LSM6DS3_Verify_XL_Settings	24	static
../Core/Src/LSM6DS3TR.c:143:16:LSM6DS3_XL_GetMeasurements	16	static
../Core/Src/LSM6DS3TR.c:178:16:LSM6DS3_GS_Start	24	static
../Core/Src/LSM6DS3TR.c:204:16:LSM6DS3_GS_Stop	16	static
../Core/Src/LSM6DS3TR.c:219:23:LSM6DS3_Verify_GS_Settings	16	static
../Core/Src/LSM6DS3TR.c:235:16:LSM6DS3_GS_GetMeasurements	16	static
../Core/Src/LSM6DS3TR.c:254:16:LSM6DS3_IMU_GetMeasurements	24	static
../Core/Src/LSM6DS3TR.c:275:9:LSM6DS3_GetXL_X_Int16	8	static
../Core/Src/LSM6DS3TR.c:284:9:LSM6DS3_GetXL_Y_Int16	8	static
../Core/Src/LSM6DS3TR.c:293:9:LSM6DS3_GetXL_Z_Int16	8	static
../Core/Src/LSM6DS3TR.c:305:7:LSM6DS3_GetXL_X_Float	24	static
../Core/Src/LSM6DS3TR.c:339:7:LSM6DS3_GetXL_Y_Float	24	static
../Core/Src/LSM6DS3TR.c:374:7:LSM6DS3_GetXL_Z_Float	24	static
../Core/Src/LSM6DS3TR.c:406:9:LSM6DS3_GetGS_X_Int16	8	static
../Core/Src/LSM6DS3TR.c:415:9:LSM6DS3_GetGS_Y_Int16	8	static
../Core/Src/LSM6DS3TR.c:424:9:LSM6DS3_GetGS_Z_Int16	8	static
../Core/Src/LSM6DS3TR.c:433:9:LSM6DS3_Temperature_Int16	8	static
../Core/Src/LSM6DS3TR.c:442:7:LSM6DS3_Temperature_Celsius	8	static
../Core/Src/LSM6DS3TR.c:454:7:LSM6DS3_GetGS_X_Float	24	static
../Core/Src/LSM6DS3TR.c:492:7:LSM6DS3_GetGS_Y_Float	24	static
../Core/Src/LSM6DS3TR.c:530:7:LSM6DS3_GetGS_Z_Float	24	static
../Core/Src/LSM6DS3TR.c:569:23:LSM6DS3_ReadRegister	32	static
../Core/Src/LSM6DS3TR.c:586:23:LSM6DS3_WriteAndVerify	72	static
