../Drivers/CMSIS/Include/core_cm0plus.h:985:34:__NVIC_SystemReset	8	static,ignoring_inline_asm
../Core/Src/main.c:106:5:main	48	static
../Core/Src/main.c:159:13:setup	8	static
../Core/Src/main.c:172:13:process_command_from_pc	8	static
../Core/Src/main.c:179:13:LSM6DS3_init	8	static
../Core/Src/main.c:211:13:handlerSensorData	40	static
../Core/Src/main.c:295:6:calc_fuel_level	80	static
../Core/Src/main.c:370:13:output_data	344	static
../Core/Src/main.c:788:13:LSM6DS3_get_angle	264	static
../Core/Src/main.c:818:13:MX_TIM2_Init	40	static
../Core/Src/main.c:848:6:HAL_TIM_IC_CaptureCallback	16	static
../Core/Src/main.c:875:6:USART1_IRQHandler	16	static
../Core/Src/main.c:903:6:Error_Handler	8	static,ignoring_inline_asm
