../Core/Inc/SimpleKalmanFilter.h:22:6:SimpleKalmanFilter	24	static
../Core/Inc/SimpleKalmanFilter.h:28:7:updateEstimate	32	static
../Core/Inc/SimpleKalmanFilter.h:38:6:setMeasurementError	16	static
../Core/Inc/SimpleKalmanFilter.h:42:6:setEstimateError	16	static
../Core/Inc/SimpleKalmanFilter.h:46:6:setProcessNoise	16	static
../Core/Inc/SimpleKalmanFilter.h:50:7:getKalmanGain	8	static
../Core/Inc/SimpleKalmanFilter.h:54:7:getEstimateError	8	static
../Core/Src/mainTask.c:85:5:mainTask	8	static
../Core/Src/mainTask.c:111:13:setup	8	static
../Core/Src/mainTask.c:121:13:getADC_val	8	static
../Core/Src/mainTask.c:145:6:HAL_TIM_IC_CaptureCallback	16	static
../Core/Src/mainTask.c:166:13:com1Update	8	static
../Core/Src/mainTask.c:176:13:handlerSensorData	16	static
../Core/Src/mainTask.c:227:13:displaySensorData	48	static
../Core/Src/mainTask.c:242:6:HAL_UARTEx_RxEventCallback	16	static
