Archive member included to satisfy reference by file (symbol)

c:/st/stm32cubeide_1.6.1/stm32cubeide/plugins/com.st.stm32cube.ide.mcu.externaltools.gnu-tools-for-stm32.10.3-2021.10.win32_1.0.0.202111181127/tools/bin/../lib/gcc/arm-none-eabi/10.3.1/../../../../arm-none-eabi/lib/thumb/v6-m/nofp\libc_nano.a(lib_a-errno.o)
                              ./Core/Src/syscalls.o (__errno)
c:/st/stm32cubeide_1.6.1/stm32cubeide/plugins/com.st.stm32cube.ide.mcu.externaltools.gnu-tools-for-stm32.10.3-2021.10.win32_1.0.0.202111181127/tools/bin/../lib/gcc/arm-none-eabi/10.3.1/../../../../arm-none-eabi/lib/thumb/v6-m/nofp\libc_nano.a(lib_a-exit.o)
                              c:/st/stm32cubeide_1.6.1/stm32cubeide/plugins/com.st.stm32cube.ide.mcu.externaltools.gnu-tools-for-stm32.10.3-2021.10.win32_1.0.0.202111181127/tools/bin/../lib/gcc/arm-none-eabi/10.3.1/../../../../arm-none-eabi/lib/thumb/v6-m/nofp/crt0.o (exit)
c:/st/stm32cubeide_1.6.1/stm32cubeide/plugins/com.st.stm32cube.ide.mcu.externaltools.gnu-tools-for-stm32.10.3-2021.10.win32_1.0.0.202111181127/tools/bin/../lib/gcc/arm-none-eabi/10.3.1/../../../../arm-none-eabi/lib/thumb/v6-m/nofp\libc_nano.a(lib_a-impure.o)
                              c:/st/stm32cubeide_1.6.1/stm32cubeide/plugins/com.st.stm32cube.ide.mcu.externaltools.gnu-tools-for-stm32.10.3-2021.10.win32_1.0.0.202111181127/tools/bin/../lib/gcc/arm-none-eabi/10.3.1/../../../../arm-none-eabi/lib/thumb/v6-m/nofp\libc_nano.a(lib_a-exit.o) (_global_impure_ptr)
c:/st/stm32cubeide_1.6.1/stm32cubeide/plugins/com.st.stm32cube.ide.mcu.externaltools.gnu-tools-for-stm32.10.3-2021.10.win32_1.0.0.202111181127/tools/bin/../lib/gcc/arm-none-eabi/10.3.1/../../../../arm-none-eabi/lib/thumb/v6-m/nofp\libc_nano.a(lib_a-init.o)
                              c:/st/stm32cubeide_1.6.1/stm32cubeide/plugins/com.st.stm32cube.ide.mcu.externaltools.gnu-tools-for-stm32.10.3-2021.10.win32_1.0.0.202111181127/tools/bin/../lib/gcc/arm-none-eabi/10.3.1/../../../../arm-none-eabi/lib/thumb/v6-m/nofp/crt0.o (__libc_init_array)
c:/st/stm32cubeide_1.6.1/stm32cubeide/plugins/com.st.stm32cube.ide.mcu.externaltools.gnu-tools-for-stm32.10.3-2021.10.win32_1.0.0.202111181127/tools/bin/../lib/gcc/arm-none-eabi/10.3.1/../../../../arm-none-eabi/lib/thumb/v6-m/nofp\libc_nano.a(lib_a-memcpy-stub.o)
                              ./Core/Src/ymodem.o (memcpy)
c:/st/stm32cubeide_1.6.1/stm32cubeide/plugins/com.st.stm32cube.ide.mcu.externaltools.gnu-tools-for-stm32.10.3-2021.10.win32_1.0.0.202111181127/tools/bin/../lib/gcc/arm-none-eabi/10.3.1/../../../../arm-none-eabi/lib/thumb/v6-m/nofp\libc_nano.a(lib_a-memset.o)
                              c:/st/stm32cubeide_1.6.1/stm32cubeide/plugins/com.st.stm32cube.ide.mcu.externaltools.gnu-tools-for-stm32.10.3-2021.10.win32_1.0.0.202111181127/tools/bin/../lib/gcc/arm-none-eabi/10.3.1/../../../../arm-none-eabi/lib/thumb/v6-m/nofp/crt0.o (memset)
c:/st/stm32cubeide_1.6.1/stm32cubeide/plugins/com.st.stm32cube.ide.mcu.externaltools.gnu-tools-for-stm32.10.3-2021.10.win32_1.0.0.202111181127/tools/bin/../lib/gcc/arm-none-eabi/10.3.1/../../../../arm-none-eabi/lib/thumb/v6-m/nofp\libc_nano.a(lib_a-printf.o)
                              ./Core/Src/mainTask.o (printf)
c:/st/stm32cubeide_1.6.1/stm32cubeide/plugins/com.st.stm32cube.ide.mcu.externaltools.gnu-tools-for-stm32.10.3-2021.10.win32_1.0.0.202111181127/tools/bin/../lib/gcc/arm-none-eabi/10.3.1/../../../../arm-none-eabi/lib/thumb/v6-m/nofp\libc_nano.a(lib_a-findfp.o)
                              c:/st/stm32cubeide_1.6.1/stm32cubeide/plugins/com.st.stm32cube.ide.mcu.externaltools.gnu-tools-for-stm32.10.3-2021.10.win32_1.0.0.202111181127/tools/bin/../lib/gcc/arm-none-eabi/10.3.1/../../../../arm-none-eabi/lib/thumb/v6-m/nofp\libc_nano.a(lib_a-printf.o) (__sinit)
c:/st/stm32cubeide_1.6.1/stm32cubeide/plugins/com.st.stm32cube.ide.mcu.externaltools.gnu-tools-for-stm32.10.3-2021.10.win32_1.0.0.202111181127/tools/bin/../lib/gcc/arm-none-eabi/10.3.1/../../../../arm-none-eabi/lib/thumb/v6-m/nofp\libc_nano.a(lib_a-fwalk.o)
                              c:/st/stm32cubeide_1.6.1/stm32cubeide/plugins/com.st.stm32cube.ide.mcu.externaltools.gnu-tools-for-stm32.10.3-2021.10.win32_1.0.0.202111181127/tools/bin/../lib/gcc/arm-none-eabi/10.3.1/../../../../arm-none-eabi/lib/thumb/v6-m/nofp\libc_nano.a(lib_a-findfp.o) (_fwalk)
c:/st/stm32cubeide_1.6.1/stm32cubeide/plugins/com.st.stm32cube.ide.mcu.externaltools.gnu-tools-for-stm32.10.3-2021.10.win32_1.0.0.202111181127/tools/bin/../lib/gcc/arm-none-eabi/10.3.1/../../../../arm-none-eabi/lib/thumb/v6-m/nofp\libc_nano.a(lib_a-lock.o)
                              c:/st/stm32cubeide_1.6.1/stm32cubeide/plugins/com.st.stm32cube.ide.mcu.externaltools.gnu-tools-for-stm32.10.3-2021.10.win32_1.0.0.202111181127/tools/bin/../lib/gcc/arm-none-eabi/10.3.1/../../../../arm-none-eabi/lib/thumb/v6-m/nofp\libc_nano.a(lib_a-findfp.o) (__retarget_lock_init_recursive)
[...]
Memory Configuration

Name             Origin             Length             Attributes
RAM              0x0000000020000000 0x0000000000002000 xrw
FLASH            0x0000000008000000 0x0000000000010000 xr
*default*        0x0000000000000000 0xffffffffffffffff

Linker script and memory map

LOAD c:/st/stm32cubeide_1.6.1/stm32cubeide/plugins/com.st.stm32cube.ide.mcu.externaltools.gnu-tools-for-stm32.10.3-2021.10.win32_1.0.0.202111181127/tools/bin/../lib/gcc/arm-none-eabi/10.3.1/thumb/v6-m/nofp/crti.o
LOAD c:/st/stm32cubeide_1.6.1/stm32cubeide/plugins/com.st.stm32cube.ide.mcu.externaltools.gnu-tools-for-stm32.10.3-2021.10.win32_1.0.0.202111181127/tools/bin/../lib/gcc/arm-none-eabi/10.3.1/thumb/v6-m/nofp/crtbegin.o
LOAD c:/st/stm32cubeide_1.6.1/stm32cubeide/plugins/com.st.stm32cube.ide.mcu.externaltools.gnu-tools-for-stm32.10.3-2021.10.win32_1.0.0.202111181127/tools/bin/../lib/gcc/arm-none-eabi/10.3.1/../../../../arm-none-eabi/lib/thumb/v6-m/nofp/crt0.o
LOAD ./Core/Src/common.o
LOAD ./Core/Src/download.o
LOAD ./Core/Src/drv_io.o
LOAD ./Core/Src/dvr_crc.o
LOAD ./Core/Src/dvr_flash.o
LOAD ./Core/Src/dvr_uart.o
LOAD ./Core/Src/main.o
LOAD ./Core/Src/mainTask.o
LOAD ./Core/Src/syscalls.o
LOAD ./Core/Src/sysmem.o
LOAD ./Core/Src/system_g031.o
LOAD ./Core/Src/upload.o
LOAD ./Core/Src/xprintf.o
LOAD ./Core/Src/ymodem.o
LOAD ./Core/Startup/startup_stm32g031c8tx.o
START GROUP
LOAD c:/st/stm32cubeide_1.6.1/stm32cubeide/plugins/com.st.stm32cube.ide.mcu.externaltools.gnu-tools-for-stm32.10.3-2021.10.win32_1.0.0.202111181127/tools/bin/../lib/gcc/arm-none-eabi/10.3.1/../../../../arm-none-eabi/lib/thumb/v6-m/nofp\libc_nano.a
LOAD c:/st/stm32cubeide_1.6.1/stm32cubeide/plugins/com.st.stm32cube.ide.mcu.externaltools.gnu-tools-for-stm32.10.3-2021.10.win32_1.0.0.202111181127/tools/bin/../lib/gcc/arm-none-eabi/10.3.1/../../../../arm-none-eabi/lib/thumb/v6-m/nofp\libm.a
END GROUP
START GROUP
LOAD c:/st/stm32cubeide_1.6.1/stm32cubeide/plugins/com.st.stm32cube.ide.mcu.externaltools.gnu-tools-for-stm32.10.3-2021.10.win32_1.0.0.202111181127/tools/bin/../lib/gcc/arm-none-eabi/10.3.1/thumb/v6-m/nofp\libgcc.a
LOAD c:/st/stm32cubeide_1.6.1/stm32cubeide/plugins/com.st.stm32cube.ide.mcu.externaltools.gnu-tools-for-stm32.10.3-2021.10.win32_1.0.0.202111181127/tools/bin/../lib/gcc/arm-none-eabi/10.3.1/../../../../arm-none-eabi/lib/thumb/v6-m/nofp\libc_nano.a
END GROUP
START GROUP
LOAD c:/st/stm32cubeide_1.6.1/stm32cubeide/plugins/com.st.stm32cube.ide.mcu.externaltools.gnu-tools-for-stm32.10.3-2021.10.win32_1.0.0.202111181127/tools/bin/../lib/gcc/arm-none-eabi/10.3.1/thumb/v6-m/nofp\libgcc.a
LOAD c:/st/stm32cubeide_1.6.1/stm32cubeide/plugins/com.st.stm32cube.ide.mcu.externaltools.gnu-tools-for-stm32.10.3-2021.10.win32_1.0.0.202111181127/tools/bin/../lib/gcc/arm-none-eabi/10.3.1/../../../../arm-none-eabi/lib/thumb/v6-m/nofp\libc_nano.a
LOAD c:/st/stm32cubeide_1.6.1/stm32cubeide/plugins/com.st.stm32cube.ide.mcu.externaltools.gnu-tools-for-stm32.10.3-2021.10.win32_1.0.0.202111181127/tools/bin/../lib/gcc/arm-none-eabi/10.3.1/../../../../arm-none-eabi/lib/thumb/v6-m/nofp\libnosys.a
END GROUP
START GROUP
LOAD c:/st/stm32cubeide_1.6.1/stm32cubeide/plugins/com.st.stm32cube.ide.mcu.externaltools.gnu-tools-for-stm32.10.3-2021.10.win32_1.0.0.202111181127/tools/bin/../lib/gcc/arm-none-eabi/10.3.1/thumb/v6-m/nofp\libgcc.a
LOAD c:/st/stm32cubeide_1.6.1/stm32cubeide/plugins/com.st.stm32cube.ide.mcu.externaltools.gnu-tools-for-stm32.10.3-2021.10.win32_1.0.0.202111181127/tools/bin/../lib/gcc/arm-none-eabi/10.3.1/../../../../arm-none-eabi/lib/thumb/v6-m/nofp\libc_nano.a
LOAD c:/st/stm32cubeide_1.6.1/stm32cubeide/plugins/com.st.stm32cube.ide.mcu.externaltools.gnu-tools-for-stm32.10.3-2021.10.win32_1.0.0.202111181127/tools/bin/../lib/gcc/arm-none-eabi/10.3.1/../../../../arm-none-eabi/lib/thumb/v6-m/nofp\libnosys.a
END GROUP
LOAD c:/st/stm32cubeide_1.6.1/stm32cubeide/plugins/com.st.stm32cube.ide.mcu.externaltools.gnu-tools-for-stm32.10.3-2021.10.win32_1.0.0.202111181127/tools/bin/../lib/gcc/arm-none-eabi/10.3.1/thumb/v6-m/nofp/crtend.o
LOAD c:/st/stm32cubeide_1.6.1/stm32cubeide/plugins/com.st.stm32cube.ide.mcu.externaltools.gnu-tools-for-stm32.10.3-2021.10.win32_1.0.0.202111181127/tools/bin/../lib/gcc/arm-none-eabi/10.3.1/thumb/v6-m/nofp/crtn.o
                0x0000000020002000                _estack = (ORIGIN (RAM) + LENGTH (RAM))
                0x0000000000000200                _Min_Heap_Size = 0x200
                0x0000000000000400                _Min_Stack_Size = 0x400

.isr_vector     0x0000000008000000       0xbc
                0x0000000008000000                . = ALIGN (0x4)
 *(.isr_vector)
 .isr_vector    0x0000000008000000       0xbc ./Core/Startup/startup_stm32g031c8tx.o
                0x0000000008000000                g_pfnVectors
                0x00000000080000bc                . = ALIGN (0x4)

.text           0x00000000080000bc     0x2a4c
                0x00000000080000bc                . = ALIGN (0x4)
 *(.text)
 .text          0x00000000080000bc       0x48 c:/st/stm32cubeide_1.6.1/stm32cubeide/plugins/com.st.stm32cube.ide.mcu.externaltools.gnu-tools-for-stm32.10.3-2021.10.win32_1.0.0.202111181127/tools/bin/../lib/gcc/arm-none-eabi/10.3.1/thumb/v6-m/nofp/crtbegin.o
 .text          0x0000000008000104       0x14 c:/st/stm32cubeide_1.6.1/stm32cubeide/plugins/com.st.stm32cube.ide.mcu.externaltools.gnu-tools-for-stm32.10.3-2021.10.win32_1.0.0.202111181127/tools/bin/../lib/gcc/arm-none-eabi/10.3.1/thumb/v6-m/nofp\libgcc.a(_thumb1_case_shi.o)
                0x0000000008000104                __gnu_thumb1_case_shi
 .text          0x0000000008000118      0x114 c:/st/stm32cubeide_1.6.1/stm32cubeide/plugins/com.st.stm32cube.ide.mcu.externaltools.gnu-tools-for-stm32.10.3-2021.10.win32_1.0.0.202111181127/tools/bin/../lib/gcc/arm-none-eabi/10.3.1/thumb/v6-m/nofp\libgcc.a(_udivsi3.o)
                0x0000000008000118                __aeabi_uidiv
                0x0000000008000118                __udivsi3
                0x0000000008000224                __aeabi_uidivmod
 .text          0x000000000800022c        0x4 c:/st/stm32cubeide_1.6.1/stm32cubeide/plugins/com.st.stm32cube.ide.mcu.externaltools.gnu-tools-for-stm32.10.3-2021.10.win32_1.0.0.202111181127/tools/bin/../lib/gcc/arm-none-eabi/10.3.1/thumb/v6-m/nofp\libgcc.a(_dvmd_tls.o)
                0x000000000800022c                __aeabi_idiv0
                0x000000000800022c                __aeabi_ldiv0
 *(.text*)
 .text.FLASH_PagesMask
                0x0000000008000230       0x32 ./Core/Src/common.o
                0x0000000008000230                FLASH_PagesMask
 .text.flash_verify_image
                0x0000000008000262       0x12 ./Core/Src/common.o
                0x0000000008000262                flash_verify_image
 .text.flash_read_uboot_info
                0x0000000008000274       0x48 ./Core/Src/common.o
                0x0000000008000274                flash_read_uboot_info
 .text.flash_write_uboot_info
                0x00000000080002bc       0x78 ./Core/Src/common.o
                0x00000000080002bc                flash_write_uboot_info
 .text.SerialDownload
                0x0000000008000334       0xe8 ./Core/Src/download.o
                0x0000000008000334                SerialDownload
 .text.CRC_ClockInit
                0x000000000800041c       0x1c ./Core/Src/dvr_crc.o
                0x000000000800041c                CRC_ClockInit
 .text.CRC_ResetDR
                0x0000000008000438       0x14 ./Core/Src/dvr_crc.o
                0x0000000008000438                CRC_ResetDR
 .text.CRC_CalcBlockCRC
                0x000000000800044c       0x40 ./Core/Src/dvr_crc.o
                0x000000000800044c                CRC_CalcBlockCRC
 .text.FLASH_Unlock
                0x000000000800048c       0x2c ./Core/Src/dvr_flash.o
                0x000000000800048c                FLASH_Unlock
 .text.FLASH_GetBank1Status
                0x00000000080004b8       0x60 ./Core/Src/dvr_flash.o
                0x00000000080004b8                FLASH_GetBank1Status
 .text.FLASH_WaitForLastBank1Operation
                0x0000000008000518       0x36 ./Core/Src/dvr_flash.o
                0x0000000008000518                FLASH_WaitForLastBank1Operation
 *fill*         0x000000000800054e        0x2 
 .text.FLASH_ErasePage
                0x0000000008000550       0x9c ./Core/Src/dvr_flash.o
                0x0000000008000550                FLASH_ErasePage
 .text.FLASH_ProgramDoubleWord
                0x00000000080005ec       0x7c ./Core/Src/dvr_flash.o
                0x00000000080005ec                FLASH_ProgramDoubleWord
 .text.usart_x0_init
                0x0000000008000668       0x24 ./Core/Src/dvr_uart.o
                0x0000000008000668                usart_x0_init
 .text.usart_x0_send
                0x000000000800068c       0x30 ./Core/Src/dvr_uart.o
                0x000000000800068c                usart_x0_send
 .text.SerialPutChar
                0x00000000080006bc       0x1e ./Core/Src/dvr_uart.o
                0x00000000080006bc                SerialPutChar
 *fill*         0x00000000080006da        0x2 
 .text.SerialKeyPressed
                0x00000000080006dc       0x30 ./Core/Src/dvr_uart.o
                0x00000000080006dc                SerialKeyPressed
 .text.Rcv_Byte
                0x000000000800070c       0x40 ./Core/Src/dvr_uart.o
                0x000000000800070c                Rcv_Byte
 .text.COMX0_pin_init
                0x000000000800074c      0x12c ./Core/Src/dvr_uart.o
 .text.uartx_init
                0x0000000008000878       0x84 ./Core/Src/dvr_uart.o
 .text.main     0x00000000080008fc       0x3c ./Core/Src/main.o
                0x00000000080008fc                main
 .text.setUp    0x0000000008000938       0x34 ./Core/Src/main.o
 .text.SysTick_Handler
                0x000000000800096c       0x48 ./Core/Src/main.o
                0x000000000800096c                SysTick_Handler
 .text.mainTask
                0x00000000080009b4      0x1e4 ./Core/Src/mainTask.o
                0x00000000080009b4                mainTask
 .text.Str2Int  0x0000000008000b98      0x1fe ./Core/Src/mainTask.o
                0x0000000008000b98                Str2Int
 .text._read    0x0000000008000d96       0x3a ./Core/Src/syscalls.o
                0x0000000008000d96                _read
 .text._write   0x0000000008000dd0       0x38 ./Core/Src/syscalls.o
                0x0000000008000dd0                _write
 .text._close   0x0000000008000e08       0x14 ./Core/Src/syscalls.o
                0x0000000008000e08                _close
 .text._fstat   0x0000000008000e1c       0x1c ./Core/Src/syscalls.o
                0x0000000008000e1c                _fstat
 .text._isatty  0x0000000008000e38       0x12 ./Core/Src/syscalls.o
                0x0000000008000e38                _isatty
 .text._lseek   0x0000000008000e4a       0x16 ./Core/Src/syscalls.o
                0x0000000008000e4a                _lseek
 .text._sbrk    0x0000000008000e60       0x6c ./Core/Src/sysmem.o
                0x0000000008000e60                _sbrk
 .text.__NVIC_SetPriority
                0x0000000008000ecc       0xdc ./Core/Src/system_g031.o
 .text.SysTick_Config
                0x0000000008000fa8       0x48 ./Core/Src/system_g031.o
 .text.systemInit
                0x0000000008000ff0       0x12 ./Core/Src/system_g031.o
                0x0000000008000ff0                systemInit
 *fill*         0x0000000008001002        0x2 
 .text.SysTick_CLKSourceConfig
                0x0000000008001004       0x28 ./Core/Src/system_g031.o
 .text.systickConfig
                0x000000000800102c       0x1a ./Core/Src/system_g031.o
 *fill*         0x0000000008001046        0x2 
 .text.SetSysClock
                0x0000000008001048       0xcc ./Core/Src/system_g031.o
 .text.RCC_DeInit
                0x0000000008001114       0x88 ./Core/Src/system_g031.o
                0x0000000008001114                RCC_DeInit
 .text.xputc    0x000000000800119c       0x48 ./Core/Src/xprintf.o
                0x000000000800119c                xputc
 .text.xputs    0x00000000080011e4       0x2a ./Core/Src/xprintf.o
                0x00000000080011e4                xputs
 *fill*         0x000000000800120e        0x2 
 .text.xvprintf
                0x0000000008001210      0x300 ./Core/Src/xprintf.o
 .text.xprintf  0x0000000008001510       0x28 ./Core/Src/xprintf.o
                0x0000000008001510                xprintf
 .text.Receive_Byte
                0x0000000008001538       0x34 ./Core/Src/ymodem.o
 .text.Receive_Packet
                0x000000000800156c      0x120 ./Core/Src/ymodem.o
 .text.Ymodem_Receive
                0x000000000800168c      0x3e8 ./Core/Src/ymodem.o
                0x000000000800168c                Ymodem_Receive
 .text.Reset_Handler
                0x0000000008001a74       0x50 ./Core/Startup/startup_stm32g031c8tx.o
                0x0000000008001a74                Reset_Handler
 .text.Default_Handler
                0x0000000008001ac4        0x2 ./Core/Startup/startup_stm32g031c8tx.o
                0x0000000008001ac4                TIM1_CC_IRQHandler
                0x0000000008001ac4                HardFault_Handler
                0x0000000008001ac4                PVD_IRQHandler
                0x0000000008001ac4                PendSV_Handler
                0x0000000008001ac4                NMI_Handler
                0x0000000008001ac4                I2C1_IRQHandler
                0x0000000008001ac4                RTC_TAMP_IRQHandler
                0x0000000008001ac4                SPI1_IRQHandler
                0x0000000008001ac4                DMA_Channel1_IRQHandler
                0x0000000008001ac4                EXTI2_3_IRQHandler
                0x0000000008001ac4                I2C2_IRQHandler
                0x0000000008001ac4                TIM17_IRQHandler
                0x0000000008001ac4                DMA_Channel4_5_6_7_IRQHandler
                0x0000000008001ac4                TIM16_IRQHandler
                0x0000000008001ac4                TIM3_IRQHandler
                0x0000000008001ac4                EXTI4_15_IRQHandler
                0x0000000008001ac4                RCC_IRQHandler
                0x0000000008001ac4                Default_Handler
                0x0000000008001ac4                CEC_IRQHandler
                0x0000000008001ac4                TIM14_IRQHandler
                0x0000000008001ac4                EXTI0_1_IRQHandler
                0x0000000008001ac4                SPI2_IRQHandler
                0x0000000008001ac4                SVC_Handler
                0x0000000008001ac4                WWDG_IRQHandler
                0x0000000008001ac4                TIM2_IRQHandler
                0x0000000008001ac4                ADC_COMP_IRQHandler
                0x0000000008001ac4                USART2_IRQHandler
                0x0000000008001ac4                DMA_Channel2_3_IRQHandler
                0x0000000008001ac4                FLASH_IRQHandler
                0x0000000008001ac4                USART1_IRQHandler
                0x0000000008001ac4                TIM1_BRK_UP_TRG_COM_IRQHandler
                0x0000000008001ac4                USART3_USART4_LPUART1_IRQHandler
 *fill*         0x0000000008001ac6        0x2 
 .text.__errno  0x0000000008001ac8        0xc c:/st/stm32cubeide_1.6.1/stm32cubeide/plugins/com.st.stm32cube.ide.mcu.externaltools.gnu-tools-for-stm32.10.3-2021.10.win32_1.0.0.202111181127/tools/bin/../lib/gcc/arm-none-eabi/10.3.1/../../../../arm-none-eabi/lib/thumb/v6-m/nofp\libc_nano.a(lib_a-errno.o)
                0x0000000008001ac8                __errno
 .text.__libc_init_array
                0x0000000008001ad4       0x48 c:/st/stm32cubeide_1.6.1/stm32cubeide/plugins/com.st.stm32cube.ide.mcu.externaltools.gnu-tools-for-stm32.10.3-2021.10.win32_1.0.0.202111181127/tools/bin/../lib/gcc/arm-none-eabi/10.3.1/../../../../arm-none-eabi/lib/thumb/v6-m/nofp\libc_nano.a(lib_a-init.o)
                0x0000000008001ad4                __libc_init_array
 .text.memcpy   0x0000000008001b1c       0x12 c:/st/stm32cubeide_1.6.1/stm32cubeide/plugins/com.st.stm32cube.ide.mcu.externaltools.gnu-tools-for-stm32.10.3-2021.10.win32_1.0.0.202111181127/tools/bin/../lib/gcc/arm-none-eabi/10.3.1/../../../../arm-none-eabi/lib/thumb/v6-m/nofp\libc_nano.a(lib_a-memcpy-stub.o)
                0x0000000008001b1c                memcpy
 .text.memset   0x0000000008001b2e       0x10 c:/st/stm32cubeide_1.6.1/stm32cubeide/plugins/com.st.stm32cube.ide.mcu.externaltools.gnu-tools-for-stm32.10.3-2021.10.win32_1.0.0.202111181127/tools/bin/../lib/gcc/arm-none-eabi/10.3.1/../../../../arm-none-eabi/lib/thumb/v6-m/nofp\libc_nano.a(lib_a-memset.o)
                0x0000000008001b2e                memset
 *fill*         0x0000000008001b3e        0x2 
 .text.printf   0x0000000008001b40       0x34 c:/st/stm32cubeide_1.6.1/stm32cubeide/plugins/com.st.stm32cube.ide.mcu.externaltools.gnu-tools-for-stm32.10.3-2021.10.win32_1.0.0.202111181127/tools/bin/../lib/gcc/arm-none-eabi/10.3.1/../../../../arm-none-eabi/lib/thumb/v6-m/nofp\libc_nano.a(lib_a-printf.o)
                0x0000000008001b40                iprintf
                0x0000000008001b40                printf
 .text.std      0x0000000008001b74       0x48 c:/st/stm32cubeide_1.6.1/stm32cubeide/plugins/com.st.stm32cube.ide.mcu.externaltools.gnu-tools-for-stm32.10.3-2021.10.win32_1.0.0.202111181127/tools/bin/../lib/gcc/arm-none-eabi/10.3.1/../../../../arm-none-eabi/lib/thumb/v6-m/nofp\libc_nano.a(lib_a-findfp.o)
 .text._cleanup_r
                0x0000000008001bbc       0x10 c:/st/stm32cubeide_1.6.1/stm32cubeide/plugins/com.st.stm32cube.ide.mcu.externaltools.gnu-tools-for-stm32.10.3-2021.10.win32_1.0.0.202111181127/tools/bin/../lib/gcc/arm-none-eabi/10.3.1/../../../../arm-none-eabi/lib/thumb/v6-m/nofp\libc_nano.a(lib_a-findfp.o)
                0x0000000008001bbc                _cleanup_r
 .text.__sfmoreglue
                0x0000000008001bcc       0x2c c:/st/stm32cubeide_1.6.1/stm32cubeide/plugins/com.st.stm32cube.ide.mcu.externaltools.gnu-tools-for-stm32.10.3-2021.10.win32_1.0.0.202111181127/tools/bin/../lib/gcc/arm-none-eabi/10.3.1/../../../../arm-none-eabi/lib/thumb/v6-m/nofp\libc_nano.a(lib_a-findfp.o)
                0x0000000008001bcc                __sfmoreglue
 .text.__sfp_lock_acquire
                0x0000000008001bf8       0x10 c:/st/stm32cubeide_1.6.1/stm32cubeide/plugins/com.st.stm32cube.ide.mcu.externaltools.gnu-tools-for-stm32.10.3-2021.10.win32_1.0.0.202111181127/tools/bin/../lib/gcc/arm-none-eabi/10.3.1/../../../../arm-none-eabi/lib/thumb/v6-m/nofp\libc_nano.a(lib_a-findfp.o)
                0x0000000008001bf8                __sfp_lock_acquire
 .text.__sfp_lock_release
                0x0000000008001c08       0x10 c:/st/stm32cubeide_1.6.1/stm32cubeide/plugins/com.st.stm32cube.ide.mcu.externaltools.gnu-tools-for-stm32.10.3-2021.10.win32_1.0.0.202111181127/tools/bin/../lib/gcc/arm-none-eabi/10.3.1/../../../../arm-none-eabi/lib/thumb/v6-m/nofp\libc_nano.a(lib_a-findfp.o)
                0x0000000008001c08                __sfp_lock_release
 .text.__sinit_lock_acquire
                0x0000000008001c18       0x10 c:/st/stm32cubeide_1.6.1/stm32cubeide/plugins/com.st.stm32cube.ide.mcu.externaltools.gnu-tools-for-stm32.10.3-2021.10.win32_1.0.0.202111181127/tools/bin/../lib/gcc/arm-none-eabi/10.3.1/../../../../arm-none-eabi/lib/thumb/v6-m/nofp\libc_nano.a(lib_a-findfp.o)
                0x0000000008001c18                __sinit_lock_acquire
 .text.__sinit_lock_release
                0x0000000008001c28       0x10 c:/st/stm32cubeide_1.6.1/stm32cubeide/plugins/com.st.stm32cube.ide.mcu.externaltools.gnu-tools-for-stm32.10.3-2021.10.win32_1.0.0.202111181127/tools/bin/../lib/gcc/arm-none-eabi/10.3.1/../../../../arm-none-eabi/lib/thumb/v6-m/nofp\libc_nano.a(lib_a-findfp.o)
                0x0000000008001c28                __sinit_lock_release
 .text.__sinit  0x0000000008001c38       0x70 c:/st/stm32cubeide_1.6.1/stm32cubeide/plugins/com.st.stm32cube.ide.mcu.externaltools.gnu-tools-for-stm32.10.3-2021.10.win32_1.0.0.202111181127/tools/bin/../lib/gcc/arm-none-eabi/10.3.1/../../../../arm-none-eabi/lib/thumb/v6-m/nofp\libc_nano.a(lib_a-findfp.o)
                0x0000000008001c38                __sinit
 .text.__sfp    0x0000000008001ca8       0x90 c:/st/stm32cubeide_1.6.1/stm32cubeide/plugins/com.st.stm32cube.ide.mcu.externaltools.gnu-tools-for-stm32.10.3-2021.10.win32_1.0.0.202111181127/tools/bin/../lib/gcc/arm-none-eabi/10.3.1/../../../../arm-none-eabi/lib/thumb/v6-m/nofp\libc_nano.a(lib_a-findfp.o)
                0x0000000008001ca8                __sfp
 .text._fwalk_reent
                0x0000000008001d38       0x40 c:/st/stm32cubeide_1.6.1/stm32cubeide/plugins/com.st.stm32cube.ide.mcu.externaltools.gnu-tools-for-stm32.10.3-2021.10.win32_1.0.0.202111181127/tools/bin/../lib/gcc/arm-none-eabi/10.3.1/../../../../arm-none-eabi/lib/thumb/v6-m/nofp\libc_nano.a(lib_a-fwalk.o)
                0x0000000008001d38                _fwalk_reent
 .text.__retarget_lock_init_recursive
                0x0000000008001d78        0x2 c:/st/stm32cubeide_1.6.1/stm32cubeide/plugins/com.st.stm32cube.ide.mcu.externaltools.gnu-tools-for-stm32.10.3-2021.10.win32_1.0.0.202111181127/tools/bin/../lib/gcc/arm-none-eabi/10.3.1/../../../../arm-none-eabi/lib/thumb/v6-m/nofp\libc_nano.a(lib_a-lock.o)
                0x0000000008001d78                __retarget_lock_init_recursive
 .text.__retarget_lock_acquire_recursive
                0x0000000008001d7a        0x2 c:/st/stm32cubeide_1.6.1/stm32cubeide/plugins/com.st.stm32cube.ide.mcu.externaltools.gnu-tools-for-stm32.10.3-2021.10.win32_1.0.0.202111181127/tools/bin/../lib/gcc/arm-none-eabi/10.3.1/../../../../arm-none-eabi/lib/thumb/v6-m/nofp\libc_nano.a(lib_a-lock.o)
                0x0000000008001d7a                __retarget_lock_acquire_recursive
 .text.__retarget_lock_release_recursive
                0x0000000008001d7c        0x2 c:/st/stm32cubeide_1.6.1/stm32cubeide/plugins/com.st.stm32cube.ide.mcu.externaltools.gnu-tools-for-stm32.10.3-2021.10.win32_1.0.0.202111181127/tools/bin/../lib/gcc/arm-none-eabi/10.3.1/../../../../arm-none-eabi/lib/thumb/v6-m/nofp\libc_nano.a(lib_a-lock.o)
                0x0000000008001d7c                __retarget_lock_release_recursive
 *fill*         0x0000000008001d7e        0x2 
 .text.sbrk_aligned
                0x0000000008001d80       0x44 c:/st/stm32cubeide_1.6.1/stm32cubeide/plugins/com.st.stm32cube.ide.mcu.externaltools.gnu-tools-for-stm32.10.3-2021.10.win32_1.0.0.202111181127/tools/bin/../lib/gcc/arm-none-eabi/10.3.1/../../../../arm-none-eabi/lib/thumb/v6-m/nofp\libc_nano.a(lib_a-nano-mallocr.o)
 .text._malloc_r
                0x0000000008001dc4       0xec c:/st/stm32cubeide_1.6.1/stm32cubeide/plugins/com.st.stm32cube.ide.mcu.externaltools.gnu-tools-for-stm32.10.3-2021.10.win32_1.0.0.202111181127/tools/bin/../lib/gcc/arm-none-eabi/10.3.1/../../../../arm-none-eabi/lib/thumb/v6-m/nofp\libc_nano.a(lib_a-nano-mallocr.o)
                0x0000000008001dc4                _malloc_r
 .text.__sfputc_r
                0x0000000008001eb0       0x2a c:/st/stm32cubeide_1.6.1/stm32cubeide/plugins/com.st.stm32cube.ide.mcu.externaltools.gnu-tools-for-stm32.10.3-2021.10.win32_1.0.0.202111181127/tools/bin/../lib/gcc/arm-none-eabi/10.3.1/../../../../arm-none-eabi/lib/thumb/v6-m/nofp\libc_nano.a(lib_a-nano-vfprintf.o)
 .text.__sfputs_r
                0x0000000008001eda       0x24 c:/st/stm32cubeide_1.6.1/stm32cubeide/plugins/com.st.stm32cube.ide.mcu.externaltools.gnu-tools-for-stm32.10.3-2021.10.win32_1.0.0.202111181127/tools/bin/../lib/gcc/arm-none-eabi/10.3.1/../../../../arm-none-eabi/lib/thumb/v6-m/nofp\libc_nano.a(lib_a-nano-vfprintf.o)
                0x0000000008001eda                __sfputs_r
 *fill*         0x0000000008001efe        0x2 
 .text._vfprintf_r
                0x0000000008001f00      0x274 c:/st/stm32cubeide_1.6.1/stm32cubeide/plugins/com.st.stm32cube.ide.mcu.externaltools.gnu-tools-for-stm32.10.3-2021.10.win32_1.0.0.202111181127/tools/bin/../lib/gcc/arm-none-eabi/10.3.1/../../../../arm-none-eabi/lib/thumb/v6-m/nofp\libc_nano.a(lib_a-nano-vfprintf.o)
                0x0000000008001f00                _vfprintf_r
                0x0000000008001f00                _vfiprintf_r
 .text._printf_common
                0x0000000008002174       0xde c:/st/stm32cubeide_1.6.1/stm32cubeide/plugins/com.st.stm32cube.ide.mcu.externaltools.gnu-tools-for-stm32.10.3-2021.10.win32_1.0.0.202111181127/tools/bin/../lib/gcc/arm-none-eabi/10.3.1/../../../../arm-none-eabi/lib/thumb/v6-m/nofp\libc_nano.a(lib_a-nano-vfprintf_i.o)
                0x0000000008002174                _printf_common
 *fill*         0x0000000008002252        0x2 
 .text._printf_i
                0x0000000008002254      0x224 c:/st/stm32cubeide_1.6.1/stm32cubeide/plugins/com.st.stm32cube.ide.mcu.externaltools.gnu-tools-for-stm32.10.3-2021.10.win32_1.0.0.202111181127/tools/bin/../lib/gcc/arm-none-eabi/10.3.1/../../../../arm-none-eabi/lib/thumb/v6-m/nofp\libc_nano.a(lib_a-nano-vfprintf_i.o)
                0x0000000008002254                _printf_i
 .text._sbrk_r  0x0000000008002478       0x24 c:/st/stm32cubeide_1.6.1/stm32cubeide/plugins/com.st.stm32cube.ide.mcu.externaltools.gnu-tools-for-stm32.10.3-2021.10.win32_1.0.0.202111181127/tools/bin/../lib/gcc/arm-none-eabi/10.3.1/../../../../arm-none-eabi/lib/thumb/v6-m/nofp\libc_nano.a(lib_a-sbrkr.o)
                0x0000000008002478                _sbrk_r
 .text.__sread  0x000000000800249c       0x28 c:/st/stm32cubeide_1.6.1/stm32cubeide/plugins/com.st.stm32cube.ide.mcu.externaltools.gnu-tools-for-stm32.10.3-2021.10.win32_1.0.0.202111181127/tools/bin/../lib/gcc/arm-none-eabi/10.3.1/../../../../arm-none-eabi/lib/thumb/v6-m/nofp\libc_nano.a(lib_a-stdio.o)
                0x000000000800249c                __sread
 .text.__swrite
                0x00000000080024c4       0x38 c:/st/stm32cubeide_1.6.1/stm32cubeide/plugins/com.st.stm32cube.ide.mcu.externaltools.gnu-tools-for-stm32.10.3-2021.10.win32_1.0.0.202111181127/tools/bin/../lib/gcc/arm-none-eabi/10.3.1/../../../../arm-none-eabi/lib/thumb/v6-m/nofp\libc_nano.a(lib_a-stdio.o)
                0x00000000080024c4                __swrite
 .text.__sseek  0x00000000080024fc       0x2c c:/st/stm32cubeide_1.6.1/stm32cubeide/plugins/com.st.stm32cube.ide.mcu.externaltools.gnu-tools-for-stm32.10.3-2021.10.win32_1.0.0.202111181127/tools/bin/../lib/gcc/arm-none-eabi/10.3.1/../../../../arm-none-eabi/lib/thumb/v6-m/nofp\libc_nano.a(lib_a-stdio.o)
                0x00000000080024fc                __sseek
 .text.__sclose
                0x0000000008002528        0xc c:/st/stm32cubeide_1.6.1/stm32cubeide/plugins/com.st.stm32cube.ide.mcu.externaltools.gnu-tools-for-stm32.10.3-2021.10.win32_1.0.0.202111181127/tools/bin/../lib/gcc/arm-none-eabi/10.3.1/../../../../arm-none-eabi/lib/thumb/v6-m/nofp\libc_nano.a(lib_a-stdio.o)
                0x0000000008002528                __sclose
 .text.__swbuf_r
                0x0000000008002534       0xac c:/st/stm32cubeide_1.6.1/stm32cubeide/plugins/com.st.stm32cube.ide.mcu.externaltools.gnu-tools-for-stm32.10.3-2021.10.win32_1.0.0.202111181127/tools/bin/../lib/gcc/arm-none-eabi/10.3.1/../../../../arm-none-eabi/lib/thumb/v6-m/nofp\libc_nano.a(lib_a-wbuf.o)
                0x0000000008002534                __swbuf_r
 .text._write_r
                0x00000000080025e0       0x28 c:/st/stm32cubeide_1.6.1/stm32cubeide/plugins/com.st.stm32cube.ide.mcu.externaltools.gnu-tools-for-stm32.10.3-2021.10.win32_1.0.0.202111181127/tools/bin/../lib/gcc/arm-none-eabi/10.3.1/../../../../arm-none-eabi/lib/thumb/v6-m/nofp\libc_nano.a(lib_a-writer.o)
                0x00000000080025e0                _write_r
 .text.__swsetup_r
                0x0000000008002608       0xf0 c:/st/stm32cubeide_1.6.1/stm32cubeide/plugins/com.st.stm32cube.ide.mcu.externaltools.gnu-tools-for-stm32.10.3-2021.10.win32_1.0.0.202111181127/tools/bin/../lib/gcc/arm-none-eabi/10.3.1/../../../../arm-none-eabi/lib/thumb/v6-m/nofp\libc_nano.a(lib_a-wsetup.o)
                0x0000000008002608                __swsetup_r
 .text._close_r
                0x00000000080026f8       0x24 c:/st/stm32cubeide_1.6.1/stm32cubeide/plugins/com.st.stm32cube.ide.mcu.externaltools.gnu-tools-for-stm32.10.3-2021.10.win32_1.0.0.202111181127/tools/bin/../lib/gcc/arm-none-eabi/10.3.1/../../../../arm-none-eabi/lib/thumb/v6-m/nofp\libc_nano.a(lib_a-closer.o)
                0x00000000080026f8                _close_r
 .text.__sflush_r
                0x000000000800271c      0x118 c:/st/stm32cubeide_1.6.1/stm32cubeide/plugins/com.st.stm32cube.ide.mcu.externaltools.gnu-tools-for-stm32.10.3-2021.10.win32_1.0.0.202111181127/tools/bin/../lib/gcc/arm-none-eabi/10.3.1/../../../../arm-none-eabi/lib/thumb/v6-m/nofp\libc_nano.a(lib_a-fflush.o)
                0x000000000800271c                __sflush_r
 .text._fflush_r
                0x0000000008002834       0x80 c:/st/stm32cubeide_1.6.1/stm32cubeide/plugins/com.st.stm32cube.ide.mcu.externaltools.gnu-tools-for-stm32.10.3-2021.10.win32_1.0.0.202111181127/tools/bin/../lib/gcc/arm-none-eabi/10.3.1/../../../../arm-none-eabi/lib/thumb/v6-m/nofp\libc_nano.a(lib_a-fflush.o)
                0x0000000008002834                _fflush_r
 .text._lseek_r
                0x00000000080028b4       0x28 c:/st/stm32cubeide_1.6.1/stm32cubeide/plugins/com.st.stm32cube.ide.mcu.externaltools.gnu-tools-for-stm32.10.3-2021.10.win32_1.0.0.202111181127/tools/bin/../lib/gcc/arm-none-eabi/10.3.1/../../../../arm-none-eabi/lib/thumb/v6-m/nofp\libc_nano.a(lib_a-lseekr.o)
                0x00000000080028b4                _lseek_r
 .text.__swhatbuf_r
                0x00000000080028dc       0x50 c:/st/stm32cubeide_1.6.1/stm32cubeide/plugins/com.st.stm32cube.ide.mcu.externaltools.gnu-tools-for-stm32.10.3-2021.10.win32_1.0.0.202111181127/tools/bin/../lib/gcc/arm-none-eabi/10.3.1/../../../../arm-none-eabi/lib/thumb/v6-m/nofp\libc_nano.a(lib_a-makebuf.o)
                0x00000000080028dc                __swhatbuf_r
 .text.__smakebuf_r
                0x000000000800292c       0x88 c:/st/stm32cubeide_1.6.1/stm32cubeide/plugins/com.st.stm32cube.ide.mcu.externaltools.gnu-tools-for-stm32.10.3-2021.10.win32_1.0.0.202111181127/tools/bin/../lib/gcc/arm-none-eabi/10.3.1/../../../../arm-none-eabi/lib/thumb/v6-m/nofp\libc_nano.a(lib_a-makebuf.o)
                0x000000000800292c                __smakebuf_r
 .text.memchr   0x00000000080029b4       0x16 c:/st/stm32cubeide_1.6.1/stm32cubeide/plugins/com.st.stm32cube.ide.mcu.externaltools.gnu-tools-for-stm32.10.3-2021.10.win32_1.0.0.202111181127/tools/bin/../lib/gcc/arm-none-eabi/10.3.1/../../../../arm-none-eabi/lib/thumb/v6-m/nofp\libc_nano.a(lib_a-memchr-stub.o)
                0x00000000080029b4                memchr
 *fill*         0x00000000080029ca        0x2 
 .text.__malloc_lock
                0x00000000080029cc       0x10 c:/st/stm32cubeide_1.6.1/stm32cubeide/plugins/com.st.stm32cube.ide.mcu.externaltools.gnu-tools-for-stm32.10.3-2021.10.win32_1.0.0.202111181127/tools/bin/../lib/gcc/arm-none-eabi/10.3.1/../../../../arm-none-eabi/lib/thumb/v6-m/nofp\libc_nano.a(lib_a-mlock.o)
                0x00000000080029cc                __malloc_lock
 .text.__malloc_unlock
                0x00000000080029dc       0x10 c:/st/stm32cubeide_1.6.1/stm32cubeide/plugins/com.st.stm32cube.ide.mcu.externaltools.gnu-tools-for-stm32.10.3-2021.10.win32_1.0.0.202111181127/tools/bin/../lib/gcc/arm-none-eabi/10.3.1/../../../../arm-none-eabi/lib/thumb/v6-m/nofp\libc_nano.a(lib_a-mlock.o)
                0x00000000080029dc                __malloc_unlock
 .text._free_r  0x00000000080029ec       0x94 c:/st/stm32cubeide_1.6.1/stm32cubeide/plugins/com.st.stm32cube.ide.mcu.externaltools.gnu-tools-for-stm32.10.3-2021.10.win32_1.0.0.202111181127/tools/bin/../lib/gcc/arm-none-eabi/10.3.1/../../../../arm-none-eabi/lib/thumb/v6-m/nofp\libc_nano.a(lib_a-nano-freer.o)
                0x00000000080029ec                _free_r
 .text._read_r  0x0000000008002a80       0x28 c:/st/stm32cubeide_1.6.1/stm32cubeide/plugins/com.st.stm32cube.ide.mcu.externaltools.gnu-tools-for-stm32.10.3-2021.10.win32_1.0.0.202111181127/tools/bin/../lib/gcc/arm-none-eabi/10.3.1/../../../../arm-none-eabi/lib/thumb/v6-m/nofp\libc_nano.a(lib_a-readr.o)
                0x0000000008002a80                _read_r
 .text._fstat_r
                0x0000000008002aa8       0x24 c:/st/stm32cubeide_1.6.1/stm32cubeide/plugins/com.st.stm32cube.ide.mcu.externaltools.gnu-tools-for-stm32.10.3-2021.10.win32_1.0.0.202111181127/tools/bin/../lib/gcc/arm-none-eabi/10.3.1/../../../../arm-none-eabi/lib/thumb/v6-m/nofp\libc_nano.a(lib_a-fstatr.o)
                0x0000000008002aa8                _fstat_r
 .text._isatty_r
                0x0000000008002acc       0x24 c:/st/stm32cubeide_1.6.1/stm32cubeide/plugins/com.st.stm32cube.ide.mcu.externaltools.gnu-tools-for-stm32.10.3-2021.10.win32_1.0.0.202111181127/tools/bin/../lib/gcc/arm-none-eabi/10.3.1/../../../../arm-none-eabi/lib/thumb/v6-m/nofp\libc_nano.a(lib_a-isattyr.o)
                0x0000000008002acc                _isatty_r
 *(.glue_7)
 .glue_7        0x0000000008002af0        0x0 linker stubs
 *(.glue_7t)
 .glue_7t       0x0000000008002af0        0x0 linker stubs
 *(.eh_frame)
 .eh_frame      0x0000000008002af0        0x0 c:/st/stm32cubeide_1.6.1/stm32cubeide/plugins/com.st.stm32cube.ide.mcu.externaltools.gnu-tools-for-stm32.10.3-2021.10.win32_1.0.0.202111181127/tools/bin/../lib/gcc/arm-none-eabi/10.3.1/thumb/v6-m/nofp/crtbegin.o
 *(.init)
 .init          0x0000000008002af0        0x4 c:/st/stm32cubeide_1.6.1/stm32cubeide/plugins/com.st.stm32cube.ide.mcu.externaltools.gnu-tools-for-stm32.10.3-2021.10.win32_1.0.0.202111181127/tools/bin/../lib/gcc/arm-none-eabi/10.3.1/thumb/v6-m/nofp/crti.o
                0x0000000008002af0                _init
 .init          0x0000000008002af4        0x8 c:/st/stm32cubeide_1.6.1/stm32cubeide/plugins/com.st.stm32cube.ide.mcu.externaltools.gnu-tools-for-stm32.10.3-2021.10.win32_1.0.0.202111181127/tools/bin/../lib/gcc/arm-none-eabi/10.3.1/thumb/v6-m/nofp/crtn.o
 *(.fini)
 .fini          0x0000000008002afc        0x4 c:/st/stm32cubeide_1.6.1/stm32cubeide/plugins/com.st.stm32cube.ide.mcu.externaltools.gnu-tools-for-stm32.10.3-2021.10.win32_1.0.0.202111181127/tools/bin/../lib/gcc/arm-none-eabi/10.3.1/thumb/v6-m/nofp/crti.o
                0x0000000008002afc                _fini
 .fini          0x0000000008002b00        0x8 c:/st/stm32cubeide_1.6.1/stm32cubeide/plugins/com.st.stm32cube.ide.mcu.externaltools.gnu-tools-for-stm32.10.3-2021.10.win32_1.0.0.202111181127/tools/bin/../lib/gcc/arm-none-eabi/10.3.1/thumb/v6-m/nofp/crtn.o
                0x0000000008002b08                . = ALIGN (0x4)
                0x0000000008002b08                _etext = .

.vfp11_veneer   0x0000000008002b08        0x0
 .vfp11_veneer  0x0000000008002b08        0x0 linker stubs

.v4_bx          0x0000000008002b08        0x0
 .v4_bx         0x0000000008002b08        0x0 linker stubs

.iplt           0x0000000008002b08        0x0
 .iplt          0x0000000008002b08        0x0 c:/st/stm32cubeide_1.6.1/stm32cubeide/plugins/com.st.stm32cube.ide.mcu.externaltools.gnu-tools-for-stm32.10.3-2021.10.win32_1.0.0.202111181127/tools/bin/../lib/gcc/arm-none-eabi/10.3.1/thumb/v6-m/nofp/crtbegin.o

.rodata         0x0000000008002b08      0x2b4
                0x0000000008002b08                . = ALIGN (0x4)
 *(.rodata)
 .rodata        0x0000000008002b08      0x120 ./Core/Src/download.o
 .rodata        0x0000000008002c28        0x8 ./Core/Src/main.o
 .rodata        0x0000000008002c30       0x96 ./Core/Src/mainTask.o
 *(.rodata*)
 *fill*         0x0000000008002cc6        0x2 
 .rodata.xvprintf
                0x0000000008002cc8       0x5c ./Core/Src/xprintf.o
 .rodata._global_impure_ptr
                0x0000000008002d24        0x4 c:/st/stm32cubeide_1.6.1/stm32cubeide/plugins/com.st.stm32cube.ide.mcu.externaltools.gnu-tools-for-stm32.10.3-2021.10.win32_1.0.0.202111181127/tools/bin/../lib/gcc/arm-none-eabi/10.3.1/../../../../arm-none-eabi/lib/thumb/v6-m/nofp\libc_nano.a(lib_a-impure.o)
                0x0000000008002d24                _global_impure_ptr
 .rodata.__sf_fake_stderr
                0x0000000008002d28       0x20 c:/st/stm32cubeide_1.6.1/stm32cubeide/plugins/com.st.stm32cube.ide.mcu.externaltools.gnu-tools-for-stm32.10.3-2021.10.win32_1.0.0.202111181127/tools/bin/../lib/gcc/arm-none-eabi/10.3.1/../../../../arm-none-eabi/lib/thumb/v6-m/nofp\libc_nano.a(lib_a-findfp.o)
                0x0000000008002d28                __sf_fake_stderr
 .rodata.__sf_fake_stdin
                0x0000000008002d48       0x20 c:/st/stm32cubeide_1.6.1/stm32cubeide/plugins/com.st.stm32cube.ide.mcu.externaltools.gnu-tools-for-stm32.10.3-2021.10.win32_1.0.0.202111181127/tools/bin/../lib/gcc/arm-none-eabi/10.3.1/../../../../arm-none-eabi/lib/thumb/v6-m/nofp\libc_nano.a(lib_a-findfp.o)
                0x0000000008002d48                __sf_fake_stdin
 .rodata.__sf_fake_stdout
                0x0000000008002d68       0x20 c:/st/stm32cubeide_1.6.1/stm32cubeide/plugins/com.st.stm32cube.ide.mcu.externaltools.gnu-tools-for-stm32.10.3-2021.10.win32_1.0.0.202111181127/tools/bin/../lib/gcc/arm-none-eabi/10.3.1/../../../../arm-none-eabi/lib/thumb/v6-m/nofp\libc_nano.a(lib_a-findfp.o)
                0x0000000008002d68                __sf_fake_stdout
 .rodata._vfprintf_r.str1.1
                0x0000000008002d88       0x11 c:/st/stm32cubeide_1.6.1/stm32cubeide/plugins/com.st.stm32cube.ide.mcu.externaltools.gnu-tools-for-stm32.10.3-2021.10.win32_1.0.0.202111181127/tools/bin/../lib/gcc/arm-none-eabi/10.3.1/../../../../arm-none-eabi/lib/thumb/v6-m/nofp\libc_nano.a(lib_a-nano-vfprintf.o)
 .rodata._printf_i.str1.1
                0x0000000008002d99       0x22 c:/st/stm32cubeide_1.6.1/stm32cubeide/plugins/com.st.stm32cube.ide.mcu.externaltools.gnu-tools-for-stm32.10.3-2021.10.win32_1.0.0.202111181127/tools/bin/../lib/gcc/arm-none-eabi/10.3.1/../../../../arm-none-eabi/lib/thumb/v6-m/nofp\libc_nano.a(lib_a-nano-vfprintf_i.o)
                0x0000000008002dbc                . = ALIGN (0x4)
 *fill*         0x0000000008002dbb        0x1 

.rel.dyn        0x0000000008002dbc        0x0
 .rel.iplt      0x0000000008002dbc        0x0 c:/st/stm32cubeide_1.6.1/stm32cubeide/plugins/com.st.stm32cube.ide.mcu.externaltools.gnu-tools-for-stm32.10.3-2021.10.win32_1.0.0.202111181127/tools/bin/../lib/gcc/arm-none-eabi/10.3.1/thumb/v6-m/nofp/crtbegin.o

.ARM.extab      0x0000000008002dbc        0x0
                0x0000000008002dbc                . = ALIGN (0x4)
 *(.ARM.extab* .gnu.linkonce.armextab.*)
                0x0000000008002dbc                . = ALIGN (0x4)

.ARM            0x0000000008002dbc        0x0
                0x0000000008002dbc                . = ALIGN (0x4)
                0x0000000008002dbc                __exidx_start = .
 *(.ARM.exidx*)
                0x0000000008002dbc                __exidx_end = .
                0x0000000008002dbc                . = ALIGN (0x4)

.preinit_array  0x0000000008002dbc        0x0
                0x0000000008002dbc                . = ALIGN (0x4)
                0x0000000008002dbc                PROVIDE (__preinit_array_start = .)
 *(.preinit_array*)
                0x0000000008002dbc                PROVIDE (__preinit_array_end = .)
                0x0000000008002dbc                . = ALIGN (0x4)

.init_array     0x0000000008002dbc        0x4
                0x0000000008002dbc                . = ALIGN (0x4)
                0x0000000008002dbc                PROVIDE (__init_array_start = .)
 *(SORT_BY_NAME(.init_array.*))
 *(.init_array*)
 .init_array    0x0000000008002dbc        0x4 c:/st/stm32cubeide_1.6.1/stm32cubeide/plugins/com.st.stm32cube.ide.mcu.externaltools.gnu-tools-for-stm32.10.3-2021.10.win32_1.0.0.202111181127/tools/bin/../lib/gcc/arm-none-eabi/10.3.1/thumb/v6-m/nofp/crtbegin.o
                0x0000000008002dc0                PROVIDE (__init_array_end = .)
                0x0000000008002dc0                . = ALIGN (0x4)

.fini_array     0x0000000008002dc0        0x4
                0x0000000008002dc0                . = ALIGN (0x4)
                [!provide]                        PROVIDE (__fini_array_start = .)
 *(SORT_BY_NAME(.fini_array.*))
 *(.fini_array*)
 .fini_array    0x0000000008002dc0        0x4 c:/st/stm32cubeide_1.6.1/stm32cubeide/plugins/com.st.stm32cube.ide.mcu.externaltools.gnu-tools-for-stm32.10.3-2021.10.win32_1.0.0.202111181127/tools/bin/../lib/gcc/arm-none-eabi/10.3.1/thumb/v6-m/nofp/crtbegin.o
                [!provide]                        PROVIDE (__fini_array_end = .)
                0x0000000008002dc4                . = ALIGN (0x4)
                0x0000000008002dc4                _sidata = LOADADDR (.data)

.data           0x0000000020000000       0x6c load address 0x0000000008002dc4
                0x0000000020000000                . = ALIGN (0x4)
                0x0000000020000000                _sdata = .
 *(.data)
 *(.data*)
 .data.SystemCoreClock
                0x0000000020000000        0x4 ./Core/Src/system_g031.o
                0x0000000020000000                SystemCoreClock
 .data.PageSize
                0x0000000020000004        0x2 ./Core/Src/ymodem.o
                0x0000000020000004                PageSize
 .data.FLASHStatus
                0x0000000020000006        0x1 ./Core/Src/ymodem.o
                0x0000000020000006                FLASHStatus
 *fill*         0x0000000020000007        0x1 
 .data._impure_ptr
                0x0000000020000008        0x4 c:/st/stm32cubeide_1.6.1/stm32cubeide/plugins/com.st.stm32cube.ide.mcu.externaltools.gnu-tools-for-stm32.10.3-2021.10.win32_1.0.0.202111181127/tools/bin/../lib/gcc/arm-none-eabi/10.3.1/../../../../arm-none-eabi/lib/thumb/v6-m/nofp\libc_nano.a(lib_a-impure.o)
                0x0000000020000008                _impure_ptr
 .data.impure_data
                0x000000002000000c       0x60 c:/st/stm32cubeide_1.6.1/stm32cubeide/plugins/com.st.stm32cube.ide.mcu.externaltools.gnu-tools-for-stm32.10.3-2021.10.win32_1.0.0.202111181127/tools/bin/../lib/gcc/arm-none-eabi/10.3.1/../../../../arm-none-eabi/lib/thumb/v6-m/nofp\libc_nano.a(lib_a-impure.o)
 *(.RamFunc)
 *(.RamFunc*)
                0x000000002000006c                . = ALIGN (0x4)
                0x000000002000006c                _edata = .

.igot.plt       0x000000002000006c        0x0 load address 0x0000000008002e30
 .igot.plt      0x000000002000006c        0x0 c:/st/stm32cubeide_1.6.1/stm32cubeide/plugins/com.st.stm32cube.ide.mcu.externaltools.gnu-tools-for-stm32.10.3-2021.10.win32_1.0.0.202111181127/tools/bin/../lib/gcc/arm-none-eabi/10.3.1/thumb/v6-m/nofp/crtbegin.o
                0x000000002000006c                . = ALIGN (0x4)

.bss            0x000000002000006c      0x9a0 load address 0x0000000008002e30
                0x000000002000006c                _sbss = .
                0x000000002000006c                __bss_start__ = _sbss
 *(.bss)
 .bss           0x000000002000006c       0x1c c:/st/stm32cubeide_1.6.1/stm32cubeide/plugins/com.st.stm32cube.ide.mcu.externaltools.gnu-tools-for-stm32.10.3-2021.10.win32_1.0.0.202111181127/tools/bin/../lib/gcc/arm-none-eabi/10.3.1/thumb/v6-m/nofp/crtbegin.o
 *(.bss*)
 .bss.boot_inf  0x0000000020000088       0x40 ./Core/Src/download.o
                0x0000000020000088                boot_inf
 .bss.tab_1024  0x00000000200000c8      0x400 ./Core/Src/download.o
                0x00000000200000c8                tab_1024
 .bss.ulMiliCount
                0x00000000200004c8        0x4 ./Core/Src/main.o
                0x00000000200004c8                ulMiliCount
 .bss.ulSecCount
                0x00000000200004cc        0x4 ./Core/Src/main.o
                0x00000000200004cc                ulSecCount
 .bss.ulTickCount
                0x00000000200004d0        0x4 ./Core/Src/main.o
 .bss.lastSendData
                0x00000000200004d4        0x4 ./Core/Src/main.o
 .bss.Jump_To_Application
                0x00000000200004d8        0x4 ./Core/Src/mainTask.o
                0x00000000200004d8                Jump_To_Application
 .bss.FlashProtection
                0x00000000200004dc        0x4 ./Core/Src/mainTask.o
                0x00000000200004dc                FlashProtection
 .bss.__sbrk_heap_end
                0x00000000200004e0        0x4 ./Core/Src/sysmem.o
 .bss.xfunc_out
                0x00000000200004e4        0x4 ./Core/Src/xprintf.o
                0x00000000200004e4                xfunc_out
 .bss.outptr    0x00000000200004e8        0x4 ./Core/Src/xprintf.o
 .bss.file_name
                0x00000000200004ec      0x100 ./Core/Src/ymodem.o
                0x00000000200004ec                file_name
 .bss.EraseCounter
                0x00000000200005ec        0x4 ./Core/Src/ymodem.o
                0x00000000200005ec                EraseCounter
 .bss.NbrOfPage
                0x00000000200005f0        0x4 ./Core/Src/ymodem.o
                0x00000000200005f0                NbrOfPage
 .bss.RamSource
                0x00000000200005f4        0x4 ./Core/Src/ymodem.o
                0x00000000200005f4                RamSource
 .bss.packet_data
                0x00000000200005f8      0x405 ./Core/Src/ymodem.o
                0x00000000200005f8                packet_data
 .bss.__lock___malloc_recursive_mutex
                0x00000000200009fd        0x1 c:/st/stm32cubeide_1.6.1/stm32cubeide/plugins/com.st.stm32cube.ide.mcu.externaltools.gnu-tools-for-stm32.10.3-2021.10.win32_1.0.0.202111181127/tools/bin/../lib/gcc/arm-none-eabi/10.3.1/../../../../arm-none-eabi/lib/thumb/v6-m/nofp\libc_nano.a(lib_a-lock.o)
                0x00000000200009fd                __lock___malloc_recursive_mutex
 .bss.__lock___sfp_recursive_mutex
                0x00000000200009fe        0x1 c:/st/stm32cubeide_1.6.1/stm32cubeide/plugins/com.st.stm32cube.ide.mcu.externaltools.gnu-tools-for-stm32.10.3-2021.10.win32_1.0.0.202111181127/tools/bin/../lib/gcc/arm-none-eabi/10.3.1/../../../../arm-none-eabi/lib/thumb/v6-m/nofp\libc_nano.a(lib_a-lock.o)
                0x00000000200009fe                __lock___sfp_recursive_mutex
 .bss.__lock___sinit_recursive_mutex
                0x00000000200009ff        0x1 c:/st/stm32cubeide_1.6.1/stm32cubeide/plugins/com.st.stm32cube.ide.mcu.externaltools.gnu-tools-for-stm32.10.3-2021.10.win32_1.0.0.202111181127/tools/bin/../lib/gcc/arm-none-eabi/10.3.1/../../../../arm-none-eabi/lib/thumb/v6-m/nofp\libc_nano.a(lib_a-lock.o)
                0x00000000200009ff                __lock___sinit_recursive_mutex
 .bss.__malloc_free_list
                0x0000000020000a00        0x4 c:/st/stm32cubeide_1.6.1/stm32cubeide/plugins/com.st.stm32cube.ide.mcu.externaltools.gnu-tools-for-stm32.10.3-2021.10.win32_1.0.0.202111181127/tools/bin/../lib/gcc/arm-none-eabi/10.3.1/../../../../arm-none-eabi/lib/thumb/v6-m/nofp\libc_nano.a(lib_a-nano-mallocr.o)
                0x0000000020000a00                __malloc_free_list
 .bss.__malloc_sbrk_start
                0x0000000020000a04        0x4 c:/st/stm32cubeide_1.6.1/stm32cubeide/plugins/com.st.stm32cube.ide.mcu.externaltools.gnu-tools-for-stm32.10.3-2021.10.win32_1.0.0.202111181127/tools/bin/../lib/gcc/arm-none-eabi/10.3.1/../../../../arm-none-eabi/lib/thumb/v6-m/nofp\libc_nano.a(lib_a-nano-mallocr.o)
                0x0000000020000a04                __malloc_sbrk_start
 .bss.errno     0x0000000020000a08        0x4 c:/st/stm32cubeide_1.6.1/stm32cubeide/plugins/com.st.stm32cube.ide.mcu.externaltools.gnu-tools-for-stm32.10.3-2021.10.win32_1.0.0.202111181127/tools/bin/../lib/gcc/arm-none-eabi/10.3.1/../../../../arm-none-eabi/lib/thumb/v6-m/nofp\libc_nano.a(lib_a-reent.o)
                0x0000000020000a08                errno
 *(COMMON)
                0x0000000020000a0c                . = ALIGN (0x4)
                0x0000000020000a0c                _ebss = .
                0x0000000020000a0c                __bss_end__ = _ebss

._user_heap_stack
                0x0000000020000a0c      0x604 load address 0x0000000008002e30
                0x0000000020000a10                . = ALIGN (0x8)
 *fill*         0x0000000020000a0c        0x4 
                [!provide]                        PROVIDE (end = .)
                0x0000000020000a10                PROVIDE (_end = .)
                0x0000000020000c10                . = (. + _Min_Heap_Size)
 *fill*         0x0000000020000a10      0x200 
                0x0000000020001010                . = (. + _Min_Stack_Size)
 *fill*         0x0000000020000c10      0x400 
                0x0000000020001010                . = ALIGN (0x8)

/DISCARD/
 libc.a(*)
 libm.a(*)
 libgcc.a(*)

.ARM.attributes
                0x0000000000000000       0x28
 *(.ARM.attributes)
 .ARM.attributes
                0x0000000000000000       0x1e c:/st/stm32cubeide_1.6.1/stm32cubeide/plugins/com.st.stm32cube.ide.mcu.externaltools.gnu-tools-for-stm32.10.3-2021.10.win32_1.0.0.202111181127/tools/bin/../lib/gcc/arm-none-eabi/10.3.1/thumb/v6-m/nofp/crti.o
 .ARM.attributes
                0x000000000000001e       0x2c c:/st/stm32cubeide_1.6.1/stm32cubeide/plugins/com.st.stm32cube.ide.mcu.externaltools.gnu-tools-for-stm32.10.3-2021.10.win32_1.0.0.202111181127/tools/bin/../lib/gcc/arm-none-eabi/10.3.1/thumb/v6-m/nofp/crtbegin.o
 .ARM.attributes
                0x000000000000004a       0x2c ./Core/Src/common.o
 .ARM.attributes
                0x0000000000000076       0x2c ./Core/Src/download.o
 .ARM.attributes
                0x00000000000000a2       0x2c ./Core/Src/dvr_crc.o
 .ARM.attributes
                0x00000000000000ce       0x2c ./Core/Src/dvr_flash.o
 .ARM.attributes
                0x00000000000000fa       0x2c ./Core/Src/dvr_uart.o
 .ARM.attributes
                0x0000000000000126       0x2c ./Core/Src/main.o
 .ARM.attributes
                0x0000000000000152       0x2c ./Core/Src/mainTask.o
 .ARM.attributes
                0x000000000000017e       0x2c ./Core/Src/syscalls.o
 .ARM.attributes
                0x00000000000001aa       0x2c ./Core/Src/sysmem.o
 .ARM.attributes
                0x00000000000001d6       0x2c ./Core/Src/system_g031.o
 .ARM.attributes
                0x0000000000000202       0x2c ./Core/Src/xprintf.o
 .ARM.attributes
                0x000000000000022e       0x2c ./Core/Src/ymodem.o
 .ARM.attributes
                0x000000000000025a       0x22 ./Core/Startup/startup_stm32g031c8tx.o
 .ARM.attributes
                0x000000000000027c       0x2c c:/st/stm32cubeide_1.6.1/stm32cubeide/plugins/com.st.stm32cube.ide.mcu.externaltools.gnu-tools-for-stm32.10.3-2021.10.win32_1.0.0.202111181127/tools/bin/../lib/gcc/arm-none-eabi/10.3.1/../../../../arm-none-eabi/lib/thumb/v6-m/nofp\libc_nano.a(lib_a-errno.o)
 .ARM.attributes
                0x00000000000002a8       0x2c c:/st/stm32cubeide_1.6.1/stm32cubeide/plugins/com.st.stm32cube.ide.mcu.externaltools.gnu-tools-for-stm32.10.3-2021.10.win32_1.0.0.202111181127/tools/bin/../lib/gcc/arm-none-eabi/10.3.1/../../../../arm-none-eabi/lib/thumb/v6-m/nofp\libc_nano.a(lib_a-impure.o)
 .ARM.attributes
                0x00000000000002d4       0x2c c:/st/stm32cubeide_1.6.1/stm32cubeide/plugins/com.st.stm32cube.ide.mcu.externaltools.gnu-tools-for-stm32.10.3-2021.10.win32_1.0.0.202111181127/tools/bin/../lib/gcc/arm-none-eabi/10.3.1/../../../../arm-none-eabi/lib/thumb/v6-m/nofp\libc_nano.a(lib_a-init.o)
 .ARM.attributes
                0x0000000000000300       0x2c c:/st/stm32cubeide_1.6.1/stm32cubeide/plugins/com.st.stm32cube.ide.mcu.externaltools.gnu-tools-for-stm32.10.3-2021.10.win32_1.0.0.202111181127/tools/bin/../lib/gcc/arm-none-eabi/10.3.1/../../../../arm-none-eabi/lib/thumb/v6-m/nofp\libc_nano.a(lib_a-memcpy-stub.o)
 .ARM.attributes
                0x000000000000032c       0x2c c:/st/stm32cubeide_1.6.1/stm32cubeide/plugins/com.st.stm32cube.ide.mcu.externaltools.gnu-tools-for-stm32.10.3-2021.10.win32_1.0.0.202111181127/tools/bin/../lib/gcc/arm-none-eabi/10.3.1/../../../../arm-none-eabi/lib/thumb/v6-m/nofp\libc_nano.a(lib_a-memset.o)
 .ARM.attributes
                0x0000000000000358       0x2c c:/st/stm32cubeide_1.6.1/stm32cubeide/plugins/com.st.stm32cube.ide.mcu.externaltools.gnu-tools-for-stm32.10.3-2021.10.win32_1.0.0.202111181127/tools/bin/../lib/gcc/arm-none-eabi/10.3.1/../../../../arm-none-eabi/lib/thumb/v6-m/nofp\libc_nano.a(lib_a-printf.o)
 .ARM.attributes
                0x0000000000000384       0x2c c:/st/stm32cubeide_1.6.1/stm32cubeide/plugins/com.st.stm32cube.ide.mcu.externaltools.gnu-tools-for-stm32.10.3-2021.10.win32_1.0.0.202111181127/tools/bin/../lib/gcc/arm-none-eabi/10.3.1/../../../../arm-none-eabi/lib/thumb/v6-m/nofp\libc_nano.a(lib_a-findfp.o)
 .ARM.attributes
                0x00000000000003b0       0x2c c:/st/stm32cubeide_1.6.1/stm32cubeide/plugins/com.st.stm32cube.ide.mcu.externaltools.gnu-tools-for-stm32.10.3-2021.10.win32_1.0.0.202111181127/tools/bin/../lib/gcc/arm-none-eabi/10.3.1/../../../../arm-none-eabi/lib/thumb/v6-m/nofp\libc_nano.a(lib_a-fwalk.o)
 .ARM.attributes
                0x00000000000003dc       0x2c c:/st/stm32cubeide_1.6.1/stm32cubeide/plugins/com.st.stm32cube.ide.mcu.externaltools.gnu-tools-for-stm32.10.3-2021.10.win32_1.0.0.202111181127/tools/bin/../lib/gcc/arm-none-eabi/10.3.1/../../../../arm-none-eabi/lib/thumb/v6-m/nofp\libc_nano.a(lib_a-lock.o)
 .ARM.attributes
                0x0000000000000408       0x2c c:/st/stm32cubeide_1.6.1/stm32cubeide/plugins/com.st.stm32cube.ide.mcu.externaltools.gnu-tools-for-stm32.10.3-2021.10.win32_1.0.0.202111181127/tools/bin/../lib/gcc/arm-none-eabi/10.3.1/../../../../arm-none-eabi/lib/thumb/v6-m/nofp\libc_nano.a(lib_a-nano-mallocr.o)
 .ARM.attributes
                0x0000000000000434       0x2c c:/st/stm32cubeide_1.6.1/stm32cubeide/plugins/com.st.stm32cube.ide.mcu.externaltools.gnu-tools-for-stm32.10.3-2021.10.win32_1.0.0.202111181127/tools/bin/../lib/gcc/arm-none-eabi/10.3.1/../../../../arm-none-eabi/lib/thumb/v6-m/nofp\libc_nano.a(lib_a-nano-vfprintf.o)
 .ARM.attributes
                0x0000000000000460       0x2c c:/st/stm32cubeide_1.6.1/stm32cubeide/plugins/com.st.stm32cube.ide.mcu.externaltools.gnu-tools-for-stm32.10.3-2021.10.win32_1.0.0.202111181127/tools/bin/../lib/gcc/arm-none-eabi/10.3.1/../../../../arm-none-eabi/lib/thumb/v6-m/nofp\libc_nano.a(lib_a-nano-vfprintf_i.o)
 .ARM.attributes
                0x000000000000048c       0x2c c:/st/stm32cubeide_1.6.1/stm32cubeide/plugins/com.st.stm32cube.ide.mcu.externaltools.gnu-tools-for-stm32.10.3-2021.10.win32_1.0.0.202111181127/tools/bin/../lib/gcc/arm-none-eabi/10.3.1/../../../../arm-none-eabi/lib/thumb/v6-m/nofp\libc_nano.a(lib_a-sbrkr.o)
 .ARM.attributes
                0x00000000000004b8       0x2c c:/st/stm32cubeide_1.6.1/stm32cubeide/plugins/com.st.stm32cube.ide.mcu.externaltools.gnu-tools-for-stm32.10.3-2021.10.win32_1.0.0.202111181127/tools/bin/../lib/gcc/arm-none-eabi/10.3.1/../../../../arm-none-eabi/lib/thumb/v6-m/nofp\libc_nano.a(lib_a-stdio.o)
 .ARM.attributes
                0x00000000000004e4       0x2c c:/st/stm32cubeide_1.6.1/stm32cubeide/plugins/com.st.stm32cube.ide.mcu.externaltools.gnu-tools-for-stm32.10.3-2021.10.win32_1.0.0.202111181127/tools/bin/../lib/gcc/arm-none-eabi/10.3.1/../../../../arm-none-eabi/lib/thumb/v6-m/nofp\libc_nano.a(lib_a-wbuf.o)
 .ARM.attributes
                0x0000000000000510       0x2c c:/st/stm32cubeide_1.6.1/stm32cubeide/plugins/com.st.stm32cube.ide.mcu.externaltools.gnu-tools-for-stm32.10.3-2021.10.win32_1.0.0.202111181127/tools/bin/../lib/gcc/arm-none-eabi/10.3.1/../../../../arm-none-eabi/lib/thumb/v6-m/nofp\libc_nano.a(lib_a-writer.o)
 .ARM.attributes
                0x000000000000053c       0x2c c:/st/stm32cubeide_1.6.1/stm32cubeide/plugins/com.st.stm32cube.ide.mcu.externaltools.gnu-tools-for-stm32.10.3-2021.10.win32_1.0.0.202111181127/tools/bin/../lib/gcc/arm-none-eabi/10.3.1/../../../../arm-none-eabi/lib/thumb/v6-m/nofp\libc_nano.a(lib_a-wsetup.o)
 .ARM.attributes
                0x0000000000000568       0x2c c:/st/stm32cubeide_1.6.1/stm32cubeide/plugins/com.st.stm32cube.ide.mcu.externaltools.gnu-tools-for-stm32.10.3-2021.10.win32_1.0.0.202111181127/tools/bin/../lib/gcc/arm-none-eabi/10.3.1/../../../../arm-none-eabi/lib/thumb/v6-m/nofp\libc_nano.a(lib_a-closer.o)
 .ARM.attributes
                0x0000000000000594       0x2c c:/st/stm32cubeide_1.6.1/stm32cubeide/plugins/com.st.stm32cube.ide.mcu.externaltools.gnu-tools-for-stm32.10.3-2021.10.win32_1.0.0.202111181127/tools/bin/../lib/gcc/arm-none-eabi/10.3.1/../../../../arm-none-eabi/lib/thumb/v6-m/nofp\libc_nano.a(lib_a-fflush.o)
 .ARM.attributes
                0x00000000000005c0       0x2c c:/st/stm32cubeide_1.6.1/stm32cubeide/plugins/com.st.stm32cube.ide.mcu.externaltools.gnu-tools-for-stm32.10.3-2021.10.win32_1.0.0.202111181127/tools/bin/../lib/gcc/arm-none-eabi/10.3.1/../../../../arm-none-eabi/lib/thumb/v6-m/nofp\libc_nano.a(lib_a-lseekr.o)
 .ARM.attributes
                0x00000000000005ec       0x2c c:/st/stm32cubeide_1.6.1/stm32cubeide/plugins/com.st.stm32cube.ide.mcu.externaltools.gnu-tools-for-stm32.10.3-2021.10.win32_1.0.0.202111181127/tools/bin/../lib/gcc/arm-none-eabi/10.3.1/../../../../arm-none-eabi/lib/thumb/v6-m/nofp\libc_nano.a(lib_a-makebuf.o)
 .ARM.attributes
                0x0000000000000618       0x2c c:/st/stm32cubeide_1.6.1/stm32cubeide/plugins/com.st.stm32cube.ide.mcu.externaltools.gnu-tools-for-stm32.10.3-2021.10.win32_1.0.0.202111181127/tools/bin/../lib/gcc/arm-none-eabi/10.3.1/../../../../arm-none-eabi/lib/thumb/v6-m/nofp\libc_nano.a(lib_a-memchr-stub.o)
 .ARM.attributes
                0x0000000000000644       0x2c c:/st/stm32cubeide_1.6.1/stm32cubeide/plugins/com.st.stm32cube.ide.mcu.externaltools.gnu-tools-for-stm32.10.3-2021.10.win32_1.0.0.202111181127/tools/bin/../lib/gcc/arm-none-eabi/10.3.1/../../../../arm-none-eabi/lib/thumb/v6-m/nofp\libc_nano.a(lib_a-mlock.o)
 .ARM.attributes
                0x0000000000000670       0x2c c:/st/stm32cubeide_1.6.1/stm32cubeide/plugins/com.st.stm32cube.ide.mcu.externaltools.gnu-tools-for-stm32.10.3-2021.10.win32_1.0.0.202111181127/tools/bin/../lib/gcc/arm-none-eabi/10.3.1/../../../../arm-none-eabi/lib/thumb/v6-m/nofp\libc_nano.a(lib_a-nano-freer.o)
 .ARM.attributes
                0x000000000000069c       0x2c c:/st/stm32cubeide_1.6.1/stm32cubeide/plugins/com.st.stm32cube.ide.mcu.externaltools.gnu-tools-for-stm32.10.3-2021.10.win32_1.0.0.202111181127/tools/bin/../lib/gcc/arm-none-eabi/10.3.1/../../../../arm-none-eabi/lib/thumb/v6-m/nofp\libc_nano.a(lib_a-readr.o)
 .ARM.attributes
                0x00000000000006c8       0x2c c:/st/stm32cubeide_1.6.1/stm32cubeide/plugins/com.st.stm32cube.ide.mcu.externaltools.gnu-tools-for-stm32.10.3-2021.10.win32_1.0.0.202111181127/tools/bin/../lib/gcc/arm-none-eabi/10.3.1/../../../../arm-none-eabi/lib/thumb/v6-m/nofp\libc_nano.a(lib_a-reent.o)
 .ARM.attributes
                0x00000000000006f4       0x2c c:/st/stm32cubeide_1.6.1/stm32cubeide/plugins/com.st.stm32cube.ide.mcu.externaltools.gnu-tools-for-stm32.10.3-2021.10.win32_1.0.0.202111181127/tools/bin/../lib/gcc/arm-none-eabi/10.3.1/../../../../arm-none-eabi/lib/thumb/v6-m/nofp\libc_nano.a(lib_a-fstatr.o)
 .ARM.attributes
                0x0000000000000720       0x2c c:/st/stm32cubeide_1.6.1/stm32cubeide/plugins/com.st.stm32cube.ide.mcu.externaltools.gnu-tools-for-stm32.10.3-2021.10.win32_1.0.0.202111181127/tools/bin/../lib/gcc/arm-none-eabi/10.3.1/../../../../arm-none-eabi/lib/thumb/v6-m/nofp\libc_nano.a(lib_a-isattyr.o)
 .ARM.attributes
                0x000000000000074c       0x1e c:/st/stm32cubeide_1.6.1/stm32cubeide/plugins/com.st.stm32cube.ide.mcu.externaltools.gnu-tools-for-stm32.10.3-2021.10.win32_1.0.0.202111181127/tools/bin/../lib/gcc/arm-none-eabi/10.3.1/thumb/v6-m/nofp\libgcc.a(_thumb1_case_shi.o)
 .ARM.attributes
                0x000000000000076a       0x1e c:/st/stm32cubeide_1.6.1/stm32cubeide/plugins/com.st.stm32cube.ide.mcu.externaltools.gnu-tools-for-stm32.10.3-2021.10.win32_1.0.0.202111181127/tools/bin/../lib/gcc/arm-none-eabi/10.3.1/thumb/v6-m/nofp\libgcc.a(_udivsi3.o)
 .ARM.attributes
                0x0000000000000788       0x1e c:/st/stm32cubeide_1.6.1/stm32cubeide/plugins/com.st.stm32cube.ide.mcu.externaltools.gnu-tools-for-stm32.10.3-2021.10.win32_1.0.0.202111181127/tools/bin/../lib/gcc/arm-none-eabi/10.3.1/thumb/v6-m/nofp\libgcc.a(_dvmd_tls.o)
 .ARM.attributes
                0x00000000000007a6       0x1e c:/st/stm32cubeide_1.6.1/stm32cubeide/plugins/com.st.stm32cube.ide.mcu.externaltools.gnu-tools-for-stm32.10.3-2021.10.win32_1.0.0.202111181127/tools/bin/../lib/gcc/arm-none-eabi/10.3.1/thumb/v6-m/nofp/crtn.o
OUTPUT(g031_oilSensor_SBL.elf elf32-littlearm)
LOAD linker stubs
LOAD c:/st/stm32cubeide_1.6.1/stm32cubeide/plugins/com.st.stm32cube.ide.mcu.externaltools.gnu-tools-for-stm32.10.3-2021.10.win32_1.0.0.202111181127/tools/bin/../lib/gcc/arm-none-eabi/10.3.1/../../../../arm-none-eabi/lib/thumb/v6-m/nofp\libc.a
LOAD c:/st/stm32cubeide_1.6.1/stm32cubeide/plugins/com.st.stm32cube.ide.mcu.externaltools.gnu-tools-for-stm32.10.3-2021.10.win32_1.0.0.202111181127/tools/bin/../lib/gcc/arm-none-eabi/10.3.1/../../../../arm-none-eabi/lib/thumb/v6-m/nofp\libm.a
LOAD c:/st/stm32cubeide_1.6.1/stm32cubeide/plugins/com.st.stm32cube.ide.mcu.externaltools.gnu-tools-for-stm32.10.3-2021.10.win32_1.0.0.202111181127/tools/bin/../lib/gcc/arm-none-eabi/10.3.1/thumb/v6-m/nofp\libgcc.a

.debug_info     0x0000000000000000     0x3603
 .debug_info    0x0000000000000000      0x4f6 ./Core/Src/common.o
 .debug_info    0x00000000000004f6      0x276 ./Core/Src/download.o
 .debug_info    0x000000000000076c      0x36a ./Core/Src/dvr_crc.o
 .debug_info    0x0000000000000ad6      0x549 ./Core/Src/dvr_flash.o
 .debug_info    0x000000000000101f      0x5ee ./Core/Src/dvr_uart.o
 .debug_info    0x000000000000160d      0x1d4 ./Core/Src/main.o
 .debug_info    0x00000000000017e1      0x540 ./Core/Src/mainTask.o
 .debug_info    0x0000000000001d21      0x6e0 ./Core/Src/syscalls.o
 .debug_info    0x0000000000002401      0x171 ./Core/Src/sysmem.o
 .debug_info    0x0000000000002572      0x6e4 ./Core/Src/system_g031.o
 .debug_info    0x0000000000002c56      0x3a5 ./Core/Src/xprintf.o
 .debug_info    0x0000000000002ffb      0x5e6 ./Core/Src/ymodem.o
 .debug_info    0x00000000000035e1       0x22 ./Core/Startup/startup_stm32g031c8tx.o

.debug_abbrev   0x0000000000000000     0x1358
 .debug_abbrev  0x0000000000000000      0x1f3 ./Core/Src/common.o
 .debug_abbrev  0x00000000000001f3      0x138 ./Core/Src/download.o
 .debug_abbrev  0x000000000000032b      0x14f ./Core/Src/dvr_crc.o
 .debug_abbrev  0x000000000000047a      0x1c8 ./Core/Src/dvr_flash.o
 .debug_abbrev  0x0000000000000642      0x1d3 ./Core/Src/dvr_uart.o
 .debug_abbrev  0x0000000000000815      0x126 ./Core/Src/main.o
 .debug_abbrev  0x000000000000093b      0x202 ./Core/Src/mainTask.o
 .debug_abbrev  0x0000000000000b3d      0x1b3 ./Core/Src/syscalls.o
 .debug_abbrev  0x0000000000000cf0       0xbb ./Core/Src/sysmem.o
 .debug_abbrev  0x0000000000000dab      0x219 ./Core/Src/system_g031.o
 .debug_abbrev  0x0000000000000fc4      0x151 ./Core/Src/xprintf.o
 .debug_abbrev  0x0000000000001115      0x231 ./Core/Src/ymodem.o
 .debug_abbrev  0x0000000000001346       0x12 ./Core/Startup/startup_stm32g031c8tx.o

.debug_aranges  0x0000000000000000      0x3e0
 .debug_aranges
                0x0000000000000000       0x48 ./Core/Src/common.o
 .debug_aranges
                0x0000000000000048       0x20 ./Core/Src/download.o
 .debug_aranges
                0x0000000000000068       0x50 ./Core/Src/dvr_crc.o
 .debug_aranges
                0x00000000000000b8       0x98 ./Core/Src/dvr_flash.o
 .debug_aranges
                0x0000000000000150       0x58 ./Core/Src/dvr_uart.o
 .debug_aranges
                0x00000000000001a8       0x30 ./Core/Src/main.o
 .debug_aranges
                0x00000000000001d8       0x28 ./Core/Src/mainTask.o
 .debug_aranges
                0x0000000000000200       0xa8 ./Core/Src/syscalls.o
 .debug_aranges
                0x00000000000002a8       0x20 ./Core/Src/sysmem.o
 .debug_aranges
                0x00000000000002c8       0x50 ./Core/Src/system_g031.o
 .debug_aranges
                0x0000000000000318       0x58 ./Core/Src/xprintf.o
 .debug_aranges
                0x0000000000000370       0x48 ./Core/Src/ymodem.o
 .debug_aranges
                0x00000000000003b8       0x28 ./Core/Startup/startup_stm32g031c8tx.o

.debug_ranges   0x0000000000000000      0x330
 .debug_ranges  0x0000000000000000       0x38 ./Core/Src/common.o
 .debug_ranges  0x0000000000000038       0x10 ./Core/Src/download.o
 .debug_ranges  0x0000000000000048       0x40 ./Core/Src/dvr_crc.o
 .debug_ranges  0x0000000000000088       0x88 ./Core/Src/dvr_flash.o
 .debug_ranges  0x0000000000000110       0x48 ./Core/Src/dvr_uart.o
 .debug_ranges  0x0000000000000158       0x20 ./Core/Src/main.o
 .debug_ranges  0x0000000000000178       0x18 ./Core/Src/mainTask.o
 .debug_ranges  0x0000000000000190       0x98 ./Core/Src/syscalls.o
 .debug_ranges  0x0000000000000228       0x10 ./Core/Src/sysmem.o
 .debug_ranges  0x0000000000000238       0x40 ./Core/Src/system_g031.o
 .debug_ranges  0x0000000000000278       0x48 ./Core/Src/xprintf.o
 .debug_ranges  0x00000000000002c0       0x50 ./Core/Src/ymodem.o
 .debug_ranges  0x0000000000000310       0x20 ./Core/Startup/startup_stm32g031c8tx.o

.debug_macro    0x0000000000000000     0xf2b5
 .debug_macro   0x0000000000000000      0x283 ./Core/Src/common.o
 .debug_macro   0x0000000000000283      0xa48 ./Core/Src/common.o
 .debug_macro   0x0000000000000ccb       0x22 ./Core/Src/common.o
 .debug_macro   0x0000000000000ced       0x4c ./Core/Src/common.o
 .debug_macro   0x0000000000000d39       0x18 ./Core/Src/common.o
 .debug_macro   0x0000000000000d51       0x94 ./Core/Src/common.o
 .debug_macro   0x0000000000000de5       0x3c ./Core/Src/common.o
 .debug_macro   0x0000000000000e21       0x34 ./Core/Src/common.o
 .debug_macro   0x0000000000000e55       0x16 ./Core/Src/common.o
 .debug_macro   0x0000000000000e6b       0x57 ./Core/Src/common.o
 .debug_macro   0x0000000000000ec2       0x97 ./Core/Src/common.o
 .debug_macro   0x0000000000000f59      0x341 ./Core/Src/common.o
 .debug_macro   0x000000000000129a       0xfd ./Core/Src/common.o
 .debug_macro   0x0000000000001397       0x10 ./Core/Src/common.o
 .debug_macro   0x00000000000013a7       0x16 ./Core/Src/common.o
 .debug_macro   0x00000000000013bd       0x43 ./Core/Src/common.o
 .debug_macro   0x0000000000001400       0x34 ./Core/Src/common.o
 .debug_macro   0x0000000000001434       0x10 ./Core/Src/common.o
 .debug_macro   0x0000000000001444       0x58 ./Core/Src/common.o
 .debug_macro   0x000000000000149c       0x71 ./Core/Src/common.o
 .debug_macro   0x000000000000150d       0x1c ./Core/Src/common.o
 .debug_macro   0x0000000000001529      0x12a ./Core/Src/common.o
 .debug_macro   0x0000000000001653       0x10 ./Core/Src/common.o
 .debug_macro   0x0000000000001663       0x6a ./Core/Src/common.o
 .debug_macro   0x00000000000016cd       0x1c ./Core/Src/common.o
 .debug_macro   0x00000000000016e9       0x52 ./Core/Src/common.o
 .debug_macro   0x000000000000173b       0x22 ./Core/Src/common.o
 .debug_macro   0x000000000000175d       0x10 ./Core/Src/common.o
 .debug_macro   0x000000000000176d       0x52 ./Core/Src/common.o
 .debug_macro   0x00000000000017bf       0xd5 ./Core/Src/common.o
 .debug_macro   0x0000000000001894       0x1c ./Core/Src/common.o
 .debug_macro   0x00000000000018b0       0x3d ./Core/Src/common.o
 .debug_macro   0x00000000000018ed       0x16 ./Core/Src/common.o
 .debug_macro   0x0000000000001903      0x145 ./Core/Src/common.o
 .debug_macro   0x0000000000001a48      0x103 ./Core/Src/common.o
 .debug_macro   0x0000000000001b4b      0x1df ./Core/Src/common.o
 .debug_macro   0x0000000000001d2a       0x2e ./Core/Src/common.o
 .debug_macro   0x0000000000001d58       0x28 ./Core/Src/common.o
 .debug_macro   0x0000000000001d80       0x1c ./Core/Src/common.o
 .debug_macro   0x0000000000001d9c       0x22 ./Core/Src/common.o
 .debug_macro   0x0000000000001dbe       0xd1 ./Core/Src/common.o
 .debug_macro   0x0000000000001e8f      0x4da ./Core/Src/common.o
 .debug_macro   0x0000000000002369      0x11f ./Core/Src/common.o
 .debug_macro   0x0000000000002488     0xac09 ./Core/Src/common.o
 .debug_macro   0x000000000000d091       0x66 ./Core/Src/common.o
 .debug_macro   0x000000000000d0f7       0x70 ./Core/Src/common.o
 .debug_macro   0x000000000000d167       0x16 ./Core/Src/common.o
 .debug_macro   0x000000000000d17d       0x35 ./Core/Src/common.o
 .debug_macro   0x000000000000d1b2       0x20 ./Core/Src/common.o
 .debug_macro   0x000000000000d1d2       0x64 ./Core/Src/common.o
 .debug_macro   0x000000000000d236      0x291 ./Core/Src/download.o
 .debug_macro   0x000000000000d4c7       0x82 ./Core/Src/download.o
 .debug_macro   0x000000000000d549       0x3a ./Core/Src/download.o
 .debug_macro   0x000000000000d583       0xcd ./Core/Src/dvr_crc.o
 .debug_macro   0x000000000000d650      0x279 ./Core/Src/dvr_flash.o
 .debug_macro   0x000000000000d8c9      0x29b ./Core/Src/dvr_uart.o
 .debug_macro   0x000000000000db64       0x22 ./Core/Src/dvr_uart.o
 .debug_macro   0x000000000000db86       0x4c ./Core/Src/dvr_uart.o
 .debug_macro   0x000000000000dbd2      0x277 ./Core/Src/main.o
 .debug_macro   0x000000000000de49       0x16 ./Core/Src/main.o
 .debug_macro   0x000000000000de5f      0x2b7 ./Core/Src/mainTask.o
 .debug_macro   0x000000000000e116      0x24c ./Core/Src/syscalls.o
 .debug_macro   0x000000000000e362      0x174 ./Core/Src/syscalls.o
 .debug_macro   0x000000000000e4d6       0x10 ./Core/Src/syscalls.o
 .debug_macro   0x000000000000e4e6       0x10 ./Core/Src/syscalls.o
 .debug_macro   0x000000000000e4f6       0x10 ./Core/Src/syscalls.o
 .debug_macro   0x000000000000e506       0x35 ./Core/Src/syscalls.o
 .debug_macro   0x000000000000e53b      0x12c ./Core/Src/syscalls.o
 .debug_macro   0x000000000000e667       0x16 ./Core/Src/syscalls.o
 .debug_macro   0x000000000000e67d       0x16 ./Core/Src/syscalls.o
 .debug_macro   0x000000000000e693       0x29 ./Core/Src/syscalls.o
 .debug_macro   0x000000000000e6bc       0x10 ./Core/Src/syscalls.o
 .debug_macro   0x000000000000e6cc      0x241 ./Core/Src/syscalls.o
 .debug_macro   0x000000000000e90d       0x1c ./Core/Src/syscalls.o
 .debug_macro   0x000000000000e929       0x10 ./Core/Src/syscalls.o
 .debug_macro   0x000000000000e939      0x189 ./Core/Src/syscalls.o
 .debug_macro   0x000000000000eac2       0x16 ./Core/Src/syscalls.o
 .debug_macro   0x000000000000ead8       0xce ./Core/Src/syscalls.o
 .debug_macro   0x000000000000eba6       0xff ./Core/Src/sysmem.o
 .debug_macro   0x000000000000eca5      0x23b ./Core/Src/sysmem.o
 .debug_macro   0x000000000000eee0       0xd8 ./Core/Src/system_g031.o
 .debug_macro   0x000000000000efb8       0x23 ./Core/Src/xprintf.o
 .debug_macro   0x000000000000efdb       0x58 ./Core/Src/xprintf.o
 .debug_macro   0x000000000000f033      0x282 ./Core/Src/ymodem.o

.debug_line     0x0000000000000000     0x583a
 .debug_line    0x0000000000000000      0x848 ./Core/Src/common.o
 .debug_line    0x0000000000000848      0x710 ./Core/Src/download.o
 .debug_line    0x0000000000000f58      0x532 ./Core/Src/dvr_crc.o
 .debug_line    0x000000000000148a      0x963 ./Core/Src/dvr_flash.o
 .debug_line    0x0000000000001ded      0x7d9 ./Core/Src/dvr_uart.o
 .debug_line    0x00000000000025c6      0x704 ./Core/Src/main.o
 .debug_line    0x0000000000002cca      0x947 ./Core/Src/mainTask.o
 .debug_line    0x0000000000003611      0x7ef ./Core/Src/syscalls.o
 .debug_line    0x0000000000003e00      0x4e5 ./Core/Src/sysmem.o
 .debug_line    0x00000000000042e5      0x643 ./Core/Src/system_g031.o
 .debug_line    0x0000000000004928      0x4cf ./Core/Src/xprintf.o
 .debug_line    0x0000000000004df7      0x9ba ./Core/Src/ymodem.o
 .debug_line    0x00000000000057b1       0x89 ./Core/Startup/startup_stm32g031c8tx.o

.debug_str      0x0000000000000000    0x4bc42
 .debug_str     0x0000000000000000    0x49320 ./Core/Src/common.o
                                      0x49575 (size before relaxing)
 .debug_str     0x0000000000049320      0x2d9 ./Core/Src/download.o
                                      0x4966d (size before relaxing)
 .debug_str     0x00000000000495f9      0x12f ./Core/Src/dvr_crc.o
                                      0x44e76 (size before relaxing)
 .debug_str     0x0000000000049728      0x1c0 ./Core/Src/dvr_flash.o
                                      0x4958b (size before relaxing)
 .debug_str     0x00000000000498e8      0x41b ./Core/Src/dvr_uart.o
                                      0x4928a (size before relaxing)
 .debug_str     0x0000000000049d03       0xf5 ./Core/Src/main.o
                                      0x48b55 (size before relaxing)
 .debug_str     0x0000000000049df8      0x11d ./Core/Src/mainTask.o
                                      0x49809 (size before relaxing)
 .debug_str     0x0000000000049f15     0x1753 ./Core/Src/syscalls.o
                                       0x8968 (size before relaxing)
 .debug_str     0x000000000004b668       0x6b ./Core/Src/sysmem.o
                                       0x5ca4 (size before relaxing)
 .debug_str     0x000000000004b6d3      0x2bc ./Core/Src/system_g031.o
                                      0x451a1 (size before relaxing)
 .debug_str     0x000000000004b98f      0x132 ./Core/Src/xprintf.o
                                       0x2ea0 (size before relaxing)
 .debug_str     0x000000000004bac1      0x14b ./Core/Src/ymodem.o
                                      0x496b7 (size before relaxing)
 .debug_str     0x000000000004bc0c       0x36 ./Core/Startup/startup_stm32g031c8tx.o
                                         0x7b (size before relaxing)

.comment        0x0000000000000000       0x50
 .comment       0x0000000000000000       0x50 ./Core/Src/common.o
                                         0x51 (size before relaxing)
 .comment       0x0000000000000050       0x51 ./Core/Src/download.o
 .comment       0x0000000000000050       0x51 ./Core/Src/dvr_crc.o
 .comment       0x0000000000000050       0x51 ./Core/Src/dvr_flash.o
 .comment       0x0000000000000050       0x51 ./Core/Src/dvr_uart.o
 .comment       0x0000000000000050       0x51 ./Core/Src/main.o
 .comment       0x0000000000000050       0x51 ./Core/Src/mainTask.o
 .comment       0x0000000000000050       0x51 ./Core/Src/syscalls.o
 .comment       0x0000000000000050       0x51 ./Core/Src/sysmem.o
 .comment       0x0000000000000050       0x51 ./Core/Src/system_g031.o
 .comment       0x0000000000000050       0x51 ./Core/Src/xprintf.o
 .comment       0x0000000000000050       0x51 ./Core/Src/ymodem.o

.debug_frame    0x0000000000000000     0x1368
 .debug_frame   0x0000000000000000       0xd0 ./Core/Src/common.o
 .debug_frame   0x00000000000000d0       0x30 ./Core/Src/download.o
 .debug_frame   0x0000000000000100       0xe0 ./Core/Src/dvr_crc.o
 .debug_frame   0x00000000000001e0      0x204 ./Core/Src/dvr_flash.o
 .debug_frame   0x00000000000003e4      0x110 ./Core/Src/dvr_uart.o
 .debug_frame   0x00000000000004f4       0x68 ./Core/Src/main.o
 .debug_frame   0x000000000000055c       0x50 ./Core/Src/mainTask.o
 .debug_frame   0x00000000000005ac      0x244 ./Core/Src/syscalls.o
 .debug_frame   0x00000000000007f0       0x30 ./Core/Src/sysmem.o
 .debug_frame   0x0000000000000820       0xe0 ./Core/Src/system_g031.o
 .debug_frame   0x0000000000000900      0x110 ./Core/Src/xprintf.o
 .debug_frame   0x0000000000000a10       0xd4 ./Core/Src/ymodem.o
 .debug_frame   0x0000000000000ae4       0x20 c:/st/stm32cubeide_1.6.1/stm32cubeide/plugins/com.st.stm32cube.ide.mcu.externaltools.gnu-tools-for-stm32.10.3-2021.10.win32_1.0.0.202111181127/tools/bin/../lib/gcc/arm-none-eabi/10.3.1/../../../../arm-none-eabi/lib/thumb/v6-m/nofp\libc_nano.a(lib_a-errno.o)
 .debug_frame   0x0000000000000b04       0x2c c:/st/stm32cubeide_1.6.1/stm32cubeide/plugins/com.st.stm32cube.ide.mcu.externaltools.gnu-tools-for-stm32.10.3-2021.10.win32_1.0.0.202111181127/tools/bin/../lib/gcc/arm-none-eabi/10.3.1/../../../../arm-none-eabi/lib/thumb/v6-m/nofp\libc_nano.a(lib_a-init.o)
 .debug_frame   0x0000000000000b30       0x28 c:/st/stm32cubeide_1.6.1/stm32cubeide/plugins/com.st.stm32cube.ide.mcu.externaltools.gnu-tools-for-stm32.10.3-2021.10.win32_1.0.0.202111181127/tools/bin/../lib/gcc/arm-none-eabi/10.3.1/../../../../arm-none-eabi/lib/thumb/v6-m/nofp\libc_nano.a(lib_a-memcpy-stub.o)
 .debug_frame   0x0000000000000b58       0x20 c:/st/stm32cubeide_1.6.1/stm32cubeide/plugins/com.st.stm32cube.ide.mcu.externaltools.gnu-tools-for-stm32.10.3-2021.10.win32_1.0.0.202111181127/tools/bin/../lib/gcc/arm-none-eabi/10.3.1/../../../../arm-none-eabi/lib/thumb/v6-m/nofp\libc_nano.a(lib_a-memset.o)
 .debug_frame   0x0000000000000b78       0x50 c:/st/stm32cubeide_1.6.1/stm32cubeide/plugins/com.st.stm32cube.ide.mcu.externaltools.gnu-tools-for-stm32.10.3-2021.10.win32_1.0.0.202111181127/tools/bin/../lib/gcc/arm-none-eabi/10.3.1/../../../../arm-none-eabi/lib/thumb/v6-m/nofp\libc_nano.a(lib_a-printf.o)
 .debug_frame   0x0000000000000bc8      0x170 c:/st/stm32cubeide_1.6.1/stm32cubeide/plugins/com.st.stm32cube.ide.mcu.externaltools.gnu-tools-for-stm32.10.3-2021.10.win32_1.0.0.202111181127/tools/bin/../lib/gcc/arm-none-eabi/10.3.1/../../../../arm-none-eabi/lib/thumb/v6-m/nofp\libc_nano.a(lib_a-findfp.o)
 .debug_frame   0x0000000000000d38       0x58 c:/st/stm32cubeide_1.6.1/stm32cubeide/plugins/com.st.stm32cube.ide.mcu.externaltools.gnu-tools-for-stm32.10.3-2021.10.win32_1.0.0.202111181127/tools/bin/../lib/gcc/arm-none-eabi/10.3.1/../../../../arm-none-eabi/lib/thumb/v6-m/nofp\libc_nano.a(lib_a-fwalk.o)
 .debug_frame   0x0000000000000d90       0xb0 c:/st/stm32cubeide_1.6.1/stm32cubeide/plugins/com.st.stm32cube.ide.mcu.externaltools.gnu-tools-for-stm32.10.3-2021.10.win32_1.0.0.202111181127/tools/bin/../lib/gcc/arm-none-eabi/10.3.1/../../../../arm-none-eabi/lib/thumb/v6-m/nofp\libc_nano.a(lib_a-lock.o)
 .debug_frame   0x0000000000000e40       0x50 c:/st/stm32cubeide_1.6.1/stm32cubeide/plugins/com.st.stm32cube.ide.mcu.externaltools.gnu-tools-for-stm32.10.3-2021.10.win32_1.0.0.202111181127/tools/bin/../lib/gcc/arm-none-eabi/10.3.1/../../../../arm-none-eabi/lib/thumb/v6-m/nofp\libc_nano.a(lib_a-nano-mallocr.o)
 .debug_frame   0x0000000000000e90       0x9c c:/st/stm32cubeide_1.6.1/stm32cubeide/plugins/com.st.stm32cube.ide.mcu.externaltools.gnu-tools-for-stm32.10.3-2021.10.win32_1.0.0.202111181127/tools/bin/../lib/gcc/arm-none-eabi/10.3.1/../../../../arm-none-eabi/lib/thumb/v6-m/nofp\libc_nano.a(lib_a-nano-vfprintf.o)
 .debug_frame   0x0000000000000f2c       0x54 c:/st/stm32cubeide_1.6.1/stm32cubeide/plugins/com.st.stm32cube.ide.mcu.externaltools.gnu-tools-for-stm32.10.3-2021.10.win32_1.0.0.202111181127/tools/bin/../lib/gcc/arm-none-eabi/10.3.1/../../../../arm-none-eabi/lib/thumb/v6-m/nofp\libc_nano.a(lib_a-nano-vfprintf_i.o)
 .debug_frame   0x0000000000000f80       0x2c c:/st/stm32cubeide_1.6.1/stm32cubeide/plugins/com.st.stm32cube.ide.mcu.externaltools.gnu-tools-for-stm32.10.3-2021.10.win32_1.0.0.202111181127/tools/bin/../lib/gcc/arm-none-eabi/10.3.1/../../../../arm-none-eabi/lib/thumb/v6-m/nofp\libc_nano.a(lib_a-sbrkr.o)
 .debug_frame   0x0000000000000fac       0x90 c:/st/stm32cubeide_1.6.1/stm32cubeide/plugins/com.st.stm32cube.ide.mcu.externaltools.gnu-tools-for-stm32.10.3-2021.10.win32_1.0.0.202111181127/tools/bin/../lib/gcc/arm-none-eabi/10.3.1/../../../../arm-none-eabi/lib/thumb/v6-m/nofp\libc_nano.a(lib_a-stdio.o)
 .debug_frame   0x000000000000103c       0x48 c:/st/stm32cubeide_1.6.1/stm32cubeide/plugins/com.st.stm32cube.ide.mcu.externaltools.gnu-tools-for-stm32.10.3-2021.10.win32_1.0.0.202111181127/tools/bin/../lib/gcc/arm-none-eabi/10.3.1/../../../../arm-none-eabi/lib/thumb/v6-m/nofp\libc_nano.a(lib_a-wbuf.o)
 .debug_frame   0x0000000000001084       0x2c c:/st/stm32cubeide_1.6.1/stm32cubeide/plugins/com.st.stm32cube.ide.mcu.externaltools.gnu-tools-for-stm32.10.3-2021.10.win32_1.0.0.202111181127/tools/bin/../lib/gcc/arm-none-eabi/10.3.1/../../../../arm-none-eabi/lib/thumb/v6-m/nofp\libc_nano.a(lib_a-writer.o)
 .debug_frame   0x00000000000010b0       0x2c c:/st/stm32cubeide_1.6.1/stm32cubeide/plugins/com.st.stm32cube.ide.mcu.externaltools.gnu-tools-for-stm32.10.3-2021.10.win32_1.0.0.202111181127/tools/bin/../lib/gcc/arm-none-eabi/10.3.1/../../../../arm-none-eabi/lib/thumb/v6-m/nofp\libc_nano.a(lib_a-wsetup.o)
 .debug_frame   0x00000000000010dc       0x2c c:/st/stm32cubeide_1.6.1/stm32cubeide/plugins/com.st.stm32cube.ide.mcu.externaltools.gnu-tools-for-stm32.10.3-2021.10.win32_1.0.0.202111181127/tools/bin/../lib/gcc/arm-none-eabi/10.3.1/../../../../arm-none-eabi/lib/thumb/v6-m/nofp\libc_nano.a(lib_a-closer.o)
 .debug_frame   0x0000000000001108       0x68 c:/st/stm32cubeide_1.6.1/stm32cubeide/plugins/com.st.stm32cube.ide.mcu.externaltools.gnu-tools-for-stm32.10.3-2021.10.win32_1.0.0.202111181127/tools/bin/../lib/gcc/arm-none-eabi/10.3.1/../../../../arm-none-eabi/lib/thumb/v6-m/nofp\libc_nano.a(lib_a-fflush.o)
 .debug_frame   0x0000000000001170       0x2c c:/st/stm32cubeide_1.6.1/stm32cubeide/plugins/com.st.stm32cube.ide.mcu.externaltools.gnu-tools-for-stm32.10.3-2021.10.win32_1.0.0.202111181127/tools/bin/../lib/gcc/arm-none-eabi/10.3.1/../../../../arm-none-eabi/lib/thumb/v6-m/nofp\libc_nano.a(lib_a-lseekr.o)
 .debug_frame   0x000000000000119c       0x54 c:/st/stm32cubeide_1.6.1/stm32cubeide/plugins/com.st.stm32cube.ide.mcu.externaltools.gnu-tools-for-stm32.10.3-2021.10.win32_1.0.0.202111181127/tools/bin/../lib/gcc/arm-none-eabi/10.3.1/../../../../arm-none-eabi/lib/thumb/v6-m/nofp\libc_nano.a(lib_a-makebuf.o)
 .debug_frame   0x00000000000011f0       0x20 c:/st/stm32cubeide_1.6.1/stm32cubeide/plugins/com.st.stm32cube.ide.mcu.externaltools.gnu-tools-for-stm32.10.3-2021.10.win32_1.0.0.202111181127/tools/bin/../lib/gcc/arm-none-eabi/10.3.1/../../../../arm-none-eabi/lib/thumb/v6-m/nofp\libc_nano.a(lib_a-memchr-stub.o)
 .debug_frame   0x0000000000001210       0x40 c:/st/stm32cubeide_1.6.1/stm32cubeide/plugins/com.st.stm32cube.ide.mcu.externaltools.gnu-tools-for-stm32.10.3-2021.10.win32_1.0.0.202111181127/tools/bin/../lib/gcc/arm-none-eabi/10.3.1/../../../../arm-none-eabi/lib/thumb/v6-m/nofp\libc_nano.a(lib_a-mlock.o)
 .debug_frame   0x0000000000001250       0x2c c:/st/stm32cubeide_1.6.1/stm32cubeide/plugins/com.st.stm32cube.ide.mcu.externaltools.gnu-tools-for-stm32.10.3-2021.10.win32_1.0.0.202111181127/tools/bin/../lib/gcc/arm-none-eabi/10.3.1/../../../../arm-none-eabi/lib/thumb/v6-m/nofp\libc_nano.a(lib_a-nano-freer.o)
 .debug_frame   0x000000000000127c       0x2c c:/st/stm32cubeide_1.6.1/stm32cubeide/plugins/com.st.stm32cube.ide.mcu.externaltools.gnu-tools-for-stm32.10.3-2021.10.win32_1.0.0.202111181127/tools/bin/../lib/gcc/arm-none-eabi/10.3.1/../../../../arm-none-eabi/lib/thumb/v6-m/nofp\libc_nano.a(lib_a-readr.o)
 .debug_frame   0x00000000000012a8       0x48 c:/st/stm32cubeide_1.6.1/stm32cubeide/plugins/com.st.stm32cube.ide.mcu.externaltools.gnu-tools-for-stm32.10.3-2021.10.win32_1.0.0.202111181127/tools/bin/../lib/gcc/arm-none-eabi/10.3.1/../../../../arm-none-eabi/lib/thumb/v6-m/nofp\libc_nano.a(lib_a-reent.o)
 .debug_frame   0x00000000000012f0       0x2c c:/st/stm32cubeide_1.6.1/stm32cubeide/plugins/com.st.stm32cube.ide.mcu.externaltools.gnu-tools-for-stm32.10.3-2021.10.win32_1.0.0.202111181127/tools/bin/../lib/gcc/arm-none-eabi/10.3.1/../../../../arm-none-eabi/lib/thumb/v6-m/nofp\libc_nano.a(lib_a-fstatr.o)
 .debug_frame   0x000000000000131c       0x2c c:/st/stm32cubeide_1.6.1/stm32cubeide/plugins/com.st.stm32cube.ide.mcu.externaltools.gnu-tools-for-stm32.10.3-2021.10.win32_1.0.0.202111181127/tools/bin/../lib/gcc/arm-none-eabi/10.3.1/../../../../arm-none-eabi/lib/thumb/v6-m/nofp\libc_nano.a(lib_a-isattyr.o)
 .debug_frame   0x0000000000001348       0x20 c:/st/stm32cubeide_1.6.1/stm32cubeide/plugins/com.st.stm32cube.ide.mcu.externaltools.gnu-tools-for-stm32.10.3-2021.10.win32_1.0.0.202111181127/tools/bin/../lib/gcc/arm-none-eabi/10.3.1/thumb/v6-m/nofp\libgcc.a(_udivsi3.o)
