../Core/Src/command.c:40:6:append_int	32	static
../Core/Src/command.c:50:6:append_hex	16	static
../Core/Src/command.c:57:6:append_hex_long	16	static
../Core/Src/command.c:70:5:cmd_response	36	static
../Core/Src/command.c:145:12:sks_cmd_set_debug	16	static
../Core/Src/command.c:190:12:sks_cmd_set_empty	40	static
../Core/Src/command.c:162:12:sks_cmd_set_full	40	static
../Core/Src/command.c:366:12:sks_cmd_reset	16	static
../Core/Src/command.c:228:12:sks_cmd_disable_ema	32	static
../Core/Src/command.c:255:12:sks_cmd_interval	32	static
../Core/Src/command.c:385:12:sks_cmd_info	40	static
../Core/Src/command.c:281:12:sks_cmd_config	48	static
../Core/Src/command.c:87:5:append_sign	8	static
../Core/Src/command.c:93:5:append_time	24	static
../Core/Src/command.c:111:5:append_v9_command	16	static
../Core/Src/command.c:117:5:next_char	16	static
../Core/Src/command.c:336:12:sks_cmd_serial	40	static
../Core/Src/command.c:127:6:create_v3	16	static
../Core/Src/command.c:416:5:server_on_command	160	static
