../Core/Src/dvr_flash.c:14:6:FLASH_Lock	0	static
../Core/Src/dvr_flash.c:18:6:FLASH_Unlock	0	static
../Core/Src/dvr_flash.c:25:6:FLASH_OB_Unlock	0	static
../Core/Src/dvr_flash.c:36:6:FLASH_OB_Lock	0	static
../Core/Src/dvr_flash.c:44:14:FLASH_GetBankStatus	0	static
../Core/Src/dvr_flash.c:68:14:FLASH_GetBank1Status	8	static
../Core/Src/dvr_flash.c:89:14:FLASH_WaitForLastBank1Operation	8	static
../Core/Src/dvr_flash.c:107:14:FLASH_WaitForLastBankOperation	8	static
../Core/Src/dvr_flash.c:130:14:FLASH_ErasePage	8	static
../Core/Src/dvr_flash.c:145:14:FLASH_EraseAllPages	0	static
../Core/Src/dvr_flash.c:151:6:flashProgramDoubleWorld	0	static
../Core/Src/dvr_flash.c:154:14:FLASH_ProgramDoubleWord	32	static,ignoring_inline_asm
../Core/Src/dvr_flash.c:172:6:FLASH_ClearFlag	0	static
../Core/Src/dvr_flash.c:176:5:FlashWritePage	32	static
../Core/Src/dvr_flash.c:198:6:FLASH_ReadOutProtection	0	static
../Core/Src/dvr_flash.c:210:10:FLASH_GetReadOutProtectionStatus	0	static
