../Core/Src/KalmanFilter.c:41:6:Start_Kalman_Algorithm	56	static
../Core/Src/KalmanFilter.c:90:6:Execute_Kalman_Filter	96	static
../Core/Src/KalmanFilter.c:170:7:Kalman_GetPitch	0	static
../Core/Src/KalmanFilter.c:174:7:Kalman_GetRoll	0	static
../Core/Src/KalmanFilter.c:178:7:Kalman_Getyaw	0	static
../Core/Src/KalmanFilter.c:197:6:Kalman_Getyaw_execute	24	static
../Core/Src/KalmanFilter.c:217:6:Kalman_IncTick	0	static
../Core/Src/KalmanFilter.c:226:10:Kalman_GetTick	8	static
../Core/Src/KalmanFilter.c:232:6:Kalman_SetFlag	0	static
../Core/Src/KalmanFilter.c:236:9:Kalman_GetFlag	0	static
../Core/Src/KalmanFilter.c:240:6:Kalman_ClearFlag	0	static
../Core/Src/KalmanFilter.c:306:6:LSM6DS3_calibaration	0	static
