../Core/Src/MadgwickAHRS.c:214:14:Madgwick_invSqrt	16	static
../Core/Src/MadgwickAHRS.c:24:6:Madgwick_init	8	static
../Core/Src/MadgwickAHRS.c:140:6:Madgwick_updateIMU	112	static
../Core/Src/MadgwickAHRS.c:35:6:Madgwick_update	152	static
../Core/Src/MadgwickAHRS.c:225:6:Madgwick_computeAngles	32	static
../Core/Src/MadgwickAHRS.c:233:11:Madgwick_getRoll	8	static
../Core/Src/MadgwickAHRS.c:237:11:Madgwick_getPitch	8	static
../Core/Src/MadgwickAHRS.c:241:11:Madgwick_getYaw	8	static
../Core/Src/MadgwickAHRS.c:247:11:Madgwick_getRollRadians	8	static
../Core/Src/MadgwickAHRS.c:251:11:Madgwick_getPitchRadians	8	static
../Core/Src/MadgwickAHRS.c:255:11:Madgwick_getYawRadians	8	static
../Core/Src/MadgwickAHRS.c:259:11:getPitch	24	static
../Core/Src/MadgwickAHRS.c:262:11:getRoll	8	static
../Core/Src/MadgwickAHRS.c:265:11:getYaw	24	static
